Timestamp: 2026-06-15_10-49-20
Mode: cargo
Crate: kernel
Directory: N/A
Module: hal::mem::types::address::aligned::page
Exit code: 101
0 verified
compilation/setup error (verus did not run)

Cheating patterns:
  assume=0
  external_body=23
  admit=0
  trusted=0
  no_decreases=0
  cfg_gate=9

--- Full output ---
    Checking kernel v0.16.17 (/home/ruize/nanvix-phy/src/kernel)
error[E0252]: the name `spec_page_size` is defined multiple times
   --> src/kernel/src/hal/mem/types/address/aligned/page.spec.rs:32:5
    |
 32 | use crate::hal::mem::spec_page_size;
    |     ^^^^^^^^^^^^^^^^^^^^^^^^^^^^^^^ `spec_page_size` reimported here
    |
   ::: src/kernel/src/hal/mem/types/address/aligned/page.rs:210:5
    |
210 | use crate::hal::mem::spec_page_size;
    |     ------------------------------- previous import of the value `spec_page_size` here
    |
    = note: `spec_page_size` must be defined only once in the value namespace of this module

For more information about this error, try `rustc --explain E0252`.
error: could not compile `kernel` (bin "kernel") due to 1 previous error
