Timestamp: 2026-06-15_16-43-49
Mode: cargo
Crate: kernel
Directory: N/A
Module: hal::mem::types::address::frame
Exit code: 101
0 verified
compilation/setup error (verus did not run)

Cheating patterns:
  assume=0
  external_body=24
  admit=1
  trusted=0
  no_decreases=0
  cfg_gate=6

--- Full output ---
    Checking kernel v0.16.17 (/home/ruize/nanvix-phy/src/kernel)
error: found a cyclic self-reference in a definition, which may result in nontermination
   --> src/kernel/src/hal/mem/types/address/frame.spec.rs:106:1
    |
106 | / pub assume_specification[ <PhysicalAddress as Address>::from_raw_value ](
107 | |     value: usize,
108 | | ) -> (result: Result<PhysicalAddress, ::sys::error::Error>)
    | |__________________________________________________________^ may be part of cycle (node 1 of 3 in cycle): function definition, whose body may have dependencies
...
112 |                   && spec_frame_number(spec_addr(&r)) <= spec_max_frame_number(),
    |                                        ------------- may be part of cycle (node 2 of 3 in cycle): application of a function to some type arguments, which may depend on other trait implementations to satisfy trait bounds
    |
   ::: src/kernel/src/hal/mem/types/address/phys.rs:215:1
    |
215 |   impl Address for PhysicalAddress {
    |   -------------------------------- may be part of cycle (node 3 of 3 in cycle): implementation of trait for a type

error: could not compile `kernel` (bin "kernel") due to 1 previous error
