Timestamp: 2026-06-14_04-03-40
Mode: cargo
Crate: kernel
Directory: N/A
Module: <all>
Exit code: 0
cached (no recompilation)
—

Cheating patterns:
  assume=0
  external_body=14
  admit=24
  trusted=0
  no_decreases=0
  cfg_gate=17

--- Full output ---
note: verifying module mm::phys

note: verifying module mm::phys::frame

note: verifying module mm::phys::kframe

note: verifying module mm::phys::manager

note: verifying module mm::phys::upool

    Finished `dev` profile [optimized + debuginfo] target(s) in 0.23s
