Timestamp: 2026-06-15_19-46-46
Mode: cargo
Crate: kernel
Directory: N/A
Module: mm::virt::manager
Exit code: 101
0 verified
compilation/setup error (verus did not run)

Cheating patterns:
  assume=0
  external_body=66
  admit=0
  trusted=0
  no_decreases=0
  cfg_gate=62

--- Full output ---
    Checking kernel v0.16.48 (/home/ruize/nanvix-virt/src/kernel)
error[E0308]: mismatched types
    --> src/kernel/src/mm/virt/manager.spec.rs:97:79
     |
  97 |     Set::new(|v: nat| base <= v && v < base + n * page_size() && (v - base) % page_size() == 0)
     |                                                                  -------------^^^^^^^^^^^
     |                                                                  |            |
     |                                                                  |            expected `int`, found `nat`
     |                                                                  arguments to this method are incorrect
     |
help: the return type of this call is `vstd::prelude::nat` due to the type of the argument passed
    --> src/kernel/src/mm/virt/manager.spec.rs:97:66
     |
  97 |     Set::new(|v: nat| base <= v && v < base + n * page_size() && (v - base) % page_size() == 0)
     |                                                                  ^^^^^^^^^^^^^-----------
     |                                                                               |
     |                                                                               this argument influences the return type of `spec_euclidean_mod`
note: method defined here
    --> /home/ruize/.cargo/git/checkouts/verus-e4ebf515fa1de14c/2769117/source/builtin/src/lib.rs:1279:8
     |
1279 |     fn spec_euclidean_mod(self, rhs: Rhs) -> Self::Output;
     |        ^^^^^^^^^^^^^^^^^^

error[E0308]: mismatched types
  --> src/kernel/src/mm/virt/manager.spec.rs:97:5
   |
96 | pub open spec fn page_run(base: nat, n: nat) -> Set<nat> {
   |                                                 -------- expected `vstd::set::Set<vstd::prelude::nat>` because of return type
97 |     Set::new(|v: nat| base <= v && v < base + n * page_size() && (v - base) % page_size() == 0)
   |     ^^^^^^^^^^^^^^^^^^^^^^^^^^^^^^^^^^^^^^^^^^^^^^^^^^^^^^^^^^^^^^^^^^^^^^^^^^^^^^^^^^^^^^^^^^^ expected `Set<nat>`, found `Option<Set<nat>>`
   |
   = note: expected struct `vstd::set::Set<_>`
                found enum `core::option::Option<vstd::set::Set<_>>`
help: consider using `Option::expect` to unwrap the `core::option::Option<vstd::set::Set<vstd::prelude::nat>>` value, panicking if the value is an `Option::None`
   |
97 |     Set::new(|v: nat| base <= v && v < base + n * page_size() && (v - base) % page_size() == 0).expect("REASON")
   |                                                                                                +++++++++++++++++

For more information about this error, try `rustc --explain E0308`.
error: could not compile `kernel` (bin "kernel") due to 2 previous errors
