Timestamp: 2026-06-15_06-05-32
Mode: cargo
Crate: kernel
Directory: N/A
Module: mm::phys
Exit code: 101
0 verified
compilation/setup error (verus did not run)

Cheating patterns:
  assume=0
  external_body=25
  admit=0
  trusted=0
  no_decreases=0
  cfg_gate=9

--- Full output ---
    Checking kernel v0.16.17 (/home/ruize/nanvix-phy/src/kernel)
error: Verus does not support this cast: `usize` to `*mut u8`
   --> src/kernel/src/mm/phys/kframe.rs:136:29
    |
136 |         let base: *mut u8 = self.base.into_raw_value() as *mut u8;
    |                             ^^^^^^^^^^^^^^^^^^^^^^^^^^^^^^^^^^^^^

error: could not compile `kernel` (bin "kernel") due to 1 previous error
