Timestamp: 2026-06-14_06-29-27
Mode: cargo
Crate: kernel
Directory: N/A
Module: hal::platform::microvm
Exit code: 0
1 verified
0 errors

Cheating patterns:
  assume=0
  external_body=14
  admit=26
  trusted=0
  no_decreases=0
  cfg_gate=15

--- Full output ---
    Checking kernel v0.16.17 (/home/ruize/nanvix-phy/src/kernel)
note: verifying module hal::platform::microvm

verification results:: 1 verified, 0 errors (partial verification with `--verify-*`)
    Finished `dev` profile [optimized + debuginfo] target(s) in 2.49s
