Timestamp: 2026-06-14_07-48-48
Mode: cargo
Crate: kernel
Directory: N/A
Module: <all>
Exit code: 0
66 verified
0 errors

Cheating patterns:
  assume=0
  external_body=12
  admit=28
  trusted=0
  no_decreases=0
  cfg_gate=15

--- Full output ---
    Checking sys v0.16.17 (/home/ruize/nanvix-phy/src/libs/sys)
verification results:: 6 verified, 0 errors
    Checking raw-array v0.16.17 (/home/ruize/nanvix-phy/src/libs/raw-array)
    Checking arch v0.16.17 (/home/ruize/nanvix-phy/src/libs/arch)
    Checking elf v0.16.17 (/home/ruize/nanvix-phy/src/libs/elf)
verification results:: 0 verified, 0 errors
    Checking bitmap v0.16.17 (/home/ruize/nanvix-phy/src/libs/bitmap)
verification results:: 70 verified, 0 errors
    Checking nanvix-slab v0.16.17 (/home/ruize/nanvix-phy/src/libs/slab)
verification results:: 35 verified, 0 errors
    Checking kernel v0.16.17 (/home/ruize/nanvix-phy/src/kernel)
verification results:: 66 verified, 0 errors
    Finished `dev` profile [optimized + debuginfo] target(s) in 9.41s
