Timestamp: 2026-06-14_08-36-50
Mode: cargo
Crate: kernel
Directory: N/A
Module: <all>
Exit code: 0
66 verified
0 errors

Cheating patterns:
  assume=0
  external_body=11
  admit=28
  trusted=0
  no_decreases=0
  cfg_gate=15

--- Full output ---
    Checking arch v0.16.17 (/home/ruize/nanvix-phy/src/libs/arch)
warning: verus-related attribute has no effect because item is already marked external
  --> src/libs/arch/src/x86/mem/paging/frame/number.rs:38:5
   |
38 |     pub const MAX: usize = mem::MAX_ADDRESS / mem::FRAME_SIZE - 1;
   |     ^^^^^^^^^^^^^^^^^^^^^^^^^^^^^^^^^^^^^^^^^^^^^^^^^^^^^^^^^^^^^^

verification results:: 4 verified, 0 errors
warning: `arch` (lib) generated 1 warning
    Checking kernel v0.16.17 (/home/ruize/nanvix-phy/src/kernel)
verification results:: 66 verified, 0 errors
    Finished `dev` profile [optimized + debuginfo] target(s) in 4.46s
