Timestamp: 2026-06-15_05-14-42
Mode: cargo
Crate: kernel
Directory: N/A
Module: mm::phys
Exit code: 101
0 verified
compilation/setup error (verus did not run)

Cheating patterns:
  assume=0
  external_body=25
  admit=0
  trusted=0
  no_decreases=0
  cfg_gate=9

--- Full output ---
    Checking kernel v0.16.17 (/home/ruize/nanvix-phy/src/kernel)
error: Unsupported constant type
   --> src/kernel/src/macros.rs:188:12
    |
188 |               let _ = write!(
    |  _____________________^
189 | |                 &mut crate::klog::Klog::get(
190 | |                     module_path!(),
191 | |                     crate::klog::KlogLevel::Error,
...   |
194 | |                 $($arg)*
195 | |             );
    | |_____________^
    |
   ::: src/kernel/src/mm/phys/upool.rs:217:13
    |
217 |               error!("failed to free user frame: {:?}", e);
    |               -------------------------------------------- in this macro invocation
    |
    = note: this error originates in the macro `write` which comes from the expansion of the macro `error` (in Nightly builds, run with -Z macro-backtrace for more info)

error: could not compile `kernel` (bin "kernel") due to 1 previous error
