Timestamp: 2026-06-15_11-25-57
Mode: cargo
Crate: kernel
Directory: N/A
Module: hal::mem::types::address::frame
Exit code: 0
5 verified
0 errors

Cheating patterns:
  assume=0
  external_body=20
  admit=12
  trusted=0
  no_decreases=0
  cfg_gate=19

--- Full output ---
    Checking kernel v0.16.17 (/home/ruize/nanvix-phy-specs/src/kernel)
note: verifying module hal::mem::types::address::frame

verification results:: 5 verified, 0 errors (partial verification with `--verify-*`)
    Finished `dev` profile [optimized + debuginfo] target(s) in 3.05s
