Timestamp: 2026-06-14_04-39-00
Mode: cargo
Crate: kernel
Directory: N/A
Module: hal::mem::types::address::aligned::page
Exit code: 101
35 verified
0 errors

Cheating patterns:
  assume=0
  external_body=14
  admit=24
  trusted=0
  no_decreases=0
  cfg_gate=16

--- Full output ---
    Checking sys v0.16.17 (/home/ruize/nanvix-phy/src/libs/sys)
verification results:: 4 verified, 0 errors
    Checking raw-array v0.16.17 (/home/ruize/nanvix-phy/src/libs/raw-array)
    Checking arch v0.16.17 (/home/ruize/nanvix-phy/src/libs/arch)
    Checking elf v0.16.17 (/home/ruize/nanvix-phy/src/libs/elf)
verification results:: 0 verified, 0 errors
    Checking bitmap v0.16.17 (/home/ruize/nanvix-phy/src/libs/bitmap)
verification results:: 70 verified, 0 errors
    Checking nanvix-slab v0.16.17 (/home/ruize/nanvix-phy/src/libs/slab)
verification results:: 35 verified, 0 errors
    Checking kernel v0.16.17 (/home/ruize/nanvix-phy/src/kernel)
error: cannot use type `kernel::hal::mem::types::address::aligned::pgtab::PageTableAligned` which is ignored because it is either declared outside the verus! macro or it is marked as `external`.
   --> src/kernel/src/hal/mem/types/address/aligned/pgtab.rs:182:25
    |
178 | / impl<T: Address + View<V = int>> View for PageTableAligned<T>
179 | | {
180 | |     type V = int;
    | |     -------------
181 | |
182 | |     closed spec fn view(&self) -> int
    | |                         ^^^^^
183 | |     {
184 | |         self.0@
    | |         ------
185 | |     }
186 | | }
    | |_-
    |
    = help: The following declaration may resolve this error:
            #[verifier::reject_recursive_types(T)]
            #[verifier::external_type_specification]
            pub struct ExPageTableAligned<T>(crate::hal::mem::types::address::aligned::pgtab::PageTableAligned<T>)
            where
            T: sys::mm::Address,;

error: could not compile `kernel` (bin "kernel") due to 1 previous error
