Timestamp: 2026-06-15_05-55-20
Mode: cargo
Crate: kernel
Directory: N/A
Module: <all>
Exit code: 0
77 verified
0 errors

Cheating patterns:
  assume=0
  external_body=11
  admit=27
  trusted=0
  no_decreases=0
  cfg_gate=14

--- Full output ---
    Checking sys v0.16.17 (/home/ruize/nanvix-phy-specs-bottom-up/src/libs/sys)
verification results:: 6 verified, 0 errors
    Checking raw-array v0.16.17 (/home/ruize/nanvix-phy-specs-bottom-up/src/libs/raw-array)
    Checking arch v0.16.17 (/home/ruize/nanvix-phy-specs-bottom-up/src/libs/arch)
    Checking elf v0.16.17 (/home/ruize/nanvix-phy-specs-bottom-up/src/libs/elf)
verification results:: 0 verified, 0 errors
    Checking bitmap v0.16.17 (/home/ruize/nanvix-phy-specs-bottom-up/src/libs/bitmap)
verification results:: 47 verified, 0 errors
verification results:: 70 verified, 0 errors
    Checking nanvix-slab v0.16.17 (/home/ruize/nanvix-phy-specs-bottom-up/src/libs/slab)
verification results:: 35 verified, 0 errors
    Checking kernel v0.16.17 (/home/ruize/nanvix-phy-specs-bottom-up/src/kernel)
verification results:: 77 verified, 0 errors
    Finished `dev` profile [optimized + debuginfo] target(s) in 9.21s
