Timestamp: 2026-06-15_02-27-21
Mode: cargo
Crate: kernel
Directory: N/A
Module: mm::phys
Exit code: 101
0 verified
compilation/setup error (verus did not run)

Cheating patterns:
  assume=0
  external_body=17
  admit=7
  trusted=0
  no_decreases=0
  cfg_gate=5

--- Full output ---
    Checking kernel v0.16.17 (/home/ruize/nanvix-phy/src/kernel)
error: in 'ensures' clause of public function, cannot refer to private function
   --> src/kernel/src/mm/phys/mod.rs:168:9
    |
168 |         phys_view().inv(),
    |         ^^^^^^^^^^^

error: could not compile `kernel` (bin "kernel") due to 1 previous error
