Timestamp: 2026-06-15_11-24-21
Mode: cargo
Crate: kernel
Directory: N/A
Module: hal::mem::types::address
Exit code: 101
0 verified
compilation/setup error (verus did not run)

Cheating patterns:
  assume=0
  external_body=19
  admit=12
  trusted=0
  no_decreases=0
  cfg_gate=19

--- Full output ---
    Checking kernel v0.16.17 (/home/ruize/nanvix-phy-specs/src/kernel)
error: could not find module hal::mem::types::address specified by --verify-module or --verify-only-module
       available modules are:
       - hal::mem::types::address::aligned::page
       - hal::mem::types::address::aligned::pgtab
       - hal::mem::types::address::frame
       - hal::mem::types::address::phys
       - hal::mem::types::region
       - hal::platform::microvm
       - mm::phys
       - mm::phys::frame
       - mm::phys::kframe
       - mm::phys::manager
       - mm::phys::upool
       - mm::virt::identity_map
       - mm::virt::page_table_allocator
       or use --verify-root

error: could not compile `kernel` (bin "kernel") due to 1 previous error
