Timestamp: 2026-06-15_03-45-31
Mode: cargo
Crate: kernel
Directory: N/A
Module: mm::phys
Exit code: 101
0 verified
compilation/setup error (verus did not run)

Cheating patterns:
  assume=0
  external_body=22
  admit=2
  trusted=0
  no_decreases=0
  cfg_gate=7

--- Full output ---
    Checking kernel v0.16.17 (/home/ruize/nanvix-phy/src/kernel)
error[E0252]: the name `KernelFrame` is defined multiple times
  --> src/kernel/src/mm/phys/manager.spec.rs:24:5
   |
24 |     KernelFrame,
   |     ^^^^^^^^^^^-
   |     |
   |     `KernelFrame` reimported here
   |     help: remove unnecessary import
   |
  ::: src/kernel/src/mm/phys/manager.rs:18:9
   |
18 |         kframe::KernelFrame,
   |         ------------------- previous import of the type `KernelFrame` here
   |
   = note: `KernelFrame` must be defined only once in the type namespace of this module

For more information about this error, try `rustc --explain E0252`.
error: could not compile `kernel` (bin "kernel") due to 1 previous error
