Timestamp: 2026-06-15_17-41-55
Mode: cargo
Crate: kernel
Directory: N/A
Module: mm::virt::vmem
Exit code: 101
0 verified
compilation/setup error (verus did not run)

Cheating patterns:
  assume=0
  external_body=1
  admit=0
  trusted=0
  no_decreases=0
  cfg_gate=1

--- Full output ---
    Checking kernel v0.16.48 (/home/ruize/nanvix-virt/src/kernel)
error[E0117]: only traits defined in the current crate can be implemented for types defined outside of the crate
 --> src/kernel/src/mm/virt/vmem.spec.rs:8:1
  |
8 | impl View for VirtualAddress {
  | ^^^^^^^^^^^^^^--------------
  |               |
  |               `sys::mm::VirtualAddress` is not defined in the current crate
  |
  = note: impl doesn't have any local type before any uncovered type parameters
  = note: for more information see https://doc.rust-lang.org/reference/items/implementations.html#orphan-rules
  = note: define and implement a trait or new type instead

For more information about this error, try `rustc --explain E0117`.
error: could not compile `kernel` (bin "kernel") due to 1 previous error
