Timestamp: 2026-06-15_01-08-40
Mode: cargo
Crate: kernel
Directory: N/A
Module: mm::phys
Exit code: 0
39 verified
0 errors

Cheating patterns:
  assume=0
  external_body=18
  admit=27
  trusted=0
  no_decreases=0
  cfg_gate=15

--- Full output ---
    Checking kernel v0.16.17 (/home/ruize/nanvix-phy-specs/src/kernel)
note: verifying module mm::phys

note: verifying module mm::phys::frame

note: verifying module mm::phys::kframe

note: verifying module mm::phys::manager

note: verifying module mm::phys::upool

verification results:: 39 verified, 0 errors (partial verification with `--verify-*`)
    Finished `dev` profile [optimized + debuginfo] target(s) in 2.82s
