Timestamp: 2026-06-15_02-18-03
Mode: cargo
Crate: kernel
Directory: N/A
Module: mm::phys
Exit code: 101
41 verified
1 errors

Cheating patterns:
  assume=0
  external_body=18
  admit=23
  trusted=0
  no_decreases=0
  cfg_gate=15

--- Full output ---
    Checking kernel v0.16.17 (/home/ruize/nanvix-phy-specs/src/kernel)
note: verifying module mm::phys

note: verifying module mm::phys::frame

note: verifying module mm::phys::kframe

note: verifying module mm::phys::manager

note: verifying module mm::phys::upool

error: postcondition not satisfied
  --> src/kernel/src/mm/phys/manager.proof.rs:14:9
   |
12 | pub proof fn lemma_manager_attached(m: &PhysMemoryManager)
   | ---------------------------------------------------------- at the end of the function body
13 |     ensures
14 |         m@ == phys_view().frames,
   |         ^^^^^^^^^^^^^^^^^^^^^^^^ failed this postcondition

verification results:: 41 verified, 1 errors (partial verification with `--verify-*`)
error: could not compile `kernel` (bin "kernel") due to 1 previous error
