Timestamp: 2026-06-15_08-09-36
Mode: cargo
Crate: kernel
Directory: N/A
Module: mm::phys
Exit code: 101
46 verified
1 errors

Cheating patterns:
  assume=0
  external_body=11
  admit=26
  trusted=0
  no_decreases=0
  cfg_gate=13

--- Full output ---
    Checking kernel v0.16.17 (/home/ruize/nanvix-phy-specs-bottom-up/src/kernel)
note: verifying module mm::phys

note: verifying module mm::phys::frame

note: verifying module mm::phys::kframe

note: verifying module mm::phys::manager

note: verifying module mm::phys::upool

note: function body check: not all errors may have been reported; rerun with a higher value for --multiple-errors to find other potential errors in this function
   --> src/kernel/src/mm/phys/frame.rs:535:5
    |
535 |     fn is_covered(&self, phys_addr: PageAligned<PhysicalAddress>) -> bool {
    |     ^^^^^^^^^^^^^^^^^^^^^^^^^^^^^^^^^^^^^^^^^^^^^^^^^^^^^^^^^^^^^^^^^^^^^

error: postcondition not satisfied
   --> src/kernel/src/mm/phys/frame.rs:530:13
    |
530 | /             ret <==> (
531 | |                 self@.allocated_frames.contains(phys_addr@)
532 | |                 || self@.free_frames.contains(phys_addr@)
533 | |             ),
    | |_____________^ failed this postcondition
...
537 |           frame_number < self.bitmap.number_of_bits()
    |           ------------------------------------------- at the end of the function body

error: precondition not satisfied
   --> src/kernel/src/mm/phys/frame.rs:536:35
    |
536 |         let frame_number: usize = phys_addr.into_frame_number().into_raw_value();
    |                                   ^^^^^^^^^^^^^^^^^^^^^^^^^^^^^
    |
   ::: src/kernel/src/hal/mem/types/address/phys.rs:161:13
    |
161 |             self.inv(),
    |             ---------- failed precondition

verification results:: 46 verified, 1 errors (partial verification with `--verify-*`)
error: could not compile `kernel` (bin "kernel") due to 2 previous errors
