Timestamp: 2026-06-15_11-56-19
Mode: cargo
Crate: kernel
Directory: N/A
Module: mm::phys::kframe
Exit code: 101
0 verified
compilation/setup error (verus did not run)

Cheating patterns:
  assume=0
  external_body=15
  admit=7
  trusted=0
  no_decreases=0
  cfg_gate=12

--- Full output ---
    Checking kernel v0.16.17 (/home/ruize/nanvix-phy-specs-bottom-up/src/kernel)
error: cannot use function `kernel::mm::phys::kframe::KernelFrame::map_frame` which is ignored because it is either declared outside the verus! macro or it is marked as `external`.
  --> src/kernel/src/mm/phys/kframe.rs:85:9
   |
85 |         Self::map_frame(base)?;
   |         ^^^^^^^^^^^^^^^^^^^^^
   |
   = help: The following declaration may resolve this error:
           assume_specification [crate::mm::phys::kframe::KernelFrame::map_frame] (_0: crate::hal::mem::types::address::frame::FrameAddress) -> core::result::Result<(), sys::error::Error>;

error: could not compile `kernel` (bin "kernel") due to 1 previous error
