Timestamp: 2026-06-16_01-20-46
Mode: cargo
Crate: kernel
Directory: N/A
Module: mm::virt::vmem
Exit code: 0
0 verified
0 errors

Cheating patterns:
  assume=0
  external_body=64
  admit=0
  trusted=0
  no_decreases=0
  cfg_gate=61

--- Full output ---
    Checking kernel v0.16.48 (/home/ruize/nanvix-virt/src/kernel)
note: verifying module mm::virt::vmem

verification results:: 0 verified, 0 errors (partial verification with `--verify-*`)
    Finished `dev` profile [optimized + debuginfo] target(s) in 2.23s
