Timestamp: 2026-06-15_09-17-41
Mode: cargo
Crate: kernel
Directory: N/A
Module: mm::phys
Exit code: 101
0 verified
compilation/setup error (verus did not run)

Cheating patterns:
  assume=0
  external_body=17
  admit=15
  trusted=0
  no_decreases=0
  cfg_gate=13

--- Full output ---
    Checking kernel v0.16.17 (/home/ruize/nanvix-phy-specs-bottom-up/src/kernel)
error[E0433]: cannot find type `BitmapView` in this scope
   --> src/kernel/src/mm/phys/frame.proof.rs:697:13
    |
697 |             BitmapView::range_set(lo, hi)),
    |             ^^^^^^^^^^ use of undeclared type `BitmapView`
    |
help: consider importing this struct
   --> src/kernel/src/mm/phys/frame.rs:17:1
    |
 17 + use bitmap::BitmapView;
    |

error[E0433]: cannot find type `BitmapView` in this scope
   --> src/kernel/src/mm/phys/frame.proof.rs:719:16
    |
719 |         assert(BitmapView::range_set(lo, hi).contains(i) == (lo <= i < hi));
    |                ^^^^^^^^^^ use of undeclared type `BitmapView`
    |
help: consider importing this struct
   --> src/kernel/src/mm/phys/frame.rs:17:1
    |
 17 + use bitmap::BitmapView;
    |

For more information about this error, try `rustc --explain E0433`.
error: could not compile `kernel` (bin "kernel") due to 2 previous errors
