Timestamp: 2026-06-15_06-35-12
Mode: cargo
Crate: kernel
Directory: N/A
Module: mm::phys
Exit code: 101
0 verified
compilation/setup error (verus did not run)

Cheating patterns:
  assume=0
  external_body=19
  admit=18
  trusted=0
  no_decreases=0
  cfg_gate=15

--- Full output ---
    Checking kernel v0.16.17 (/home/ruize/nanvix-phy-specs/src/kernel)
error[E0425]: cannot find function `spec_max_frame_number` in this scope
   --> src/kernel/src/mm/phys/frame.rs:195:35
    |
195 |                     assert(idx <= spec_max_frame_number());
    |                                   ^^^^^^^^^^^^^^^^^^^^^ not found in this scope
    |
help: consider importing this function through its public re-export
    |
 17 + use crate::hal::mem::spec_max_frame_number;
    |

For more information about this error, try `rustc --explain E0425`.
error: could not compile `kernel` (bin "kernel") due to 1 previous error
