Timestamp: 2026-06-14_06-06-57
Mode: cargo
Crate: kernel
Directory: N/A
Module: hal::mem::types::region
Exit code: 101
0 verified
compilation/setup error (verus did not run)

Cheating patterns:
  assume=0
  external_body=14
  admit=27
  trusted=0
  no_decreases=0
  cfg_gate=15

--- Full output ---
    Checking kernel v0.16.17 (/home/ruize/nanvix-phy/src/kernel)
error: duplicate specification for `kernel::hal::mem::types::region::TruncatedMemoryRegion::start`
   --> src/kernel/src/hal/mem/types/region.rs:382:5
    |
382 |       pub fn start(&self) -> PageAligned<T> {
    |       ^^^^^^^^^^^^^^^^^^^^^^^^^^^^^^^^^^^^^ declared here (and not marked as `external`)
    |
   ::: src/kernel/src/mm/phys/frame.spec.rs:39:1
    |
 39 | / pub assume_specification<T: ::sys::mm::Address>[ crate::hal::mem::TruncatedMemoryRegion::<T>::start ](
 40 | |     _r: &crate::hal::mem::TruncatedMemoryRegion<T>,
 41 | | ) -> crate::hal::mem::PageAligned<T>;
    | |____________________________________^ specification declared via `assume_specification`

error: could not compile `kernel` (bin "kernel") due to 1 previous error
