Timestamp: 2026-06-14_05-09-38
Mode: cargo
Crate: kernel
Directory: N/A
Module: <all>
Exit code: 0
50 verified
0 errors

Cheating patterns:
  assume=0
  external_body=14
  admit=24
  trusted=0
  no_decreases=0
  cfg_gate=16

--- Full output ---
    Checking sys v0.16.17 (/home/ruize/nanvix-phy/src/libs/sys)
verification results:: 4 verified, 0 errors
    Checking raw-array v0.16.17 (/home/ruize/nanvix-phy/src/libs/raw-array)
    Checking arch v0.16.17 (/home/ruize/nanvix-phy/src/libs/arch)
    Checking elf v0.16.17 (/home/ruize/nanvix-phy/src/libs/elf)
verification results:: 0 verified, 0 errors
    Checking bitmap v0.16.17 (/home/ruize/nanvix-phy/src/libs/bitmap)
verification results:: 70 verified, 0 errors
    Checking nanvix-slab v0.16.17 (/home/ruize/nanvix-phy/src/libs/slab)
verification results:: 35 verified, 0 errors
    Checking kernel v0.16.17 (/home/ruize/nanvix-phy/src/kernel)
verification results:: 50 verified, 0 errors
    Finished `dev` profile [optimized + debuginfo] target(s) in 9.04s
