Timestamp: 2026-06-14_01-58-34
Mode: cargo
Crate: kernel
Directory: N/A
Module: mm::phys
Exit code: 101
17 verified
2 errors

Cheating patterns:
  assume=0
  external_body=24
  admit=10
  trusted=0
  no_decreases=0
  cfg_gate=10

--- Full output ---
    Checking kernel v0.16.17 (/home/ruize/nanvix-phy/src/kernel)
note: verifying module mm::phys

note: verifying module mm::phys::frame

note: verifying module mm::phys::kframe

note: verifying module mm::phys::manager

note: verifying module mm::phys::upool

note: while loop: not all errors may have been reported; rerun with a higher value for --multiple-errors to find other potential errors in this function
   --> src/kernel/src/mm/phys/manager.rs:231:9
    |
231 | /         #[cfg_attr(verus_keep_ghost, verus_spec(
232 | |             invariant
233 | |                 self@.wf(),
234 | |         ))]
...   |
246 | |         }
    | |_________^

error: postcondition not satisfied
   --> src/kernel/src/mm/phys/manager.rs:181:17
    |
181 |                 Ok(()) => {
    |                 ^^^^^^ failed this postcondition
...
243 |                     return Err(error);
    |                     ----------------- at this exit

error: precondition not satisfied
   --> src/kernel/src/mm/phys/manager.rs:241:25
    |
241 |                         lemma_user_bulk_err_restored(self, g_old);
    |                         ^^^^^^^^^^^^^^^^^^^^^^^^^^^^^^^^^^^^^^^^^
    |
   ::: src/kernel/src/mm/phys/manager.proof.rs:109:9
    |
109 |         pre.wf(),
    |         -------- failed precondition

note: while loop: not all errors may have been reported; rerun with a higher value for --multiple-errors to find other potential errors in this function
   --> src/kernel/src/mm/phys/manager.rs:445:9
    |
445 | /         #[cfg_attr(verus_keep_ghost, verus_spec(
446 | |             invariant
447 | |                 base_raw as int == base_addr@,
448 | |                 base_raw as int + (count as int) * spec_page_size() <= usize::MAX as int,
...   |
485 | |         }
    | |_________^

error: postcondition not satisfied
   --> src/kernel/src/mm/phys/manager.rs:407:13
    |
407 |             final(self).inv(),
    |             ^^^^^^^^^^^^^^^^^ failed this postcondition
...
482 |                     return Err(e);
    |                     ------------- at this exit

error: precondition not satisfied
   --> src/kernel/src/mm/phys/manager.rs:480:25
    |
480 |                         lemma_kernel_bulk_err_restored(self, g_old);
    |                         ^^^^^^^^^^^^^^^^^^^^^^^^^^^^^^^^^^^^^^^^^^^
    |
   ::: src/kernel/src/mm/phys/manager.proof.rs:119:9
    |
119 |         pre.wf(),
    |         -------- failed precondition

verification results:: 17 verified, 2 errors (partial verification with `--verify-*`)
error: could not compile `kernel` (bin "kernel") due to 4 previous errors
