Timestamp: 2026-06-15_21-15-22
Mode: cargo
Crate: kernel
Directory: N/A
Module: mm::virt::identity_map
Exit code: 0
4 verified
0 errors

Cheating patterns:
  assume=0
  external_body=29
  admit=0
  trusted=0
  no_decreases=0
  cfg_gate=6

--- Full output ---
    Checking kernel v0.16.17 (/home/ruize/nanvix-phy/src/kernel)
note: verifying module mm::virt::identity_map

verification results:: 4 verified, 0 errors (partial verification with `--verify-*`)
    Finished `dev` profile [optimized + debuginfo] target(s) in 2.36s
