Timestamp: 2026-06-15_03-23-12
Mode: cargo
Crate: kernel
Directory: N/A
Module: mm::phys
Exit code: 101
0 verified
compilation/setup error (verus did not run)

Cheating patterns:
  assume=0
  external_body=16
  admit=0
  trusted=0
  no_decreases=0
  cfg_gate=5

--- Full output ---
    Checking kernel v0.16.17 (/home/ruize/nanvix-phy/src/kernel)
error: cannot use function `kernel::mm::phys::manager::PhysMemoryManager::init` which is ignored because it is either declared outside the verus! macro or it is marked as `external`.
   --> src/kernel/src/mm/phys/mod.rs:201:5
    |
201 |     PhysMemoryManager::init(upool)?;
    |     ^^^^^^^^^^^^^^^^^^^^^^^^^^^^^^
    |
    = help: The following declaration may resolve this error:
            assume_specification [crate::mm::phys::manager::PhysMemoryManager::init] (_0: crate::mm::phys::upool::Upool) -> core::result::Result<(), sys::error::Error>;

error: could not compile `kernel` (bin "kernel") due to 1 previous error
