Timestamp: 2026-06-15_12-00-34
Mode: cargo
Crate: kernel
Directory: N/A
Module: mm::phys::kframe
Exit code: 0
3 verified
0 errors

Cheating patterns:
  assume=0
  external_body=15
  admit=7
  trusted=0
  no_decreases=0
  cfg_gate=12

--- Full output ---
    Checking kernel v0.16.17 (/home/ruize/nanvix-phy-specs-bottom-up/src/kernel)
note: verifying module mm::phys::kframe

verification results:: 3 verified, 0 errors (partial verification with `--verify-*`)
    Finished `dev` profile [optimized + debuginfo] target(s) in 3.75s
