Timestamp: 2026-06-15_07-09-56
Mode: cargo
Crate: kernel
Directory: N/A
Module: mm::phys
Exit code: 101
0 verified
compilation/setup error (verus did not run)

Cheating patterns:
  assume=0
  external_body=19
  admit=16
  trusted=0
  no_decreases=0
  cfg_gate=19

--- Full output ---
    Checking kernel v0.16.17 (/home/ruize/nanvix-phy-specs/src/kernel)
error[E0425]: cannot find function `lemma_mul_nonpositive` in module `vstd::arithmetic::mul`
   --> src/kernel/src/mm/phys/frame.proof.rs:170:36
    |
170 |             vstd::arithmetic::mul::lemma_mul_nonpositive(ps, size / ps);
    |                                    ^^^^^^^^^^^^^^^^^^^^^
    |
   ::: /home/ruize/.cargo/registry/src/index.crates.io-1949cf8c6b5b557f/vstd-0.0.0-2026-05-31-0205/arithmetic/mul.rs:390:1
    |
390 | pub broadcast proof fn lemma_mul_nonnegative(x: int, y: int)
    | ------------------------------------------------------------ similarly named function `lemma_mul_nonnegative` defined here
    |
help: a function with a similar name exists
    |
170 -             vstd::arithmetic::mul::lemma_mul_nonpositive(ps, size / ps);
170 +             vstd::arithmetic::mul::lemma_mul_nonnegative(ps, size / ps);
    |

For more information about this error, try `rustc --explain E0425`.
error: could not compile `kernel` (bin "kernel") due to 1 previous error
