Timestamp: 2026-06-15_14-13-57
Mode: cargo
Crate: kernel
Directory: N/A
Module: hal::mem::types::region
Exit code: 0
5 verified
0 errors

Cheating patterns:
  assume=0
  external_body=25
  admit=0
  trusted=0
  no_decreases=0
  cfg_gate=7

--- Full output ---
    Checking kernel v0.16.17 (/home/ruize/nanvix-phy/src/kernel)
note: verifying module hal::mem::types::region

verification results:: 5 verified, 0 errors (partial verification with `--verify-*`)
    Finished `dev` profile [optimized + debuginfo] target(s) in 2.13s
