Timestamp: 2026-06-15_12-29-56
Mode: cargo
Crate: kernel
Directory: N/A
Module: mm::phys::manager
Exit code: 101
17 verified
1 errors

Cheating patterns:
  assume=0
  external_body=15
  admit=7
  trusted=0
  no_decreases=0
  cfg_gate=12

--- Full output ---
    Checking kernel v0.16.17 (/home/ruize/nanvix-phy-specs-bottom-up/src/kernel)
note: verifying module mm::phys::manager

error: postcondition not satisfied
   --> src/kernel/src/mm/phys/manager.rs:376:17
    |
376 |                   Ok(kf) => {
    |                   ^^^^^^ failed this postcondition
...
383 |       pub fn alloc_kernel_frame(&mut self) -> Result<KernelFrame, Error> {
    |  ________________________________________________________________________-
384 | |         proof_decl! {
385 | |             let ghost g_old = self@;
...   |
401 | |         result
402 | |     }
    | |_____- at the end of the function body

verification results:: 17 verified, 1 errors (partial verification with `--verify-*`)
error: could not compile `kernel` (bin "kernel") due to 1 previous error
