Timestamp: 2026-06-15_09-00-55
Mode: cargo
Crate: kernel
Directory: N/A
Module: mm::phys
Exit code: 101
71 verified
1 errors

Cheating patterns:
  assume=0
  external_body=11
  admit=21
  trusted=0
  no_decreases=0
  cfg_gate=13

--- Full output ---
    Checking kernel v0.16.17 (/home/ruize/nanvix-phy-specs-bottom-up/src/kernel)
note: verifying module mm::phys

note: verifying module mm::phys::frame

note: verifying module mm::phys::kframe

note: verifying module mm::phys::manager

note: verifying module mm::phys::upool

note: function body check: not all errors may have been reported; rerun with a higher value for --multiple-errors to find other potential errors in this function
   --> src/kernel/src/mm/phys/frame.rs:136:5
    |
136 |     fn alloc(&mut self) -> Result<FrameAddress, Error> {
    |     ^^^^^^^^^^^^^^^^^^^^^^^^^^^^^^^^^^^^^^^^^^^^^^^^^^

error: assertion failed
   --> src/kernel/src/mm/phys/frame.rs:174:20
    |
174 |             assert(usize::MAX as int == 0xFFFF_FFFF);
    |                    ^^^^^^^^^^^^^^^^^^^^^^^^^^^^^^^^ assertion failed

error: assertion failed
   --> src/kernel/src/mm/phys/frame.rs:175:20
    |
175 |             assert(idx <= FrameNumber::spec_max());
    |                    ^^^^^^^^^^^^^^^^^^^^^^^^^^^^^^ assertion failed

verification results:: 71 verified, 1 errors (partial verification with `--verify-*`)
error: could not compile `kernel` (bin "kernel") due to 2 previous errors
