Timestamp: 2026-06-15_08-56-23
Mode: cargo
Crate: kernel
Directory: N/A
Module: mm::phys
Exit code: 101
71 verified
1 errors

Cheating patterns:
  assume=0
  external_body=11
  admit=21
  trusted=0
  no_decreases=0
  cfg_gate=13

--- Full output ---
    Checking kernel v0.16.17 (/home/ruize/nanvix-phy-specs-bottom-up/src/kernel)
note: verifying module mm::phys

note: verifying module mm::phys::frame

note: verifying module mm::phys::kframe

note: verifying module mm::phys::manager

note: verifying module mm::phys::upool

error: assertion failed
   --> src/kernel/src/mm/phys/frame.rs:178:20
    |
178 |             assert(usize::MAX as int == 0xFFFF_FFFF_FFFF_FFFF);
    |                    ^^^^^^^^^^^^^^^^^^^^^^^^^^^^^^^^^^^^^^^^^^ assertion failed

verification results:: 71 verified, 1 errors (partial verification with `--verify-*`)
error: could not compile `kernel` (bin "kernel") due to 1 previous error
