Timestamp: 2026-06-13_23-35-50
Mode: cargo
Crate: kernel
Directory: N/A
Module: <all>
Exit code: 0
1 verified
0 errors

Cheating patterns:
  assume=0
  external_body=8
  admit=0
  trusted=0
  no_decreases=0
  cfg_gate=5

--- Full output ---
warning: cannot use external trait bump_allocator::BssStorage as a bound without declaring the trait (use #[verifier::external_trait_specification] to declare the trait); this is a warning for now but will eventually be an error
  --> src/libs/bump_allocator/src/lib.spec.rs:41:1
   |
41 | pub uninterp spec fn base_of<S: BssStorage + ?Sized>() -> int;
   | ^^^^^^^^^^^^^^^^^^^^^^^^^^^^^^^^^^^^^^^^^^^^^^^^^^^^^^^^^^^^^

warning: `bump-allocator` (lib) generated 1 warning
    Checking kernel v0.16.17 (/home/ruize/nanvix-phy/src/kernel)
verification results:: 1 verified, 0 errors
    Finished `dev` profile [optimized + debuginfo] target(s) in 2.04s
