Timestamp: 2026-06-15_08-28-32
Mode: cargo
Crate: kernel
Directory: N/A
Module: mm::phys
Exit code: 101
0 verified
compilation/setup error (verus did not run)

Cheating patterns:
  assume=0
  external_body=11
  admit=26
  trusted=0
  no_decreases=0
  cfg_gate=13

--- Full output ---
    Checking kernel v0.16.17 (/home/ruize/nanvix-phy-specs-bottom-up/src/kernel)
error: expected one of `:`, `;`, `=`, `@`, or `|`, found `pa`
   --> src/kernel/src/mm/phys/frame.rs:536:19
    |
536 |         let ghost pa: int = phys_addr@;
    |                   ^^ expected one of `:`, `;`, `=`, `@`, or `|`

error: expected `;`
   --> src/kernel/src/mm/phys/frame.rs:536:19
    |
536 |         let ghost pa: int = phys_addr@;
    |                   ^^

error: could not compile `kernel` (bin "kernel") due to 2 previous errors
