Timestamp: 2026-06-15_03-44-46
Mode: cargo
Crate: kernel
Directory: N/A
Module: mm::phys
Exit code: 101
0 verified
compilation/setup error (verus did not run)

Cheating patterns:
  assume=0
  external_body=22
  admit=2
  trusted=0
  no_decreases=0
  cfg_gate=7

--- Full output ---
    Checking kernel v0.16.17 (/home/ruize/nanvix-phy/src/kernel)
note: verifying module mm::phys

note: verifying module mm::phys::frame

note: verifying module mm::phys::kframe

note: verifying module mm::phys::manager

note: verifying module mm::phys::upool

error: triggers cannot contain let/forall/exists/lambda/choose
   --> src/kernel/src/mm/phys/manager.rs:401:80
    |
401 |                         #[trigger] is_contiguous_run(final(frames)@.map_values(|kf: KernelFrame| kf@), base)
    |                                                                                ^^^^^^^^^^^^^^^^^^^^^

error: could not compile `kernel` (bin "kernel") due to 1 previous error
