Timestamp: 2026-06-15_12-47-27
Mode: cargo
Crate: kernel
Directory: N/A
Module: mm::virt::identity_map
Exit code: 101
6 verified
3 errors

Cheating patterns:
  assume=0
  external_body=20
  admit=4
  trusted=0
  no_decreases=0
  cfg_gate=19

--- Full output ---
    Checking kernel v0.16.17 (/home/ruize/nanvix-phy-specs/src/kernel)
note: verifying module mm::virt::identity_map

note: function body check: not all errors may have been reported; rerun with a higher value for --multiple-errors to find other potential errors in this function
   --> src/kernel/src/mm/virt/identity_map.rs:533:1
    |
533 | fn ensure_pt(pd: Table<PageDirectoryEntry>, pde_idx: TableIndex) -> Result<usize, Error> {
    | ^^^^^^^^^^^^^^^^^^^^^^^^^^^^^^^^^^^^^^^^^^^^^^^^^^^^^^^^^^^^^^^^^^^^^^^^^^^^^^^^^^^^^^^^

error: precondition not satisfied
   --> src/kernel/src/mm/virt/identity_map.rs:555:9
    |
555 | /         PAGE_TABLE_ALLOCATOR
556 | |             .alloc_as::<[PteWord; PAGE_TABLE_LENGTH]>()
    | |_______________________________________________________^
    |
   ::: src/libs/bump_allocator/src/lib.rs:350:18
    |
350 |           requires bump_view(self).inv(),
    |                    --------------------- failed precondition

error: precondition not satisfied
   --> src/kernel/src/mm/virt/identity_map.rs:555:9
    |
555 | /         PAGE_TABLE_ALLOCATOR
556 | |             .alloc_as::<[PteWord; PAGE_TABLE_LENGTH]>()
557 | |             .map_err(|e| {
558 | |                 #[cfg(not(verus_keep_ghost))]
...   |
561 | |             })?
562 | |             .assume_init_mut()
    | |______________________________^
    |
   ::: /home/ruize/.cargo/registry/src/index.crates.io-1949cf8c6b5b557f/vstd-0.0.0-2026-05-31-0205/std_specs/maybe_uninit.rs:52:14
    |
 52 |       requires m.mem_contents().is_init(),
    |                -------------------------- failed precondition

note: function body check: not all errors may have been reported; rerun with a higher value for --multiple-errors to find other potential errors in this function
   --> src/kernel/src/mm/virt/identity_map.rs:632:1
    |
632 | / fn ensure_pte(
633 | |     pt: Table<PageTableEntry>,
634 | |     pte_idx: TableIndex,
635 | |     phys_addr: usize,
636 | | ) -> Result<(), Error> {
    | |______________________^

error: postcondition not satisfied
   --> src/kernel/src/mm/virt/identity_map.rs:624:13
    |
624 |             Ok(_) => identity_map_view().mapped.contains(spec_page_base(phys_addr as int)),
    |             ^^^^^ failed this postcondition
...
645 |         return Ok(());
    |         ------------- at this exit

error: precondition not satisfied
   --> src/kernel/src/mm/virt/identity_map.rs:637:40
    |
637 |     let pte: PageTableEntry = unsafe { pt.read(pte_idx) }.ok_or_else(|| {
    |                                        ^^^^^^^^^^^^^^^^
    |
   ::: src/libs/arch/src/x86/mem/paging/table.rs:205:13
    |
205 |             index@ < crate::mem::PAGE_TABLE_LENGTH,
    |             -------------------------------------- failed precondition

note: function body check: not all errors may have been reported; rerun with a higher value for --multiple-errors to find other potential errors in this function
   --> src/kernel/src/mm/virt/identity_map.rs:722:1
    |
722 | pub(crate) fn identity_map_page(phys_addr: PageAligned<PhysicalAddress>) -> Result<(), Error> {
    | ^^^^^^^^^^^^^^^^^^^^^^^^^^^^^^^^^^^^^^^^^^^^^^^^^^^^^^^^^^^^^^^^^^^^^^^^^^^^^^^^^^^^^^^^^^^^^

error: postcondition not satisfied
   --> src/kernel/src/mm/virt/identity_map.rs:712:13
    |
712 |             Ok(_) => identity_map_view().accessible(phys_addr@),
    |             ^^^^^ failed this postcondition
...
736 |     let pt_paddr: usize = ensure_pt(pd, pde_idx)?;
    |                                                 - at this exit

error: postcondition not satisfied
   --> src/kernel/src/mm/virt/identity_map.rs:712:13
    |
712 |               Ok(_) => identity_map_view().accessible(phys_addr@),
    |               ^^^^^ failed this postcondition
...
722 |   pub(crate) fn identity_map_page(phys_addr: PageAligned<PhysicalAddress>) -> Result<(), Error> {
    |  _______________________________________________________________________________________________-
723 | |     let phys_addr: usize = phys_addr.into_raw_value();
724 | |
725 | |     let pd_paddr: usize = KERNEL_PD_PADDR.load(Ordering::Acquire);
...   |
740 | |     ensure_pte(pt, pte_idx, phys_addr)
741 | | }
    | |_- at the end of the function body

error: postcondition not satisfied
   --> src/kernel/src/mm/virt/identity_map.rs:712:13
    |
712 |             Ok(_) => identity_map_view().accessible(phys_addr@),
    |             ^^^^^ failed this postcondition
...
728 |         return Ok(());
    |         ------------- at this exit

note: automatically chose triggers for this expression:
  --> src/kernel/src/mm/virt/identity_map.proof.rs:28:5
   |
28 |     assert forall|x: int| v.mapped.contains(x) implies
   |     ^^^^^^

note:   trigger 1 of 1:
  --> src/kernel/src/mm/virt/identity_map.proof.rs:28:27
   |
28 |     assert forall|x: int| v.mapped.contains(x) implies
   |                           ^^^^^^^^^^^^^^^^^^^^

note: Verus printed one or more automatically chosen quantifier triggers
      because it had low confidence in the chosen triggers.
      To suppress these messages, do one of the following:
        (1) manually annotate a single desired trigger using #[trigger]
            (example: forall|i: int, j: int| f(i) && #[trigger] g(i) && #[trigger] h(j)),
        (2) manually annotate multiple desired triggers using #![trigger ...]
            (example: forall|i: int| #![trigger f(i)] #![trigger g(i)] f(i) && g(i)),
        (3) accept the automatically chosen trigger using #![auto]
            (example: forall|i: int, j: int| #![auto] f(i) && g(i) && h(j))
        (4) use the --triggers-mode silent command-line option to suppress all printing of triggers.
      (Note: triggers are used by the underlying SMT theorem prover to instantiate quantifiers;
      the theorem prover instantiates a quantifier whenever some expression matches the
      pattern specified by one of the quantifier's triggers.)
  --> src/kernel/src/mm/virt/identity_map.proof.rs:28:5
   |
28 |     assert forall|x: int| v.mapped.contains(x) implies
   |     ^^^^^^

verification results:: 6 verified, 3 errors (partial verification with `--verify-*`)
error: could not compile `kernel` (bin "kernel") due to 7 previous errors
