Timestamp: 2026-06-14_05-34-45
Mode: cargo
Crate: kernel
Directory: N/A
Module: hal::mem::types::address::phys
Exit code: 101
0 verified
compilation/setup error (verus did not run)

Cheating patterns:
  assume=0
  external_body=14
  admit=26
  trusted=0
  no_decreases=0
  cfg_gate=16

--- Full output ---
    Checking kernel v0.16.17 (/home/ruize/nanvix-phy/src/kernel)
error[E0425]: cannot find function `from_mmio_address` in this scope
  --> src/kernel/src/hal/mem/types/address/phys.rs:90:19
   |
90 |     pub unsafe fn from_mmio_address(addr: VirtualAddress) -> Result<Self, Error> {
   |                   ^^^^^^^^^^^^^^^^^ not found in this scope

error[E0425]: cannot find function `from_number` in this scope
   --> src/kernel/src/hal/mem/types/address/phys.rs:117:12
    |
117 |     pub fn from_number(frame: FrameNumber) -> Self {
    |            ^^^^^^^^^^^ not found in this scope

For more information about this error, try `rustc --explain E0425`.
error: could not compile `kernel` (bin "kernel") due to 2 previous errors
