Timestamp: 2026-06-15_03-43-40
Mode: cargo
Crate: kernel
Directory: N/A
Module: mm::phys
Exit code: 101
0 verified
compilation/setup error (verus did not run)

Cheating patterns:
  assume=0
  external_body=22
  admit=2
  trusted=0
  no_decreases=0
  cfg_gate=7

--- Full output ---
    Checking kernel v0.16.17 (/home/ruize/nanvix-phy/src/kernel)
error: The verifier does not yet support the following Rust feature: Path Def(Static { safety: Safe, mutability: Mut, nested: false }, DefId(0:2313 ~ kernel[5062]::mm::phys::manager::PHYS_MEMORY_MANAGER))
   --> src/kernel/src/mm/phys/manager.rs:149:9
    |
149 |         PHYS_MEMORY_MANAGER.assume_init_mut()
    |         ^^^^^^^^^^^^^^^^^^^

error: could not compile `kernel` (bin "kernel") due to 1 previous error
