Timestamp: 2026-06-14_05-40-00
Mode: cargo
Crate: kernel
Directory: N/A
Module: hal::mem::types::address::phys
Exit code: 101
0 verified
compilation/setup error (verus did not run)

Cheating patterns:
  assume=0
  external_body=14
  admit=26
  trusted=0
  no_decreases=0
  cfg_gate=16

--- Full output ---
    Checking kernel v0.16.17 (/home/ruize/nanvix-phy/src/kernel)
error[E0423]: expected function, found macro `assert`
   --> src/kernel/src/hal/mem/types/address/phys.rs:160:9
    |
160 |         assert(shift < 64);
    |         ^^^^^^ not a function
    |
   ::: /home/ruize/.cargo/registry/src/index.crates.io-1949cf8c6b5b557f/verus_builtin-0.0.0-2026-05-17-0151/src/lib.rs:328:1
    |
328 | pub fn assert_(_: bool) {
    | ----------------------- similarly named function `assert_` defined here
    |
help: use `!` to invoke the macro
    |
160 |         assert!(shift < 64);
    |               +
help: a function with a similar name exists
    |
160 |         assert_(shift < 64);
    |               +
help: consider importing this function instead
    |
  8 + use vstd::pervasive::assert;
    |

For more information about this error, try `rustc --explain E0423`.
error: could not compile `kernel` (bin "kernel") due to 1 previous error
