Timestamp: 2026-06-15_19-00-31
Mode: cargo
Crate: kernel
Directory: N/A
Module: mm::virt::vmem
Exit code: 101
0 verified
compilation/setup error (verus did not run)

Cheating patterns:
  assume=0
  external_body=54
  admit=0
  trusted=0
  no_decreases=0
  cfg_gate=53

--- Full output ---
    Checking kernel v0.16.48 (/home/ruize/nanvix-virt/src/kernel)
error: unexpected token
    --> src/kernel/src/mm/virt/vmem.rs:2104:30
     |
2104 |         opens_invariants none,
     |                              ^

error: could not compile `kernel` (bin "kernel") due to 1 previous error
