Timestamp: 2026-06-15_13-56-05
Mode: cargo
Crate: kernel
Directory: N/A
Module: mm::phys
Exit code: 101
0 verified
compilation/setup error (verus did not run)

Cheating patterns:
  assume=0
  external_body=12
  admit=7
  trusted=0
  no_decreases=0
  cfg_gate=12

--- Full output ---
    Checking kernel v0.16.17 (/home/ruize/nanvix-phy-specs-bottom-up/src/kernel)
error: The verifier does not yet support the following Rust feature: Path Def(Static { safety: Safe, mutability: Mut, nested: false }, DefId(0:2292 ~ kernel[b87f]::mm::phys::manager::PHYS_MEMORY_MANAGER))
   --> src/kernel/src/mm/phys/manager.rs:112:18
    |
112 |         unsafe { PHYS_MEMORY_MANAGER.write(PhysMemoryManager { upool }) };
    |                  ^^^^^^^^^^^^^^^^^^^

error: could not compile `kernel` (bin "kernel") due to 1 previous error
