Timestamp: 2026-06-15_08-41-40
Mode: cargo
Crate: kernel
Directory: N/A
Module: mm::phys
Exit code: 0
60 verified
0 errors

Cheating patterns:
  assume=0
  external_body=11
  admit=24
  trusted=0
  no_decreases=0
  cfg_gate=13

--- Full output ---
    Checking kernel v0.16.17 (/home/ruize/nanvix-phy-specs-bottom-up/src/kernel)
note: verifying module mm::phys

note: verifying module mm::phys::frame

note: verifying module mm::phys::kframe

note: verifying module mm::phys::manager

note: verifying module mm::phys::upool

verification results:: 60 verified, 0 errors (partial verification with `--verify-*`)
    Finished `dev` profile [optimized + debuginfo] target(s) in 3.95s
