Timestamp: 2026-06-15_12-51-43
Mode: cargo
Crate: kernel
Directory: N/A
Module: <all>
Exit code: 0
cached (no recompilation)
—

Cheating patterns:
  assume=0
  external_body=20
  admit=7
  trusted=0
  no_decreases=0
  cfg_gate=19

--- Full output ---
note: verifying module mm::virt::identity_map

note: automatically chose triggers for this expression:
  --> src/kernel/src/mm/virt/identity_map.proof.rs:28:5
   |
28 |     assert forall|x: int| v.mapped.contains(x) implies
   |     ^^^^^^

note:   trigger 1 of 1:
  --> src/kernel/src/mm/virt/identity_map.proof.rs:28:27
   |
28 |     assert forall|x: int| v.mapped.contains(x) implies
   |                           ^^^^^^^^^^^^^^^^^^^^

note: Verus printed one or more automatically chosen quantifier triggers
      because it had low confidence in the chosen triggers.
      To suppress these messages, do one of the following:
        (1) manually annotate a single desired trigger using #[trigger]
            (example: forall|i: int, j: int| f(i) && #[trigger] g(i) && #[trigger] h(j)),
        (2) manually annotate multiple desired triggers using #![trigger ...]
            (example: forall|i: int| #![trigger f(i)] #![trigger g(i)] f(i) && g(i)),
        (3) accept the automatically chosen trigger using #![auto]
            (example: forall|i: int, j: int| #![auto] f(i) && g(i) && h(j))
        (4) use the --triggers-mode silent command-line option to suppress all printing of triggers.
      (Note: triggers are used by the underlying SMT theorem prover to instantiate quantifiers;
      the theorem prover instantiates a quantifier whenever some expression matches the
      pattern specified by one of the quantifier's triggers.)
  --> src/kernel/src/mm/virt/identity_map.proof.rs:28:5
   |
28 |     assert forall|x: int| v.mapped.contains(x) implies
   |     ^^^^^^

    Finished `dev` profile [optimized + debuginfo] target(s) in 0.24s
