Timestamp: 2026-06-15_20-12-06
Mode: cargo
Crate: kernel
Directory: N/A
Module: <all>
Exit code: 0
47 verified
0 errors

Cheating patterns:
  assume=0
  external_body=23
  admit=0
  trusted=0
  no_decreases=0
  cfg_gate=6

--- Full output ---
    Checking arch v0.16.17 (/home/ruize/nanvix-phy/src/libs/arch)
verification results:: 6 verified, 0 errors
    Checking kernel v0.16.17 (/home/ruize/nanvix-phy/src/kernel)
verification results:: 47 verified, 0 errors
    Finished `dev` profile [optimized + debuginfo] target(s) in 3.33s
