Timestamp: 2026-06-15_02-12-43
Mode: cargo
Crate: kernel
Directory: N/A
Module: mm::phys
Exit code: 0
8 verified
0 errors

Cheating patterns:
  assume=0
  external_body=17
  admit=7
  trusted=0
  no_decreases=0
  cfg_gate=5

--- Full output ---
    Checking kernel v0.16.17 (/home/ruize/nanvix-phy/src/kernel)
note: verifying module mm::phys

note: verifying module mm::phys::frame

note: verifying module mm::phys::manager

note: verifying module mm::phys::upool

note: automatically chose triggers for this expression:
  --> src/kernel/src/mm/phys/mod.proof.rs:66:9
   |
66 | /         forall|a: int| frames.contains(a)
67 | |             ==> pre.spec_book_frames(frames).frames.allocated_frames.contains(a),
   | |________________________________________________________________________________^

note:   trigger 1 of 1:
  --> src/kernel/src/mm/phys/mod.proof.rs:66:24
   |
66 |         forall|a: int| frames.contains(a)
   |                        ^^^^^^^^^^^^^^^^^^

note: automatically chose triggers for this expression:
  --> src/kernel/src/mm/phys/mod.proof.rs:68:9
   |
68 | /         forall|a: int| frames.contains(a)
69 | |             ==> !pre.spec_book_frames(frames).frames.free_frames.contains(a),
   | |____________________________________________________________________________^

note:   trigger 1 of 1:
  --> src/kernel/src/mm/phys/mod.proof.rs:68:24
   |
68 |         forall|a: int| frames.contains(a)
   |                        ^^^^^^^^^^^^^^^^^^

note: automatically chose triggers for this expression:
  --> src/kernel/src/mm/phys/mod.proof.rs:92:9
   |
92 | /         forall|a: int| PhysMemView::region_frames(start, size).contains(a)
93 | |             ==> pre.spec_book_frames(PhysMemView::region_frames(start, size))
94 | |                 .frames.allocated_frames.contains(a),
   | |____________________________________________________^

note:   trigger 1 of 1:
  --> src/kernel/src/mm/phys/mod.proof.rs:92:24
   |
92 |         forall|a: int| PhysMemView::region_frames(start, size).contains(a)
   |                        ^^^^^^^^^^^^^^^^^^^^^^^^^^^^^^^^^^^^^^^^^^^^^^^^^^^

note: automatically chose triggers for this expression:
   --> src/kernel/src/mm/phys/mod.proof.rs:154:17
    |
154 |             &&& forall|a: int| reserved.contains(a) ==> post.frames.allocated_frames.contains(a)
    |                 ^^^^^^^^^^^^^^^^^^^^^^^^^^^^^^^^^^^^^^^^^^^^^^^^^^^^^^^^^^^^^^^^^^^^^^^^^^^^^^^^

note:   trigger 1 of 1:
   --> src/kernel/src/mm/phys/mod.proof.rs:154:32
    |
154 |             &&& forall|a: int| reserved.contains(a) ==> post.frames.allocated_frames.contains(a)
    |                                ^^^^^^^^^^^^^^^^^^^^

note: Verus printed one or more automatically chosen quantifier triggers
      because it had low confidence in the chosen triggers.
      To suppress these messages, do one of the following:
        (1) manually annotate a single desired trigger using #[trigger]
            (example: forall|i: int, j: int| f(i) && #[trigger] g(i) && #[trigger] h(j)),
        (2) manually annotate multiple desired triggers using #![trigger ...]
            (example: forall|i: int| #![trigger f(i)] #![trigger g(i)] f(i) && g(i)),
        (3) accept the automatically chosen trigger using #![auto]
            (example: forall|i: int, j: int| #![auto] f(i) && g(i) && h(j))
        (4) use the --triggers-mode silent command-line option to suppress all printing of triggers.
      (Note: triggers are used by the underlying SMT theorem prover to instantiate quantifiers;
      the theorem prover instantiates a quantifier whenever some expression matches the
      pattern specified by one of the quantifier's triggers.)
   --> src/kernel/src/mm/phys/mod.proof.rs:154:17
    |
154 |             &&& forall|a: int| reserved.contains(a) ==> post.frames.allocated_frames.contains(a)
    |                 ^^^^^^^^^^^^^^^^^^^^^^^^^^^^^^^^^^^^^^^^^^^^^^^^^^^^^^^^^^^^^^^^^^^^^^^^^^^^^^^^

verification results:: 8 verified, 0 errors (partial verification with `--verify-*`)
    Finished `dev` profile [optimized + debuginfo] target(s) in 2.18s
