Timestamp: 2026-06-15_18-43-43
Mode: cargo
Crate: kernel
Directory: N/A
Module: mm::virt::vmem
Exit code: 101
0 verified
compilation/setup error (verus did not run)

Cheating patterns:
  assume=0
  external_body=29
  admit=2
  trusted=0
  no_decreases=0
  cfg_gate=27

--- Full output ---
    Checking kernel v0.16.48 (/home/ruize/nanvix-virt/src/kernel)
error: `alloc::collections::linked_list::impl&%7::new` is not supported (note: you may be able to add a Verus specification to this function with `assume_specification`) (note: the vstd library provides some specification for the Rust std library, but it is currently limited)
   --> src/kernel/src/mm/virt/vmem.rs:221:13
    |
221 |         > = LinkedList::new();
    |             ^^^^^^^^^^^^^^^^^
...
235 |         let mut kernel_pages: LinkedList<Rc<RefCell<KernelPage>>> = LinkedList::new();
    |                                                                     -----------------
...
259 |             user_page_tables: LinkedList::new(),
    |                               -----------------
    |
    = help: The following declaration may resolve this error:
            pub assume_specification<T> [alloc::collections::LinkedList::<T>::new] () -> alloc::collections::LinkedList<T>;

error: `alloc::collections::linked_list::Iter` is not supported (note: you may be able to add a Verus specification to this type with the `external_type_specification` attribute) (note: the vstd library provides some specification for the Rust std library, but it is currently limited)
    --> src/kernel/src/mm/virt/vmem.rs:222:13
     |
 222 |              let mut kernel_page_table_iter = from.kernel_page_tables.iter();
     |                  ^^^^^^^^^^^^^^^^^^^^^^^^^^   ------------------------------
 223 |              loop {
 224 |                  let entry = match kernel_page_table_iter.next() {
     |                                    -----------------------------
...
 236 |              let mut kernel_page_iter = from.kernel_pages.iter();
     |                  --------------------   ------------------------
 237 |              loop {
 238 |                  let entry = match kernel_page_iter.next() {
     |                                    -----------------------
...
 753 |              let mut user_page_table_iter = self.user_page_tables.iter();
     |                  ------------------------   ----------------------------
 754 |              loop {
 755 |                  let (lookup_pgtable_addr, page_table) = match user_page_table_iter.next() {
     |                                                                ---------------------------
...
 796 |              let mut user_page_table_iter = self.user_page_tables.iter();
     |                  ------------------------   ----------------------------
 797 |              loop {
 798 |                  let (lookup_pgtable_addr, page_table) = match user_page_table_iter.next() {
     |                                                                ---------------------------
...
 832 |              let mut user_page_table_iter = self.user_page_tables.iter();
     |                  ------------------------   ----------------------------
 833 |              loop {
 834 |                  let (pgtab_addr, page_table) = match user_page_table_iter.next() {
     |                                                       ---------------------------
...
1656 |                  let at = self
     |     ______________________-
     |  __|______________________|
1657 | |  |                 .user_page_tables
1658 | |  |                 .iter()
     | |  |_______________________-
1659 | |                    .position(|entry| entry.0 == pgtable_vaddr)
     | |______________________________________________________________-
     |
     = help: The following declaration may resolve this error:
             #[verifier::reject_recursive_types(T)]
             #[verifier::external_type_specification]
             pub struct ExIter<'a, T>(alloc::collections::linked_list::Iter<'a, T>);

error: `alloc::collections::linked_list::impl&%8::iter` is not supported (note: you may be able to add a Verus specification to this function with `assume_specification`) (note: the vstd library provides some specification for the Rust std library, but it is currently limited)
    --> src/kernel/src/mm/virt/vmem.rs:222:42
     |
 222 |           let mut kernel_page_table_iter = from.kernel_page_tables.iter();
     |                                            ^^^^^^^^^^^^^^^^^^^^^^^^^^^^^^
...
 236 |           let mut kernel_page_iter = from.kernel_pages.iter();
     |                                      ------------------------
...
 753 |           let mut user_page_table_iter = self.user_page_tables.iter();
     |                                          ----------------------------
...
 796 |           let mut user_page_table_iter = self.user_page_tables.iter();
     |                                          ----------------------------
...
 832 |           let mut user_page_table_iter = self.user_page_tables.iter();
     |                                          ----------------------------
...
1656 |               let at = self
     |  ______________________-
1657 | |                 .user_page_tables
1658 | |                 .iter()
     | |_______________________-
     |
     = help: The following declaration may resolve this error:
             pub assume_specification<T, A> [alloc::collections::LinkedList::<T, A>::iter] (_0: &alloc::collections::LinkedList<T, A>) -> alloc::collections::linked_list::Iter<'_, T>
             where
             A: core::alloc::Allocator,;

error: `alloc::collections::linked_list::impl&%10::next` is not supported (note: you may be able to add a Verus specification to this function with `assume_specification`) (note: the vstd library provides some specification for the Rust std library, but it is currently limited)
   --> src/kernel/src/mm/virt/vmem.rs:224:31
    |
224 |             let entry = match kernel_page_table_iter.next() {
    |                               ^^^^^^^^^^^^^^^^^^^^^^^^^^^^^
...
238 |             let entry = match kernel_page_iter.next() {
    |                               -----------------------
...
755 |             let (lookup_pgtable_addr, page_table) = match user_page_table_iter.next() {
    |                                                           ---------------------------
...
798 |             let (lookup_pgtable_addr, page_table) = match user_page_table_iter.next() {
    |                                                           ---------------------------
...
834 |             let (pgtab_addr, page_table) = match user_page_table_iter.next() {
    |                                                  ---------------------------
    |
    = help: The following declaration may resolve this error:
            pub assume_specification<'a, T> [<alloc::collections::linked_list::Iter<'a, T> as core::iter::Iterator>::next] (_0: &alloc::collections::linked_list::Iter<'a, T>) -> core::option::Option<&'a T>;

error: cannot use function `kernel::hal::arch::x86::mem::mmu::page_table::PageTable::physical_address` which is ignored because it is either declared outside the verus! macro or it is marked as `external`.
   --> src/kernel/src/mm/virt/vmem.rs:228:52
    |
228 |             let page_table_address: FrameAddress = entry.borrow().1.physical_address()?;
    |                                                    ^^^^^^^^^^^^^^^^^^^^^^^^^^^^^^^^^^^
...
315 |                 page_table.physical_address()?,
    |                 -----------------------------
...
441 |                 let page_table_address: FrameAddress = page_table.physical_address()?;
    |                                                        -----------------------------
    |
    = help: The following declaration may resolve this error:
            pub assume_specification<T> [crate::hal::arch::x86::mem::mmu::page_table::PageTable::<T>::physical_address] (_0: &crate::hal::arch::x86::mem::mmu::page_table::PageTable<T>) -> core::result::Result<hal::mem::types::address::frame::FrameAddress, sys::error::Error>
            where
            T: core::ops::Deref<Target = [u32]> + core::ops::DerefMut,;

error: `core::cell::impl&%46::deref` is not supported (note: you may be able to add a Verus specification to this function with `assume_specification`) (note: the vstd library provides some specification for the Rust std library, but it is currently limited)
    --> src/kernel/src/mm/virt/vmem.rs:228:52
     |
 228 |             let page_table_address: FrameAddress = entry.borrow().1.physical_address()?;
     |                                                    ^^^^^^^^^^^^^^
 229 |             // FIXME: do not be so open about permissions.
 230 |             pgdir.map(entry.borrow().0, page_table_address, false, AccessPermission::RDWR)?;
     |                       --------------
...
 336 |             if entry.borrow().0.into_raw_value() == pt_vaddr.into_raw_value() {
     |                --------------
...
1787 |             match pt_ref.1.is_page_present(page_address) {
     |                   ------
     |
     = help: The following declaration may resolve this error:
             pub assume_specification<'a, T> [<core::cell::Ref<'a, T> as core::ops::Deref>::deref] (_0: &core::cell::Ref<'a, T>) -> &T
             where
             T: core::marker::MetaSized + ?Sized,;

error: `core::cell::Ref` is not supported (note: you may be able to add a Verus specification to this type with the `external_type_specification` attribute) (note: the vstd library provides some specification for the Rust std library, but it is currently limited)
    --> src/kernel/src/mm/virt/vmem.rs:228:52
     |
 228 |             let page_table_address: FrameAddress = entry.borrow().1.physical_address()?;
     |                                                    ^^^^^^^^^^^^^^
 229 |             // FIXME: do not be so open about permissions.
 230 |             pgdir.map(entry.borrow().0, page_table_address, false, AccessPermission::RDWR)?;
     |                       --------------
...
 336 |             if entry.borrow().0.into_raw_value() == pt_vaddr.into_raw_value() {
     |                --------------
...
1786 |             let pt_ref = page_table.borrow();
     |                 ------   -------------------
1787 |             match pt_ref.1.is_page_present(page_address) {
     |                   ------
     |
     = help: The following declaration may resolve this error:
             #[verifier::reject_recursive_types(T)]
             #[verifier::external_type_specification]
             pub struct ExRef<'b, T>(core::cell::Ref<'b, T>)
             where
             T: core::marker::MetaSized + ?Sized,;

error: `core::cell::impl&%31::borrow` is not supported (note: you may be able to add a Verus specification to this function with `assume_specification`) (note: the vstd library provides some specification for the Rust std library, but it is currently limited)
    --> src/kernel/src/mm/virt/vmem.rs:228:52
     |
 228 |             let page_table_address: FrameAddress = entry.borrow().1.physical_address()?;
     |                                                    ^^^^^^^^^^^^^^
 229 |             // FIXME: do not be so open about permissions.
 230 |             pgdir.map(entry.borrow().0, page_table_address, false, AccessPermission::RDWR)?;
     |                       --------------
...
 336 |             if entry.borrow().0.into_raw_value() == pt_vaddr.into_raw_value() {
     |                --------------
...
1786 |             let pt_ref = page_table.borrow();
     |                          -------------------
     |
     = help: The following declaration may resolve this error:
             pub assume_specification<T> [core::cell::RefCell::<T>::borrow] (_0: &core::cell::RefCell<T>) -> core::cell::Ref<'_, T>
             where
             T: core::marker::MetaSized + ?Sized,;

error: cannot use function `kernel::hal::arch::x86::mem::mmu::page_directory::PageDirectory::map` which is ignored because it is either declared outside the verus! macro or it is marked as `external`.
   --> src/kernel/src/mm/virt/vmem.rs:230:13
    |
230 |               pgdir.map(entry.borrow().0, page_table_address, false, AccessPermission::RDWR)?;
    |               ^^^^^^^^^^^^^^^^^^^^^^^^^^^^^^^^^^^^^^^^^^^^^^^^^^^^^^^^^^^^^^^^^^^^^^^^^^^^^^
...
313 | /             self.pgdir.map(
314 | |                 pt_vaddr,
315 | |                 page_table.physical_address()?,
316 | |                 false,
317 | |                 AccessPermission::RDWR,
318 | |             )?;
    | |_____________-
...
443 | /                 self.pgdir
444 | |                     .map(pgtable_vaddr, page_table_address, false, AccessPermission::RDWR)?;
    | |__________________________________________________________________________________________-
    |
    = help: The following declaration may resolve this error:
            pub assume_specification<T> [crate::hal::arch::x86::mem::mmu::page_directory::PageDirectory::<T>::map] (_0: &crate::hal::arch::x86::mem::mmu::page_directory::PageDirectory<T>, _1: crate::hal::mem::types::address::page::PageTableAddress, _2: crate::hal::mem::types::address::frame::FrameAddress, _3: bool, _4: sys::mm::AccessPermission) -> core::result::Result<(), sys::error::Error>
            where
            T: core::ops::Deref<Target = [u32]> + core::ops::DerefMut,;

error: `sys::sys::mm::access::impl&%11::RDWR` is not supported (note: you may be able to add a Verus specification to this function with `assume_specification`)
   --> src/kernel/src/mm/virt/vmem.rs:230:68
    |
230 |             pgdir.map(entry.borrow().0, page_table_address, false, AccessPermission::RDWR)?;
    |                                                                    ^^^^^^^^^^^^^^^^^^^^^^
...
317 |                 AccessPermission::RDWR,
    |                 ----------------------
...
345 |                     AccessPermission::RDWR,
    |                     ----------------------
...
444 |                     .map(pgtable_vaddr, page_table_address, false, AccessPermission::RDWR)?;
    |                                                                    ----------------------

error: `alloc::collections::linked_list::impl&%8::push_back` is not supported (note: you may be able to add a Verus specification to this function with `assume_specification`) (note: the vstd library provides some specification for the Rust std library, but it is currently limited)
   --> src/kernel/src/mm/virt/vmem.rs:231:13
    |
231 |               kernel_page_tables.push_back(entry.clone());
    |               ^^^^^^^^^^^^^^^^^^^^^^^^^^^^^^^^^^^^^^^^^^^
...
242 |               kernel_pages.push_back(entry.clone());
    |               -------------------------------------
...
325 | /             self.kernel_page_tables
326 | |                 .push_back(Rc::new(RefCell::new((pt_vaddr, page_table))));
    | |_________________________________________________________________________-
...
349 |                   self.kernel_pages.push_back(Rc::new(RefCell::new(kpage)));
    |                   ---------------------------------------------------------
    |
    = help: The following declaration may resolve this error:
            pub assume_specification<T, A> [alloc::collections::LinkedList::<T, A>::push_back] (_0: &alloc::collections::LinkedList<T, A>, _1: T)
            where
            A: core::alloc::Allocator,;

error: cannot use function `kernel::hal::mem::types::address::pd::PageDirectoryAddress::from_raw_value` which is ignored because it is either declared outside the verus! macro or it is marked as `external`.
   --> src/kernel/src/mm/virt/vmem.rs:250:17
    |
250 |                 PageDirectoryAddress::from_raw_value(pgdir.physical_address()?.into_raw_value())?;
    |                 ^^^^^^^^^^^^^^^^^^^^^^^^^^^^^^^^^^^^^^^^^^^^^^^^^^^^^^^^^^^^^^^^^^^^^^^^^^^^^^^^
    |
    = help: The following declaration may resolve this error:
            pub assume_specification [crate::hal::mem::types::address::pd::PageDirectoryAddress::from_raw_value] (_0: usize) -> core::result::Result<hal::mem::types::address::pd::PageDirectoryAddress, sys::error::Error>;

error: cannot use function `kernel::hal::mem::types::address::frame::FrameAddress::into_raw_value` which is ignored because it is either declared outside the verus! macro or it is marked as `external`.
    --> src/kernel/src/mm/virt/vmem.rs:250:54
     |
 250 |                 PageDirectoryAddress::from_raw_value(pgdir.physical_address()?.into_raw_value())?;
     |                                                      ^^^^^^^^^^^^^^^^^^^^^^^^^^^^^^^^^^^^^^^^^^
...
 267 |         unsafe { mmu::load_page_directory(pgdir_addr.into_raw_value()) };
     |                                           ---------------------------
...
1023 |         let dst_paddr: usize = new_frame.address().into_raw_value();
     |                                ------------------------------------
...
1122 |         Ok(frame.into_raw_value() + offset)
     |            ----------------------
...
1205 |                         usize_to_const_ptr(src_frame.into_raw_value() + offset),
     |                                            --------------------------
...
1362 |                 let dst_phys_addr_raw: usize = dst_frame.into_raw_value() + offset;
     |                                                --------------------------
...
1374 |                 let dst: *mut u8 = usize_to_mut_ptr(dst_frame.into_raw_value() + offset);
     |                                                     --------------------------
...
1516 |                     let src_phys_addr: usize = src_frame.into_raw_value() + src_offset;
     |                                                --------------------------
1517 |                     let dst_phys_addr: usize = dst_frame.into_raw_value() + dst_offset;
     |                                                --------------------------
     |
     = help: The following declaration may resolve this error:
             pub assume_specification [crate::hal::mem::types::address::frame::FrameAddress::into_raw_value] (_0: crate::hal::mem::types::address::frame::FrameAddress) -> usize;

error: cannot use function `kernel::hal::arch::x86::mem::mmu::page_directory::PageDirectory::physical_address` which is ignored because it is either declared outside the verus! macro or it is marked as `external`.
   --> src/kernel/src/mm/virt/vmem.rs:250:54
    |
250 |                 PageDirectoryAddress::from_raw_value(pgdir.physical_address()?.into_raw_value())?;
    |                                                      ^^^^^^^^^^^^^^^^^^^^^^^^
...
266 |         let pgdir_addr: FrameAddress = self.pgdir.physical_address()?;
    |                                        -----------------------------
    |
    = help: The following declaration may resolve this error:
            pub assume_specification<T> [crate::hal::arch::x86::mem::mmu::page_directory::PageDirectory::<T>::physical_address] (_0: &crate::hal::arch::x86::mem::mmu::page_directory::PageDirectory<T>) -> core::result::Result<hal::mem::types::address::frame::FrameAddress, sys::error::Error>
            where
            T: core::ops::Deref<Target = [u32]> + core::ops::DerefMut,;

error: cannot use function `kernel::mm::virt::identity_map::sync_kernel_pdes` which is ignored because it is either declared outside the verus! macro or it is marked as `external`.
   --> src/kernel/src/mm/virt/vmem.rs:251:13
    |
251 |             super::sync_kernel_pdes(target_pd_paddr)?;
    |             ^^^^^^^^^^^^^^^^^^^^^^^^^^^^^^^^^^^^^^^^
    |
    = help: The following declaration may resolve this error:
            assume_specification [crate::mm::virt::identity_map::sync_kernel_pdes] (_0: crate::hal::mem::types::address::pd::PageDirectoryAddress) -> core::result::Result<(), sys::error::Error>;

error: `verus_builtin::impl&%5::assume_new` is not supported (note: you may be able to add a Verus specification to this function with `assume_specification`)
   --> src/kernel/src/mm/virt/vmem.rs:261:24
    |
261 |             vmem_view: Ghost::assume_new(),
    |                        ^^^^^^^^^^^^^^^^^^^
    |
    = help: The following declaration may resolve this error:
            pub assume_specification<A> [vstd::prelude::Ghost::<A>::assume_new] () -> vstd::prelude::Ghost<A>;

error: cannot use function `kernel::hal::arch::x86::mem::mmu::load_page_directory` which is ignored because it is either declared outside the verus! macro or it is marked as `external`.
   --> src/kernel/src/mm/virt/vmem.rs:267:18
    |
267 |         unsafe { mmu::load_page_directory(pgdir_addr.into_raw_value()) };
    |                  ^^^^^^^^^^^^^^^^^^^^^^^^^^^^^^^^^^^^^^^^^^^^^^^^^^^^^
    |
    = help: The following declaration may resolve this error:
            pub assume_specification [crate::hal::arch::x86::mem::mmu::load_page_directory] (_0: usize);

error: cannot use function `kernel::hal::mem::types::address::page::PageTableAddress::new` which is ignored because it is either declared outside the verus! macro or it is marked as `external`.
    --> src/kernel/src/mm/virt/vmem.rs:294:42
     |
 294 |           let pt_vaddr: PageTableAddress = PageTableAddress::new(PageTableAligned::from_raw_value(
     |  __________________________________________^
 295 | |             ::sys::mm::align_down(vaddr.into_raw_value(), PGTAB_ALIGNMENT),
 296 | |         )?);
     | |___________^
...
 425 |               let pgtable_vaddr: PageTableAddress = PageTableAddress::new(vaddr);
     |                                                     ----------------------------
...
 749 |           let pgtab_addr: PageTableAddress = PageTableAddress::new(PageTableAligned::from_raw_value(
     |  ____________________________________________-
 750 | |             ::sys::mm::align_down(vaddr.into_raw_value(), PGTAB_ALIGNMENT),
 751 | |         )?);
     | |___________-
...
 792 |           let pgtab_addr: PageTableAddress = PageTableAddress::new(PageTableAligned::from_raw_value(
     |  ____________________________________________-
 793 | |             ::sys::mm::align_down(vaddr.into_raw_value(), PGTAB_ALIGNMENT),
 794 | |         )?);
     | |___________-
...
 888 |           let pgtable_vaddr: PageTableAddress = PageTableAddress::new(pgtab_aligned);
     |                                                 ------------------------------------
...
 921 |           let pgtable_vaddr: PageTableAddress = PageTableAddress::new(pgtab_aligned);
     |                                                 ------------------------------------
...
1613 |                   let pgtable_vaddr: PageTableAddress = PageTableAddress::new(vaddr);
     |                                                         ----------------------------
...
1688 |               let pgtable_vaddr: PageTableAddress = PageTableAddress::new(vaddr);
     |                                                     ----------------------------
...
1763 |               let pde: PageDirectoryEntry = match self.pgdir.read_pde(PageTableAddress::new(vaddr)) {
     |                                                                       ----------------------------
     |
     = help: The following declaration may resolve this error:
             pub assume_specification [crate::hal::mem::types::address::page::PageTableAddress::new] (_0: crate::hal::mem::types::address::aligned::pgtab::PageTableAligned<sys::mm::VirtualAddress>) -> crate::hal::mem::types::address::page::PageTableAddress;

error: cannot use function `kernel::hal::mem::types::address::aligned::pgtab::PageTableAligned::from_raw_value` which is ignored because it is either declared outside the verus! macro or it is marked as `external`.
    --> src/kernel/src/mm/virt/vmem.rs:294:64
     |
 294 |           let pt_vaddr: PageTableAddress = PageTableAddress::new(PageTableAligned::from_raw_value(
     |  ________________________________________________________________^
 295 | |             ::sys::mm::align_down(vaddr.into_raw_value(), PGTAB_ALIGNMENT),
 296 | |         )?);
     | |_________^
...
 422 |               let vaddr: PageTableAligned<VirtualAddress> = PageTableAligned::from_raw_value(
     |  ___________________________________________________________-
 423 | |                 ::sys::mm::align_down(vaddr.into_raw_value(), PGTAB_ALIGNMENT),
 424 | |             )?;
     | |_____________-
...
 749 |           let pgtab_addr: PageTableAddress = PageTableAddress::new(PageTableAligned::from_raw_value(
     |  __________________________________________________________________-
 750 | |             ::sys::mm::align_down(vaddr.into_raw_value(), PGTAB_ALIGNMENT),
 751 | |         )?);
     | |_________-
...
 792 |           let pgtab_addr: PageTableAddress = PageTableAddress::new(PageTableAligned::from_raw_value(
     |  __________________________________________________________________-
 793 | |             ::sys::mm::align_down(vaddr.into_raw_value(), PGTAB_ALIGNMENT),
 794 | |         )?);
     | |_________-
...
 885 |           let pgtab_aligned: PageTableAligned<VirtualAddress> = PageTableAligned::from_raw_value(
     |  _______________________________________________________________-
 886 | |             ::sys::mm::align_down(vaddr.into_raw_value(), PGTAB_ALIGNMENT),
 887 | |         )?;
     | |_________-
...
 918 |           let pgtab_aligned: PageTableAligned<VirtualAddress> = PageTableAligned::from_raw_value(
     |  _______________________________________________________________-
 919 | |             ::sys::mm::align_down(vaddr.into_raw_value(), PGTAB_ALIGNMENT),
 920 | |         )?;
     | |_________-
...
1610 |                   let vaddr: PageTableAligned<VirtualAddress> = PageTableAligned::from_raw_value(
     |  _______________________________________________________________-
1611 | |                     ::sys::mm::align_down(vaddr.into_raw_value(), PGTAB_ALIGNMENT),
1612 | |                 )?;
     | |_________________-
...
1685 |               let vaddr: PageTableAligned<VirtualAddress> = PageTableAligned::from_raw_value(
     |  ___________________________________________________________-
1686 | |                 ::sys::mm::align_down(vaddr.into_raw_value(), PGTAB_ALIGNMENT),
1687 | |             )?;
     | |_____________-
...
1759 |               let vaddr: PageTableAligned<VirtualAddress> = PageTableAligned::from_raw_value(
     |  ___________________________________________________________-
1760 | |                 ::sys::mm::align_down(vaddr.into_raw_value(), PGTAB_ALIGNMENT),
1761 | |             )?;
     | |_____________-
     |
     = help: The following declaration may resolve this error:
             pub assume_specification<T> [<crate::hal::mem::types::address::aligned::pgtab::PageTableAligned<T> as sys::mm::Address>::crate::from_raw_value] (_0: usize) -> core::result::Result<hal::mem::types::address::aligned::pgtab::PageTableAligned<T>, sys::error::Error>
             where
             T: sys::mm::Address,;

error: `sys::sys::mm::alignment::align_down` is not supported (note: you may be able to add a Verus specification to this function with `assume_specification`)
    --> src/kernel/src/mm/virt/vmem.rs:295:13
     |
 295 |             ::sys::mm::align_down(vaddr.into_raw_value(), PGTAB_ALIGNMENT),
     |             ^^^^^^^^^^^^^^^^^^^^^^^^^^^^^^^^^^^^^^^^^^^^^^^^^^^^^^^^^^^^^^
...
 423 |                 ::sys::mm::align_down(vaddr.into_raw_value(), PGTAB_ALIGNMENT),
     |                 --------------------------------------------------------------
...
 750 |             ::sys::mm::align_down(vaddr.into_raw_value(), PGTAB_ALIGNMENT),
     |             --------------------------------------------------------------
...
 793 |             ::sys::mm::align_down(vaddr.into_raw_value(), PGTAB_ALIGNMENT),
     |             --------------------------------------------------------------
...
 886 |             ::sys::mm::align_down(vaddr.into_raw_value(), PGTAB_ALIGNMENT),
     |             --------------------------------------------------------------
...
 919 |             ::sys::mm::align_down(vaddr.into_raw_value(), PGTAB_ALIGNMENT),
     |             --------------------------------------------------------------
...
1069 |         let start: usize = ::sys::mm::align_down(addr.into_raw_value(), PAGE_ALIGNMENT);
     |                            ------------------------------------------------------------
...
1076 |         let last_page: usize = ::sys::mm::align_down(end_inclusive, PAGE_ALIGNMENT);
     |                                ----------------------------------------------------
...
1611 |                     ::sys::mm::align_down(vaddr.into_raw_value(), PGTAB_ALIGNMENT),
     |                     --------------------------------------------------------------
...
1686 |                 ::sys::mm::align_down(vaddr.into_raw_value(), PGTAB_ALIGNMENT),
     |                 --------------------------------------------------------------
...
1760 |                 ::sys::mm::align_down(vaddr.into_raw_value(), PGTAB_ALIGNMENT),
     |                 --------------------------------------------------------------
     |
     = help: The following declaration may resolve this error:
             pub assume_specification [sys::mm::align_down] (_0: usize, _1: sys::mm::Alignment) -> usize;

error: cannot use function `kernel::hal::mem::types::address::aligned::page::PageAligned::into_raw_value` which is ignored because it is either declared outside the verus! macro or it is marked as `external`.
    --> src/kernel/src/mm/virt/vmem.rs:295:35
     |
 295 |             ::sys::mm::align_down(vaddr.into_raw_value(), PGTAB_ALIGNMENT),
     |                                   ^^^^^^^^^^^^^^^^^^^^^^
...
 423 |                 ::sys::mm::align_down(vaddr.into_raw_value(), PGTAB_ALIGNMENT),
     |                                       ----------------------
...
 750 |             ::sys::mm::align_down(vaddr.into_raw_value(), PGTAB_ALIGNMENT),
     |                                   ----------------------
...
 793 |             ::sys::mm::align_down(vaddr.into_raw_value(), PGTAB_ALIGNMENT),
     |                                   ----------------------
...
 886 |             ::sys::mm::align_down(vaddr.into_raw_value(), PGTAB_ALIGNMENT),
     |                                   ----------------------
...
 919 |             ::sys::mm::align_down(vaddr.into_raw_value(), PGTAB_ALIGNMENT),
     |                                   ----------------------
...
1120 |         let offset: usize = vaddr.into_raw_value() - page_aligned.into_raw_value();
     |                                                      -----------------------------
...
1195 |                 let offset: usize = src.into_raw_value() - vaddr.into_raw_value();
     |                                                            ----------------------
...
1327 |             let offset: usize = dst.into_raw_value() - vaddr.into_raw_value();
     |                                                        ----------------------
...
1498 |                 let src_offset: usize = cur_src.into_raw_value() - src_page.into_raw_value();
     |                                                                    -------------------------
...
1504 |                 let dst_offset: usize = cur_dst.into_raw_value() - dst_page.into_raw_value();
     |                                                                    -------------------------
...
1564 |         let base: *mut u8 = usize_to_mut_ptr(dst.into_raw_value());
     |                                              --------------------
...
1611 |                     ::sys::mm::align_down(vaddr.into_raw_value(), PGTAB_ALIGNMENT),
     |                                           ----------------------
...
1686 |                 ::sys::mm::align_down(vaddr.into_raw_value(), PGTAB_ALIGNMENT),
     |                                       ----------------------
...
1760 |                 ::sys::mm::align_down(vaddr.into_raw_value(), PGTAB_ALIGNMENT),
     |                                       ----------------------
...
1799 |                         FrameAddress::new(PageAligned::from_raw_value(vaddr.into_raw_value())?);
     |                                                                       ----------------------
     |
     = help: The following declaration may resolve this error:
             pub assume_specification<T> [<crate::hal::mem::types::address::aligned::page::PageAligned<T> as sys::mm::Address>::crate::into_raw_value] (_0: crate::hal::mem::types::address::aligned::page::PageAligned<T>) -> usize
             where
             T: sys::mm::Address,;

error: `arch::x86::mem::constants::PGTAB_ALIGNMENT` is not supported (note: you may be able to add a Verus specification to this function with `assume_specification`)
    --> src/kernel/src/mm/virt/vmem.rs:295:59
     |
 295 |             ::sys::mm::align_down(vaddr.into_raw_value(), PGTAB_ALIGNMENT),
     |                                                           ^^^^^^^^^^^^^^^
...
 423 |                 ::sys::mm::align_down(vaddr.into_raw_value(), PGTAB_ALIGNMENT),
     |                                                               ---------------
...
 750 |             ::sys::mm::align_down(vaddr.into_raw_value(), PGTAB_ALIGNMENT),
     |                                                           ---------------
...
 793 |             ::sys::mm::align_down(vaddr.into_raw_value(), PGTAB_ALIGNMENT),
     |                                                           ---------------
...
 886 |             ::sys::mm::align_down(vaddr.into_raw_value(), PGTAB_ALIGNMENT),
     |                                                           ---------------
...
 919 |             ::sys::mm::align_down(vaddr.into_raw_value(), PGTAB_ALIGNMENT),
     |                                                           ---------------
...
1611 |                     ::sys::mm::align_down(vaddr.into_raw_value(), PGTAB_ALIGNMENT),
     |                                                                   ---------------
...
1686 |                 ::sys::mm::align_down(vaddr.into_raw_value(), PGTAB_ALIGNMENT),
     |                                                               ---------------
...
1760 |                 ::sys::mm::align_down(vaddr.into_raw_value(), PGTAB_ALIGNMENT),
     |                                                               ---------------

error: `sys::sys::mm::alignment::Alignment` is not supported (note: you may be able to add a Verus specification to this type with the `external_type_specification` attribute)
    --> src/kernel/src/mm/virt/vmem.rs:295:59
     |
 295 |             ::sys::mm::align_down(vaddr.into_raw_value(), PGTAB_ALIGNMENT),
     |                                                           ^^^^^^^^^^^^^^^
...
 423 |                 ::sys::mm::align_down(vaddr.into_raw_value(), PGTAB_ALIGNMENT),
     |                                                               ---------------
...
 750 |             ::sys::mm::align_down(vaddr.into_raw_value(), PGTAB_ALIGNMENT),
     |                                                           ---------------
...
 793 |             ::sys::mm::align_down(vaddr.into_raw_value(), PGTAB_ALIGNMENT),
     |                                                           ---------------
...
 886 |             ::sys::mm::align_down(vaddr.into_raw_value(), PGTAB_ALIGNMENT),
     |                                                           ---------------
...
 919 |             ::sys::mm::align_down(vaddr.into_raw_value(), PGTAB_ALIGNMENT),
     |                                                           ---------------
...
1069 |         let start: usize = ::sys::mm::align_down(addr.into_raw_value(), PAGE_ALIGNMENT);
     |                                                                         --------------
...
1076 |         let last_page: usize = ::sys::mm::align_down(end_inclusive, PAGE_ALIGNMENT);
     |                                                                     --------------
...
1119 |             PageAligned::from_address(vaddr.align_down(PAGE_ALIGNMENT))?;
     |                                                        --------------
...
1194 |                     PageAligned::from_address(src.align_down(PAGE_ALIGNMENT))?;
     |                                                              --------------
...
1313 |                 match PageAligned::from_address(dst.align_down(PAGE_ALIGNMENT)) {
     |                                                                --------------
...
1497 |                     PageAligned::from_address(cur_src.align_down(PAGE_ALIGNMENT))?;
     |                                                                  --------------
...
1503 |                     PageAligned::from_address(cur_dst.align_down(PAGE_ALIGNMENT))?;
     |                                                                  --------------
...
1611 |                     ::sys::mm::align_down(vaddr.into_raw_value(), PGTAB_ALIGNMENT),
     |                                                                   ---------------
...
1686 |                 ::sys::mm::align_down(vaddr.into_raw_value(), PGTAB_ALIGNMENT),
     |                                                               ---------------
...
1760 |                 ::sys::mm::align_down(vaddr.into_raw_value(), PGTAB_ALIGNMENT),
     |                                                               ---------------

error: cannot use function `kernel::hal::arch::x86::mem::mmu::page_directory::PageDirectory::read_pde` which is ignored because it is either declared outside the verus! macro or it is marked as `external`.
    --> src/kernel/src/mm/virt/vmem.rs:299:45
     |
 299 |         let pde: PageDirectoryEntry = match self.pgdir.read_pde(pt_vaddr) {
     |                                             ^^^^^^^^^^^^^^^^^^^^^^^^^^^^^
...
 427 |             let pde: PageDirectoryEntry = match self.pgdir.read_pde(pgtable_vaddr) {
     |                                                 ----------------------------------
...
1615 |                 let pde: PageDirectoryEntry = match self.pgdir.read_pde(pgtable_vaddr) {
     |                                                     ----------------------------------
...
1690 |             let pde: PageDirectoryEntry = match self.pgdir.read_pde(pgtable_vaddr) {
     |                                                 ----------------------------------
...
1763 |             let pde: PageDirectoryEntry = match self.pgdir.read_pde(PageTableAddress::new(vaddr)) {
     |                                                 -------------------------------------------------
     |
     = help: The following declaration may resolve this error:
             pub assume_specification<T> [crate::hal::arch::x86::mem::mmu::page_directory::PageDirectory::<T>::read_pde] (_0: &crate::hal::arch::x86::mem::mmu::page_directory::PageDirectory<T>, _1: crate::hal::mem::types::address::page::PageTableAddress) -> core::option::Option<arch::mem::paging::PageDirectoryEntry>
             where
             T: core::ops::Deref<Target = [u32]> + core::ops::DerefMut,;

error: `arch::x86::mem::paging::pde::impl&%1::is_present` is not supported (note: you may be able to add a Verus specification to this function with `assume_specification`)
    --> src/kernel/src/mm/virt/vmem.rs:309:13
     |
 309 |         if !pde.is_present() {
     |             ^^^^^^^^^^^^^^^^
...
 438 |             if !pde.is_present() {
     |                 ----------------
...
1626 |                 if !pde.is_present() {
     |                     ----------------
...
1700 |             if !pde.is_present() {
     |                 ----------------
...
1773 |             if !pde.is_present() {
     |                 ----------------
     |
     = help: The following declaration may resolve this error:
             pub assume_specification [arch::mem::paging::PageDirectoryEntry::is_present] (_0: &arch::mem::paging::PageDirectoryEntry) -> bool;

error: `core::cell::impl&%30::new` is not supported (note: you may be able to add a Verus specification to this function with `assume_specification`) (note: the vstd library provides some specification for the Rust std library, but it is currently limited)
   --> src/kernel/src/mm/virt/vmem.rs:326:36
    |
326 |                 .push_back(Rc::new(RefCell::new((pt_vaddr, page_table))));
    |                                    ^^^^^^^^^^^^^^^^^^^^^^^^^^^^^^^^^^^^
...
349 |                 self.kernel_pages.push_back(Rc::new(RefCell::new(kpage)));
    |                                                     -------------------
    |
    = help: The following declaration may resolve this error:
            pub assume_specification<T> [core::cell::RefCell::<T>::new] (_0: T) -> core::cell::RefCell<T>;

error: `alloc::collections::linked_list::IterMut` is not supported (note: you may be able to add a Verus specification to this type with the `external_type_specification` attribute) (note: the vstd library provides some specification for the Rust std library, but it is currently limited)
   --> src/kernel/src/mm/virt/vmem.rs:330:13
    |
330 |         let mut kernel_page_table_iter = self.kernel_page_tables.iter_mut();
    |             ^^^^^^^^^^^^^^^^^^^^^^^^^^   ----------------------------------
331 |         loop {
332 |             let entry = match kernel_page_table_iter.next() {
    |                               -----------------------------
    |
    = help: The following declaration may resolve this error:
            #[verifier::reject_recursive_types(T)]
            #[verifier::external_type_specification]
            pub struct ExIterMut<'a, T>(alloc::collections::linked_list::IterMut<'a, T>);

error: `alloc::collections::linked_list::impl&%8::iter_mut` is not supported (note: you may be able to add a Verus specification to this function with `assume_specification`) (note: the vstd library provides some specification for the Rust std library, but it is currently limited)
   --> src/kernel/src/mm/virt/vmem.rs:330:42
    |
330 |         let mut kernel_page_table_iter = self.kernel_page_tables.iter_mut();
    |                                          ^^^^^^^^^^^^^^^^^^^^^^^^^^^^^^^^^^
    |
    = help: The following declaration may resolve this error:
            pub assume_specification<T, A> [alloc::collections::LinkedList::<T, A>::iter_mut] (_0: &alloc::collections::LinkedList<T, A>) -> alloc::collections::linked_list::IterMut<'_, T>
            where
            A: core::alloc::Allocator,;

error: `alloc::collections::linked_list::impl&%15::next` is not supported (note: you may be able to add a Verus specification to this function with `assume_specification`) (note: the vstd library provides some specification for the Rust std library, but it is currently limited)
   --> src/kernel/src/mm/virt/vmem.rs:332:31
    |
332 |             let entry = match kernel_page_table_iter.next() {
    |                               ^^^^^^^^^^^^^^^^^^^^^^^^^^^^^
    |
    = help: The following declaration may resolve this error:
            pub assume_specification<'a, T> [<alloc::collections::linked_list::IterMut<'a, T> as core::iter::Iterator>::next] (_0: &alloc::collections::linked_list::IterMut<'a, T>) -> core::option::Option<&'a mut T>;

error: cannot use function `kernel::hal::mem::types::address::page::PageTableAddress::into_raw_value` which is ignored because it is either declared outside the verus! macro or it is marked as `external`.
   --> src/kernel/src/mm/virt/vmem.rs:336:16
    |
336 |             if entry.borrow().0.into_raw_value() == pt_vaddr.into_raw_value() {
    |                ^^^^^^^^^^^^^^^^^^^^^^^^^^^^^^^^^    -------------------------
...
838 |             let base: usize = pgtab_addr.into_raw_value();
    |                               ---------------------------
    |
    = help: The following declaration may resolve this error:
            pub assume_specification [crate::hal::mem::types::address::page::PageTableAddress::into_raw_value] (_0: crate::hal::mem::types::address::page::PageTableAddress) -> usize;

error: cannot use function `kernel::hal::arch::x86::mem::mmu::page_table::PageTable::map` which is ignored because it is either declared outside the verus! macro or it is marked as `external`.
    --> src/kernel/src/mm/virt/vmem.rs:339:17
     |
 339 | /                 entry.borrow_mut().1.map(
 340 | |                     PageAddress::new(vaddr),
 341 | |                     kpage.frame_address(),
 342 | |                     true,
...    |
 345 | |                     AccessPermission::RDWR,
 346 | |                 )?;
     | |_________________^
...
 458 |           page_table.map(PageAddress::new(vaddr), uframe.address(), false, false, true, access)?;
     |           -------------------------------------------------------------------------------------
...
1800 | /                     pt_mut.1.map(
1801 | |                         page_address,
1802 | |                         frame_addr,
1803 | |                         false, // user-accessible (MMIO regions are mapped for user processes)
...    |
1806 | |                         access,
1807 | |                     )?;
     | |_____________________-
     |
     = help: The following declaration may resolve this error:
             pub assume_specification<T> [crate::hal::arch::x86::mem::mmu::page_table::PageTable::<T>::map] (_0: &crate::hal::arch::x86::mem::mmu::page_table::PageTable<T>, _1: crate::hal::mem::types::address::page::PageAddress, _2: crate::hal::mem::types::address::frame::FrameAddress, _3: bool, _4: bool, _5: bool, _6: sys::mm::AccessPermission) -> core::result::Result<(), sys::error::Error>
             where
             T: core::ops::Deref<Target = [u32]> + core::ops::DerefMut,;

error: `core::cell::impl&%55::deref_mut` is not supported (note: you may be able to add a Verus specification to this function with `assume_specification`) (note: the vstd library provides some specification for the Rust std library, but it is currently limited)
    --> src/kernel/src/mm/virt/vmem.rs:339:17
     |
 339 |                 entry.borrow_mut().1.map(
     |                 ^^^^^^^^^^^^^^^^^^
...
1800 |                     pt_mut.1.map(
     |                     ------
...
1810 |                     pt_mut.1.ctrl(false, page_address, access)?;
     |                     ------
     |
     = help: The following declaration may resolve this error:
             pub assume_specification<'a, T> [<core::cell::RefMut<'a, T> as core::ops::DerefMut>::deref_mut] (_0: &core::cell::RefMut<'a, T>) -> &T
             where
             T: core::marker::MetaSized + ?Sized,;

error: `core::cell::RefMut` is not supported (note: you may be able to add a Verus specification to this type with the `external_type_specification` attribute) (note: the vstd library provides some specification for the Rust std library, but it is currently limited)
    --> src/kernel/src/mm/virt/vmem.rs:339:17
     |
 339 |                 entry.borrow_mut().1.map(
     |                 ^^^^^^^^^^^^^^^^^^
...
1794 |             let mut pt_mut = page_table.borrow_mut();
     |                 ----------   -----------------------
1795 |             // If the PTE is not present, create an identity-mapped entry first.
1796 |             match pt_mut.1.is_page_present(page_address) {
     |                   ------
...
1800 |                     pt_mut.1.map(
     |                     ------
...
1810 |                     pt_mut.1.ctrl(false, page_address, access)?;
     |                     ------
     |
     = help: The following declaration may resolve this error:
             #[verifier::reject_recursive_types(T)]
             #[verifier::external_type_specification]
             pub struct ExRefMut<'b, T>(core::cell::RefMut<'b, T>)
             where
             T: core::marker::MetaSized + ?Sized,;

error: `core::cell::impl&%31::borrow_mut` is not supported (note: you may be able to add a Verus specification to this function with `assume_specification`) (note: the vstd library provides some specification for the Rust std library, but it is currently limited)
    --> src/kernel/src/mm/virt/vmem.rs:339:17
     |
 339 |                 entry.borrow_mut().1.map(
     |                 ^^^^^^^^^^^^^^^^^^
...
1794 |             let mut pt_mut = page_table.borrow_mut();
     |                              -----------------------
     |
     = help: The following declaration may resolve this error:
             pub assume_specification<T> [core::cell::RefCell::<T>::borrow_mut] (_0: &core::cell::RefCell<T>) -> core::cell::RefMut<'_, T>
             where
             T: core::marker::MetaSized + ?Sized,;

error: cannot use function `kernel::hal::mem::types::address::page::PageAddress::new` which is ignored because it is either declared outside the verus! macro or it is marked as `external`.
    --> src/kernel/src/mm/virt/vmem.rs:340:21
     |
 340 |                     PageAddress::new(vaddr),
     |                     ^^^^^^^^^^^^^^^^^^^^^^^
...
 458 |         page_table.map(PageAddress::new(vaddr), uframe.address(), false, false, true, access)?;
     |                        -----------------------
...
 748 |         let page_addr: PageAddress = PageAddress::new(vaddr);
     |                                      -----------------------
...
 791 |         let page_addr: PageAddress = PageAddress::new(vaddr);
     |                                      -----------------------
...
 891 |         page_table.mark_cow(PageAddress::new(vaddr))
     |                             -----------------------
...
 924 |         page_table.unmark_cow(PageAddress::new(vaddr))
     |                               -----------------------
...
1635 |             let page_address: PageAddress = PageAddress::new(vaddr);
     |                                             -----------------------
...
1709 |         let page_address: PageAddress = PageAddress::new(vaddr);
     |                                         -----------------------
...
1782 |         let page_address: PageAddress = PageAddress::new(vaddr);
     |                                         -----------------------
     |
     = help: The following declaration may resolve this error:
             pub assume_specification [crate::hal::mem::types::address::page::PageAddress::new] (_0: crate::hal::mem::types::address::aligned::page::PageAligned<sys::mm::VirtualAddress>) -> crate::hal::mem::types::address::page::PageAddress;

error: cannot use function `kernel::mm::virt::kpage::KernelPage::frame_address` which is ignored because it is either declared outside the verus! macro or it is marked as `external`.
   --> src/kernel/src/mm/virt/vmem.rs:341:21
    |
341 |                     kpage.frame_address(),
    |                     ^^^^^^^^^^^^^^^^^^^^^
    |
    = help: The following declaration may resolve this error:
            pub assume_specification [crate::mm::virt::kpage::KernelPage::frame_address] (_0: &crate::mm::virt::kpage::KernelPage) -> crate::hal::mem::types::address::frame::FrameAddress;

error: cannot use function `kernel::hal::mem::types::address::aligned::page::PageAligned::into_inner` which is ignored because it is either declared outside the verus! macro or it is marked as `external`.
    --> src/kernel/src/mm/virt/vmem.rs:414:32
     |
 414 |         if !Self::is_user_addr(vaddr.into_inner()) {
     |                                ^^^^^^^^^^^^^^^^^^
...
 486 |         if !Self::is_user_addr(vaddr.into_inner()) {
     |                                ------------------
...
 879 |         if !Self::is_user_addr(vaddr.into_inner()) {
     |                                ------------------
...
 912 |         if !Self::is_user_addr(vaddr.into_inner()) {
     |                                ------------------
...
 989 |         if !Self::is_user_addr(vaddr.into_inner()) {
     |                                ------------------
...
1595 |         if !Self::is_user_addr(vaddr.into_inner()) {
     |                                ------------------
...
1677 |         if !Self::is_user_addr(vaddr.into_inner()) {
     |                                ------------------
...
1751 |         if !Self::is_kernel_addr(vaddr.into_inner()) {
     |                                  ------------------
     |
     = help: The following declaration may resolve this error:
             pub assume_specification<T> [crate::hal::mem::types::address::aligned::page::PageAligned::<T>::into_inner] (_0: crate::hal::mem::types::address::aligned::page::PageAligned<T>) -> T
             where
             T: sys::mm::Address,;

error: `alloc::collections::linked_list::impl&%8::push_front` is not supported (note: you may be able to add a Verus specification to this function with `assume_specification`) (note: the vstd library provides some specification for the Rust std library, but it is currently limited)
   --> src/kernel/src/mm/virt/vmem.rs:450:17
    |
450 | /                 self.user_page_tables
451 | |                     .push_front((pgtable_vaddr, page_table));
    | |____________________________________________________________^
    |
    = help: The following declaration may resolve this error:
            pub assume_specification<T, A> [alloc::collections::LinkedList::<T, A>::push_front] (_0: &alloc::collections::LinkedList<T, A>, _1: T)
            where
            A: core::alloc::Allocator,;

error: cannot use function `kernel::mm::phys::upool::UserFrame::address` which is ignored because it is either declared outside the verus! macro or it is marked as `external`.
    --> src/kernel/src/mm/virt/vmem.rs:458:49
     |
 458 |         page_table.map(PageAddress::new(vaddr), uframe.address(), false, false, true, access)?;
     |                                                 ^^^^^^^^^^^^^^^^
...
1023 |         let dst_paddr: usize = new_frame.address().into_raw_value();
     |                                -------------------
...
1028 |         let new_frame_addr: FrameAddress = new_frame.address();
     |                                            -------------------
     |
     = help: The following declaration may resolve this error:
             pub assume_specification [crate::mm::phys::upool::UserFrame::address] (_0: &crate::mm::phys::upool::UserFrame) -> crate::hal::mem::types::address::frame::FrameAddress;

error: cannot use function `kernel::mm::phys::upool::UserFrame::leak` which is ignored because it is either declared outside the verus! macro or it is marked as `external`.
    --> src/kernel/src/mm/virt/vmem.rs:465:9
     |
 465 |         uframe.leak();
     |         ^^^^^^^^^^^^^
...
1032 |         let _ = new_frame.leak();
     |                 ----------------
     |
     = help: The following declaration may resolve this error:
             pub assume_specification [crate::mm::phys::upool::UserFrame::leak] (_0: crate::mm::phys::upool::UserFrame) -> crate::hal::mem::types::address::frame::FrameAddress;

error: `sys::sys::mm::address::virt::impl&%0::checked_add` is not supported (note: you may be able to add a Verus specification to this function with `assume_specification`)
   --> src/kernel/src/mm/virt/vmem.rs:524:15
    |
524 |         match start.checked_add(size - 1) {
    |               ^^^^^^^^^^^^^^^^^^^^^^^^^^^
    |
    = help: The following declaration may resolve this error:
            pub assume_specification [sys::mm::VirtualAddress::checked_add] (_0: &sys::mm::VirtualAddress, _1: usize) -> core::option::Option<sys::mm::VirtualAddress>;

error: cannot use function `kernel::hal::platform::microvm::is_valid_physical_region` which is ignored because it is either declared outside the verus! macro or it is marked as `external`.
   --> src/kernel/src/mm/virt/vmem.rs:579:9
    |
579 |         crate::hal::platform::is_valid_physical_region(start, size)
    |         ^^^^^^^^^^^^^^^^^^^^^^^^^^^^^^^^^^^^^^^^^^^^^^^^^^^^^^^^^^^
    |
    = help: The following declaration may resolve this error:
            pub assume_specification [crate::hal::platform::microvm::is_valid_physical_region] (_0: usize, _1: usize) -> bool;

error: cannot use function `kernel::hal::arch::x86::mem::mmu::page_table::PageTable::is_page_present` which is ignored because it is either declared outside the verus! macro or it is marked as `external`.
    --> src/kernel/src/mm/virt/vmem.rs:760:20
     |
 760 |                 if page_table.is_page_present(page_addr)? {
     |                    ^^^^^^^^^^^^^^^^^^^^^^^^^^^^^^^^^^^^^
...
1787 |             match pt_ref.1.is_page_present(page_address) {
     |                   --------------------------------------
...
1796 |             match pt_mut.1.is_page_present(page_address) {
     |                   --------------------------------------
     |
     = help: The following declaration may resolve this error:
             pub assume_specification<T> [crate::hal::arch::x86::mem::mmu::page_table::PageTable::<T>::is_page_present] (_0: &crate::hal::arch::x86::mem::mmu::page_table::PageTable<T>, _1: crate::hal::mem::types::address::page::PageAddress) -> core::result::Result<bool, sys::error::Error>
             where
             T: core::ops::Deref<Target = [u32]> + core::ops::DerefMut,;

error: cannot use function `kernel::hal::arch::x86::mem::mmu::page_table::PageTable::lookup` which is ignored because it is either declared outside the verus! macro or it is marked as `external`.
    --> src/kernel/src/mm/virt/vmem.rs:761:36
     |
 761 |                     return Ok(Some(page_table.lookup(page_addr)?));
     |                                    ^^^^^^^^^^^^^^^^^^^^^^^^^^^^
...
1638 |             if page_table.lookup(page_address)? != frame_address {
     |                -------------------------------
     |
     = help: The following declaration may resolve this error:
             pub assume_specification<T> [crate::hal::arch::x86::mem::mmu::page_table::PageTable::<T>::lookup] (_0: &crate::hal::arch::x86::mem::mmu::page_table::PageTable<T>, _1: crate::hal::mem::types::address::page::PageAddress) -> core::result::Result<hal::mem::types::address::frame::FrameAddress, sys::error::Error>
             where
             T: core::ops::Deref<Target = [u32]> + core::ops::DerefMut,;

error: cannot use function `kernel::hal::arch::x86::mem::mmu::page_table::PageTable::read_pte_at` which is ignored because it is either declared outside the verus! macro or it is marked as `external`.
   --> src/kernel/src/mm/virt/vmem.rs:803:27
    |
803 |                 return Ok(page_table.read_pte_at(page_addr));
    |                           ^^^^^^^^^^^^^^^^^^^^^^^^^^^^^^^^^
    |
    = help: The following declaration may resolve this error:
            pub assume_specification<T> [crate::hal::arch::x86::mem::mmu::page_table::PageTable::<T>::read_pte_at] (_0: &crate::hal::arch::x86::mem::mmu::page_table::PageTable<T>, _1: crate::hal::mem::types::address::page::PageAddress) -> core::option::Option<arch::mem::paging::PageTableEntry>
            where
            T: core::ops::Deref<Target = [u32]> + core::ops::DerefMut,;

error: cannot use function `kernel::hal::arch::x86::mem::mmu::page_table::PageTable::iter_present_ptes` which is ignored because it is either declared outside the verus! macro or it is marked as `external`.
   --> src/kernel/src/mm/virt/vmem.rs:839:32
    |
839 |             let mut pte_iter = page_table.iter_present_ptes();
    |                                ^^^^^^^^^^^^^^^^^^^^^^^^^^^^^^
    |
    = help: The following declaration may resolve this error:
            pub assume_specification<T> [crate::hal::arch::x86::mem::mmu::page_table::PageTable::<T>::iter_present_ptes] (_0: &crate::hal::arch::x86::mem::mmu::page_table::PageTable<T>) -> impl core::iter::Iterator<Item = (usize, arch::mem::paging::PageTableEntry)> + '_
            where
            T: core::ops::Deref<Target = [u32]> + core::ops::DerefMut,;

error: `arch::x86::mem::constants::PAGE_SIZE` is not supported (note: you may be able to add a Verus specification to this function with `assume_specification`)
    --> src/kernel/src/mm/virt/vmem.rs:847:45
     |
 847 |                         pte_idx.checked_mul(mem::PAGE_SIZE).ok_or_else(|| {
     |                                             ^^^^^^^^^^^^^^
...
1024 |         super::memcpy(usize_to_mut_ptr(dst_paddr), usize_to_const_ptr(src_paddr), mem::PAGE_SIZE)?;
     |                                                                                   --------------
...
1090 |             page = page.checked_add(mem::PAGE_SIZE).ok_or_else(|| {
     |                                     --------------
...
1196 |                 let copy_size: usize = usize::min(size, mem::PAGE_SIZE - offset);
     |                                                         --------------
...
1328 |             let copy_size: usize = usize::min(mem::PAGE_SIZE - offset, size);
     |                                               --------------
...
1499 |                 let src_avail: usize = mem::PAGE_SIZE - src_offset;
     |                                        --------------
...
1505 |                 let dst_avail: usize = mem::PAGE_SIZE - dst_offset;
     |                                        --------------
...
1566 |         super::memset(base, value as u8, mem::PAGE_SIZE)?;
     |                                          --------------

error: cannot use function `kernel::hal::mem::types::address::aligned::page::PageAligned::from_raw_value` which is ignored because it is either declared outside the verus! macro or it is marked as `external`.
    --> src/kernel/src/mm/virt/vmem.rs:854:58
     |
 854 |                 let vaddr: PageAligned<VirtualAddress> = PageAligned::from_raw_value(raw_vaddr)?;
     |                                                          ^^^^^^^^^^^^^^^^^^^^^^^^^^^^^^^^^^^^^^
...
1080 |             let vaddr: PageAligned<VirtualAddress> = PageAligned::from_raw_value(page)?;
     |                                                      ---------------------------------
...
1799 |                         FrameAddress::new(PageAligned::from_raw_value(vaddr.into_raw_value())?);
     |                                           ---------------------------------------------------
     |
     = help: The following declaration may resolve this error:
             pub assume_specification<T> [<crate::hal::mem::types::address::aligned::page::PageAligned<T> as sys::mm::Address>::crate::from_raw_value] (_0: usize) -> core::result::Result<hal::mem::types::address::aligned::page::PageAligned<T>, sys::error::Error>
             where
             T: sys::mm::Address,;

error: cannot use function `kernel::hal::arch::x86::mem::mmu::page_table::PageTable::mark_cow` which is ignored because it is either declared outside the verus! macro or it is marked as `external`.
   --> src/kernel/src/mm/virt/vmem.rs:891:9
    |
891 |         page_table.mark_cow(PageAddress::new(vaddr))
    |         ^^^^^^^^^^^^^^^^^^^^^^^^^^^^^^^^^^^^^^^^^^^^
    |
    = help: The following declaration may resolve this error:
            pub assume_specification<T> [crate::hal::arch::x86::mem::mmu::page_table::PageTable::<T>::mark_cow] (_0: &crate::hal::arch::x86::mem::mmu::page_table::PageTable<T>, _1: crate::hal::mem::types::address::page::PageAddress) -> core::result::Result<(), sys::error::Error>
            where
            T: core::ops::Deref<Target = [u32]> + core::ops::DerefMut,;

error: cannot use function `kernel::hal::arch::x86::mem::mmu::page_table::PageTable::unmark_cow` which is ignored because it is either declared outside the verus! macro or it is marked as `external`.
   --> src/kernel/src/mm/virt/vmem.rs:924:9
    |
924 |         page_table.unmark_cow(PageAddress::new(vaddr))
    |         ^^^^^^^^^^^^^^^^^^^^^^^^^^^^^^^^^^^^^^^^^^^^^^
    |
    = help: The following declaration may resolve this error:
            pub assume_specification<T> [crate::hal::arch::x86::mem::mmu::page_table::PageTable::<T>::unmark_cow] (_0: &crate::hal::arch::x86::mem::mmu::page_table::PageTable<T>, _1: crate::hal::mem::types::address::page::PageAddress) -> core::result::Result<(), sys::error::Error>
            where
            T: core::ops::Deref<Target = [u32]> + core::ops::DerefMut,;

error: `arch::x86::mem::paging::pte::impl&%1::is_cow` is not supported (note: you may be able to add a Verus specification to this function with `assume_specification`)
   --> src/kernel/src/mm/virt/vmem.rs:997:13
    |
997 |         if !pte.is_cow() {
    |             ^^^^^^^^^^^^
    |
    = help: The following declaration may resolve this error:
            pub assume_specification [arch::mem::paging::PageTableEntry::is_cow] (_0: &arch::mem::paging::PageTableEntry) -> bool;

error: cannot use function `kernel::hal::mem::types::address::frame::FrameAddress::from_frame_number` which is ignored because it is either declared outside the verus! macro or it is marked as `external`.
    --> src/kernel/src/mm/virt/vmem.rs:1007:39
     |
1007 |         let src_frame: FrameAddress = FrameAddress::from_frame_number(pte.frame_number())?;
     |                                       ^^^^^^^^^^^^^^^^^^^^^^^^^^^^^^^^^^^^^^^^^^^^^^^^^^^
     |
     = help: The following declaration may resolve this error:
             pub assume_specification [crate::hal::mem::types::address::frame::FrameAddress::from_frame_number] (_0: arch::mem::paging::FrameNumber) -> core::result::Result<hal::mem::types::address::frame::FrameAddress, sys::error::Error>;

error: `arch::x86::mem::paging::pte::impl&%1::frame_number` is not supported (note: you may be able to add a Verus specification to this function with `assume_specification`)
    --> src/kernel/src/mm/virt/vmem.rs:1007:71
     |
1007 |         let src_frame: FrameAddress = FrameAddress::from_frame_number(pte.frame_number())?;
     |                                                                       ^^^^^^^^^^^^^^^^^^
     |
     = help: The following declaration may resolve this error:
             pub assume_specification [arch::mem::paging::PageTableEntry::frame_number] (_0: &arch::mem::paging::PageTableEntry) -> arch::mem::paging::FrameNumber;

error: `arch::x86::mem::paging::frame::number::FrameNumber` is not supported (note: you may be able to add a Verus specification to this type with the `external_type_specification` attribute)
    --> src/kernel/src/mm/virt/vmem.rs:1007:71
     |
1007 |         let src_frame: FrameAddress = FrameAddress::from_frame_number(pte.frame_number())?;
     |                                                                       ^^^^^^^^^^^^^^^^^^

error: cannot use function `kernel::mm::phys::upool::UserFrame::new` which is ignored because it is either declared outside the verus! macro or it is marked as `external`.
    --> src/kernel/src/mm/virt/vmem.rs:1010:64
     |
1010 |         let probe: ManuallyDrop<UserFrame> = ManuallyDrop::new(UserFrame::new(src_frame));
     |                                                                ^^^^^^^^^^^^^^^^^^^^^^^^^
...
1036 |         drop(UserFrame::new(old_frame));
     |              -------------------------
...
1667 |         Ok(Some(UserFrame::new(frame_address)))
     |                 -----------------------------
     |
     = help: The following declaration may resolve this error:
             pub assume_specification [crate::mm::phys::upool::UserFrame::new] (_0: crate::hal::mem::types::address::frame::FrameAddress) -> crate::mm::phys::upool::UserFrame;

error: cannot use function `kernel::mm::phys::upool::UserFrame::refcount` which is ignored because it is either declared outside the verus! macro or it is marked as `external`.
    --> src/kernel/src/mm/virt/vmem.rs:1011:12
     |
1011 |         if probe.refcount()? == 1 {
     |            ^^^^^^^^^^^^^^^^
     |
     = help: The following declaration may resolve this error:
             pub assume_specification [crate::mm::phys::upool::UserFrame::refcount] (_0: &crate::mm::phys::upool::UserFrame) -> core::result::Result<u8, sys::error::Error>;

error: cannot use function `kernel::mm::phys::manager::PhysMemoryManager::alloc_user_frame` which is ignored because it is either declared outside the verus! macro or it is marked as `external`.
    --> src/kernel/src/mm/virt/vmem.rs:1020:36
     |
1020 |         let new_frame: UserFrame = unsafe { PhysMemoryManager::get_mut() }.alloc_user_frame()?;
     |                                    ^^^^^^^^^^^^^^^^^^^^^^^^^^^^^^^^^^^^^^^^^^^^^^^^^^^^^^^^^^
     |
     = help: The following declaration may resolve this error:
             pub assume_specification [crate::mm::phys::manager::PhysMemoryManager::alloc_user_frame] (_0: &crate::mm::phys::manager::PhysMemoryManager) -> core::result::Result<mm::phys::upool::UserFrame, sys::error::Error>;

error: cannot use function `kernel::mm::phys::manager::PhysMemoryManager::get_mut` which is ignored because it is either declared outside the verus! macro or it is marked as `external`.
    --> src/kernel/src/mm/virt/vmem.rs:1020:45
     |
1020 |         let new_frame: UserFrame = unsafe { PhysMemoryManager::get_mut() }.alloc_user_frame()?;
     |                                             ^^^^^^^^^^^^^^^^^^^^^^^^^^^^
     |
     = help: The following declaration may resolve this error:
             pub assume_specification<'a> [crate::mm::phys::manager::PhysMemoryManager::get_mut] () -> &'a crate::mm::phys::manager::PhysMemoryManager;

error: `arch::x86::mem::paging::pte::impl&%1::frame_address` is not supported (note: you may be able to add a Verus specification to this function with `assume_specification`)
    --> src/kernel/src/mm/virt/vmem.rs:1022:32
     |
1022 |         let src_paddr: usize = pte.frame_address();
     |                                ^^^^^^^^^^^^^^^^^^^
     |
     = help: The following declaration may resolve this error:
             pub assume_specification [arch::mem::paging::PageTableEntry::frame_address] (_0: &arch::mem::paging::PageTableEntry) -> usize;

error: cannot use function `kernel::mm::virt::identity_map::memcpy` which is ignored because it is either declared outside the verus! macro or it is marked as `external`.
    --> src/kernel/src/mm/virt/vmem.rs:1024:9
     |
1024 |           super::memcpy(usize_to_mut_ptr(dst_paddr), usize_to_const_ptr(src_paddr), mem::PAGE_SIZE)?;
     |           ^^^^^^^^^^^^^^^^^^^^^^^^^^^^^^^^^^^^^^^^^^^^^^^^^^^^^^^^^^^^^^^^^^^^^^^^^^^^^^^^^^^^^^^^^
...
1203 | /                     super::memcpy(
1204 | |                         usize_to_mut_ptr(dst_gpa),
1205 | |                         usize_to_const_ptr(src_frame.into_raw_value() + offset),
1206 | |                         copy_size,
1207 | |                     )?;
     | |_____________________-
...
1377 |                   let copy_result: Result<(), Error> = super::memcpy(dst, src, copy_size);
     |                                                        ----------------------------------
...
1518 | /                     super::memcpy(
1519 | |                         usize_to_mut_ptr(dst_phys_addr),
1520 | |                         usize_to_const_ptr(src_phys_addr),
1521 | |                         copy_size,
1522 | |                     )?;
     | |_____________________-
     |
     = help: The following declaration may resolve this error:
             assume_specification [crate::mm::virt::identity_map::memcpy] (_0: *mut u8, _1: *const u8, _2: usize) -> core::result::Result<(), sys::error::Error>;

error: `type_safe::utils::usize_to_mut_ptr` is not supported (note: you may be able to add a Verus specification to this function with `assume_specification`)
    --> src/kernel/src/mm/virt/vmem.rs:1024:23
     |
1024 |         super::memcpy(usize_to_mut_ptr(dst_paddr), usize_to_const_ptr(src_paddr), mem::PAGE_SIZE)?;
     |                       ^^^^^^^^^^^^^^^^^^^^^^^^^^^
...
1204 |                         usize_to_mut_ptr(dst_gpa),
     |                         -------------------------
...
1374 |                 let dst: *mut u8 = usize_to_mut_ptr(dst_frame.into_raw_value() + offset);
     |                                    -----------------------------------------------------
...
1519 |                         usize_to_mut_ptr(dst_phys_addr),
     |                         -------------------------------
...
1564 |         let base: *mut u8 = usize_to_mut_ptr(dst.into_raw_value());
     |                             --------------------------------------
     |
     = help: The following declaration may resolve this error:
             pub assume_specification [type_safe::usize_to_mut_ptr] (_0: usize) -> *mut u8;

error: `type_safe::utils::usize_to_const_ptr` is not supported (note: you may be able to add a Verus specification to this function with `assume_specification`)
    --> src/kernel/src/mm/virt/vmem.rs:1024:52
     |
1024 |         super::memcpy(usize_to_mut_ptr(dst_paddr), usize_to_const_ptr(src_paddr), mem::PAGE_SIZE)?;
     |                                                    ^^^^^^^^^^^^^^^^^^^^^^^^^^^^^
...
1205 |                         usize_to_const_ptr(src_frame.into_raw_value() + offset),
     |                         -------------------------------------------------------
...
1376 |                 let src: *const u8 = usize_to_const_ptr(src_gpa);
     |                                      ---------------------------
...
1520 |                         usize_to_const_ptr(src_phys_addr),
     |                         ---------------------------------
     |
     = help: The following declaration may resolve this error:
             pub assume_specification [type_safe::usize_to_const_ptr] (_0: usize) -> *const u8;

error: `core::mem::drop` is not supported (note: you may be able to add a Verus specification to this function with `assume_specification`) (note: the vstd library provides some specification for the Rust std library, but it is currently limited)
    --> src/kernel/src/mm/virt/vmem.rs:1036:9
     |
1036 |         drop(UserFrame::new(old_frame));
     |         ^^^^^^^^^^^^^^^^^^^^^^^^^^^^^^^
     |
     = help: The following declaration may resolve this error:
             pub assume_specification<T> [core::mem::drop] (_0: T)
             where
             T: core::marker::Destruct,;

error: `sys::sys::mm::address::virt::impl&%1::into_raw_value` is not supported (note: you may be able to add a Verus specification to this function with `assume_specification`)
    --> src/kernel/src/mm/virt/vmem.rs:1069:50
     |
1069 |         let start: usize = ::sys::mm::align_down(addr.into_raw_value(), PAGE_ALIGNMENT);
     |                                                  ^^^^^^^^^^^^^^^^^^^^^
1070 |         let end_inclusive: usize =
1071 |             addr.into_raw_value().checked_add(size - 1).ok_or_else(|| {
     |             ---------------------
...
1120 |         let offset: usize = vaddr.into_raw_value() - page_aligned.into_raw_value();
     |                             ----------------------
...
1195 |                 let offset: usize = src.into_raw_value() - vaddr.into_raw_value();
     |                                     --------------------
...
1202 |                     let dst_gpa: usize = crate::hal::platform::virt_to_phys(dst.into_raw_value());
     |                                                                             --------------------
...
1211 |                 src = VirtualAddress::new(src.into_raw_value() + copy_size);
     |                                           --------------------
1212 |                 dst = VirtualAddress::new(dst.into_raw_value() + copy_size);
     |                                           --------------------
...
1327 |             let offset: usize = dst.into_raw_value() - vaddr.into_raw_value();
     |                                 --------------------
...
1330 |             let src_phys_addr_raw: usize = src.into_raw_value();
     |                                            --------------------
...
1375 |                 let src_gpa: usize = crate::hal::platform::virt_to_phys(src.into_raw_value());
     |                                                                         --------------------
...
1388 |             dst = VirtualAddress::new(dst.into_raw_value() + copy_size);
     |                                       --------------------
1389 |             src = VirtualAddress::new(src.into_raw_value() + copy_size);
     |                                       --------------------
...
1498 |                 let src_offset: usize = cur_src.into_raw_value() - src_page.into_raw_value();
     |                                         ------------------------
...
1504 |                 let dst_offset: usize = cur_dst.into_raw_value() - dst_page.into_raw_value();
     |                                         ------------------------
...
1526 |                 cur_src = VirtualAddress::new(cur_src.into_raw_value() + copy_size);
     |                                               ------------------------
1527 |                 cur_dst = VirtualAddress::new(cur_dst.into_raw_value() + copy_size);
     |                                               ------------------------
     |
     = help: The following declaration may resolve this error:
             pub assume_specification [<sys::mm::VirtualAddress as sys::mm::Address>::into_raw_value] (_0: sys::mm::VirtualAddress) -> usize;

error: `arch::x86::mem::constants::PAGE_ALIGNMENT` is not supported (note: you may be able to add a Verus specification to this function with `assume_specification`)
    --> src/kernel/src/mm/virt/vmem.rs:1069:73
     |
1069 |         let start: usize = ::sys::mm::align_down(addr.into_raw_value(), PAGE_ALIGNMENT);
     |                                                                         ^^^^^^^^^^^^^^
...
1076 |         let last_page: usize = ::sys::mm::align_down(end_inclusive, PAGE_ALIGNMENT);
     |                                                                     --------------
...
1119 |             PageAligned::from_address(vaddr.align_down(PAGE_ALIGNMENT))?;
     |                                                        --------------
...
1194 |                     PageAligned::from_address(src.align_down(PAGE_ALIGNMENT))?;
     |                                                              --------------
...
1313 |                 match PageAligned::from_address(dst.align_down(PAGE_ALIGNMENT)) {
     |                                                                --------------
...
1497 |                     PageAligned::from_address(cur_src.align_down(PAGE_ALIGNMENT))?;
     |                                                                  --------------
...
1503 |                     PageAligned::from_address(cur_dst.align_down(PAGE_ALIGNMENT))?;
     |                                                                  --------------

error: cannot use function `kernel::hal::mem::types::address::aligned::page::PageAligned::from_address` which is ignored because it is either declared outside the verus! macro or it is marked as `external`.
    --> src/kernel/src/mm/virt/vmem.rs:1119:13
     |
1119 |             PageAligned::from_address(vaddr.align_down(PAGE_ALIGNMENT))?;
     |             ^^^^^^^^^^^^^^^^^^^^^^^^^^^^^^^^^^^^^^^^^^^^^^^^^^^^^^^^^^^
...
1194 |                     PageAligned::from_address(src.align_down(PAGE_ALIGNMENT))?;
     |                     ---------------------------------------------------------
...
1313 |                 match PageAligned::from_address(dst.align_down(PAGE_ALIGNMENT)) {
     |                       ---------------------------------------------------------
...
1497 |                     PageAligned::from_address(cur_src.align_down(PAGE_ALIGNMENT))?;
     |                     -------------------------------------------------------------
...
1503 |                     PageAligned::from_address(cur_dst.align_down(PAGE_ALIGNMENT))?;
     |                     -------------------------------------------------------------
     |
     = help: The following declaration may resolve this error:
             pub assume_specification<T> [crate::hal::mem::types::address::aligned::page::PageAligned::<T>::from_address] (_0: T) -> core::result::Result<hal::mem::types::address::aligned::page::PageAligned<T>, sys::error::Error>
             where
             T: sys::mm::Address,;

error: `sys::sys::mm::address::virt::impl&%0::align_down` is not supported (note: you may be able to add a Verus specification to this function with `assume_specification`)
    --> src/kernel/src/mm/virt/vmem.rs:1119:39
     |
1119 |             PageAligned::from_address(vaddr.align_down(PAGE_ALIGNMENT))?;
     |                                       ^^^^^^^^^^^^^^^^^^^^^^^^^^^^^^^^
...
1194 |                     PageAligned::from_address(src.align_down(PAGE_ALIGNMENT))?;
     |                                               ------------------------------
...
1313 |                 match PageAligned::from_address(dst.align_down(PAGE_ALIGNMENT)) {
     |                                                 ------------------------------
...
1497 |                     PageAligned::from_address(cur_src.align_down(PAGE_ALIGNMENT))?;
     |                                               ----------------------------------
...
1503 |                     PageAligned::from_address(cur_dst.align_down(PAGE_ALIGNMENT))?;
     |                                               ----------------------------------
     |
     = help: The following declaration may resolve this error:
             pub assume_specification [sys::mm::VirtualAddress::align_down] (_0: &sys::mm::VirtualAddress, _1: sys::mm::Alignment) -> sys::mm::VirtualAddress;

error: cannot use function `kernel::hal::platform::microvm::virt_to_phys` which is ignored because it is either declared outside the verus! macro or it is marked as `external`.
    --> src/kernel/src/mm/virt/vmem.rs:1202:42
     |
1202 |                     let dst_gpa: usize = crate::hal::platform::virt_to_phys(dst.into_raw_value());
     |                                          ^^^^^^^^^^^^^^^^^^^^^^^^^^^^^^^^^^^^^^^^^^^^^^^^^^^^^^^^
...
1375 |                 let src_gpa: usize = crate::hal::platform::virt_to_phys(src.into_raw_value());
     |                                      --------------------------------------------------------
     |
     = help: The following declaration may resolve this error:
             pub assume_specification [crate::hal::platform::microvm::virt_to_phys] (_0: usize) -> usize;

error: `sys::sys::mm::address::virt::impl&%0::new` is not supported (note: you may be able to add a Verus specification to this function with `assume_specification`)
    --> src/kernel/src/mm/virt/vmem.rs:1211:23
     |
1211 |                 src = VirtualAddress::new(src.into_raw_value() + copy_size);
     |                       ^^^^^^^^^^^^^^^^^^^^^^^^^^^^^^^^^^^^^^^^^^^^^^^^^^^^^
1212 |                 dst = VirtualAddress::new(dst.into_raw_value() + copy_size);
     |                       -----------------------------------------------------
...
1388 |             dst = VirtualAddress::new(dst.into_raw_value() + copy_size);
     |                   -----------------------------------------------------
1389 |             src = VirtualAddress::new(src.into_raw_value() + copy_size);
     |                   -----------------------------------------------------
...
1526 |                 cur_src = VirtualAddress::new(cur_src.into_raw_value() + copy_size);
     |                           ---------------------------------------------------------
1527 |                 cur_dst = VirtualAddress::new(cur_dst.into_raw_value() + copy_size);
     |                           ---------------------------------------------------------
     |
     = help: The following declaration may resolve this error:
             pub assume_specification [sys::mm::VirtualAddress::new] (_0: usize) -> sys::mm::VirtualAddress;

error: cannot use function `kernel::hal::mem::types::address::frame::FrameAddress::into_physical_address` which is ignored because it is either declared outside the verus! macro or it is marked as `external`.
    --> src/kernel/src/mm/virt/vmem.rs:1563:49
     |
1563 |         let dst: PageAligned<PhysicalAddress> = uframe.into_physical_address();
     |                                                 ^^^^^^^^^^^^^^^^^^^^^^^^^^^^^^
     |
     = help: The following declaration may resolve this error:
             pub assume_specification [crate::hal::mem::types::address::frame::FrameAddress::into_physical_address] (_0: crate::hal::mem::types::address::frame::FrameAddress) -> crate::hal::mem::types::address::aligned::page::PageAligned<hal::mem::types::address::phys::PhysicalAddress>;

error: cannot use function `kernel::mm::virt::identity_map::memset` which is ignored because it is either declared outside the verus! macro or it is marked as `external`.
    --> src/kernel/src/mm/virt/vmem.rs:1566:9
     |
1566 |         super::memset(base, value as u8, mem::PAGE_SIZE)?;
     |         ^^^^^^^^^^^^^^^^^^^^^^^^^^^^^^^^^^^^^^^^^^^^^^^^
     |
     = help: The following declaration may resolve this error:
             assume_specification [crate::mm::virt::identity_map::memset] (_0: *mut u8, _1: u8, _2: usize) -> core::result::Result<(), sys::error::Error>;

error: cannot use function `kernel::hal::arch::x86::mem::mmu::page_table::PageTable::unmap` which is ignored because it is either declared outside the verus! macro or it is marked as `external`.
    --> src/kernel/src/mm/virt/vmem.rs:1645:13
     |
1645 |             page_table.unmap(page_address)?;
     |             ^^^^^^^^^^^^^^^^^^^^^^^^^^^^^^
     |
     = help: The following declaration may resolve this error:
             pub assume_specification<T> [crate::hal::arch::x86::mem::mmu::page_table::PageTable::<T>::unmap] (_0: &crate::hal::arch::x86::mem::mmu::page_table::PageTable<T>, _1: crate::hal::mem::types::address::page::PageAddress) -> core::result::Result<hal::mem::types::address::frame::FrameAddress, sys::error::Error>
             where
             T: core::ops::Deref<Target = [u32]> + core::ops::DerefMut,;

error: cannot use function `kernel::hal::arch::x86::mem::mmu::page_table::PageTable::nmapped` which is ignored because it is either declared outside the verus! macro or it is marked as `external`.
    --> src/kernel/src/mm/virt/vmem.rs:1647:29
     |
1647 |             (pgtable_vaddr, page_table.nmapped() == 0)
     |                             ^^^^^^^^^^^^^^^^^^^^
     |
     = help: The following declaration may resolve this error:
             pub assume_specification<T> [crate::hal::arch::x86::mem::mmu::page_table::PageTable::<T>::nmapped] (_0: &crate::hal::arch::x86::mem::mmu::page_table::PageTable<T>) -> usize
             where
             T: core::ops::Deref<Target = [u32]> + core::ops::DerefMut,;

error: `alloc::collections::linked_list::impl&%10%default%position` is not supported (note: you may be able to add a Verus specification to this function with `assume_specification`) (note: the vstd library provides some specification for the Rust std library, but it is currently limited)
    --> src/kernel/src/mm/virt/vmem.rs:1656:22
     |
1656 |               let at = self
     |  ______________________^
1657 | |                 .user_page_tables
1658 | |                 .iter()
1659 | |                 .position(|entry| entry.0 == pgtable_vaddr)
     | |___________________________________________________________^

error: cannot use function `kernel::hal::mem::types::address::page::PageTableAddress::eq` which is ignored because it is either declared outside the verus! macro or it is marked as `external`.
    --> src/kernel/src/mm/virt/vmem.rs:1659:35
     |
1659 |                 .position(|entry| entry.0 == pgtable_vaddr)
     |                                   ^^^^^^^^^^^^^^^^^^^^^^^^
     |
     = help: The following declaration may resolve this error:
             pub assume_specification [<crate::hal::mem::types::address::page::PageTableAddress as core::cmp::PartialEq>::crate::eq] (_0: &crate::hal::mem::types::address::page::PageTableAddress, _1: &crate::hal::mem::types::address::page::PageTableAddress) -> bool;

error: `alloc::collections::linked_list::impl&%8::remove` is not supported (note: you may be able to add a Verus specification to this function with `assume_specification`) (note: the vstd library provides some specification for the Rust std library, but it is currently limited)
    --> src/kernel/src/mm/virt/vmem.rs:1662:48
     |
1662 |             let (_pgtable_addr, _page_table) = self.user_page_tables.remove(at);
     |                                                ^^^^^^^^^^^^^^^^^^^^^^^^^^^^^^^^
     |
     = help: The following declaration may resolve this error:
             pub assume_specification<T, A> [alloc::collections::LinkedList::<T, A>::remove] (_0: &alloc::collections::LinkedList<T, A>, _1: usize) -> T
             where
             A: core::alloc::Allocator,;

error: cannot use function `kernel::hal::arch::x86::mem::mmu::page_directory::PageDirectory::unmap` which is ignored because it is either declared outside the verus! macro or it is marked as `external`.
    --> src/kernel/src/mm/virt/vmem.rs:1664:13
     |
1664 |             self.pgdir.unmap(pgtable_vaddr)?;
     |             ^^^^^^^^^^^^^^^^^^^^^^^^^^^^^^^
     |
     = help: The following declaration may resolve this error:
             pub assume_specification<T> [crate::hal::arch::x86::mem::mmu::page_directory::PageDirectory::<T>::unmap] (_0: &crate::hal::arch::x86::mem::mmu::page_directory::PageDirectory<T>, _1: crate::hal::mem::types::address::page::PageTableAddress) -> core::result::Result<hal::mem::types::address::frame::FrameAddress, sys::error::Error>
             where
             T: core::ops::Deref<Target = [u32]> + core::ops::DerefMut,;

error: cannot use function `kernel::hal::arch::x86::mem::mmu::page_table::PageTable::ctrl` which is ignored because it is either declared outside the verus! macro or it is marked as `external`.
    --> src/kernel/src/mm/virt/vmem.rs:1712:9
     |
1712 |         page_table.ctrl(false, page_address, access)?;
     |         ^^^^^^^^^^^^^^^^^^^^^^^^^^^^^^^^^^^^^^^^^^^^
...
1810 |                     pt_mut.1.ctrl(false, page_address, access)?;
     |                     ------------------------------------------
     |
     = help: The following declaration may resolve this error:
             pub assume_specification<T> [crate::hal::arch::x86::mem::mmu::page_table::PageTable::<T>::ctrl] (_0: &crate::hal::arch::x86::mem::mmu::page_table::PageTable<T>, _1: bool, _2: crate::hal::mem::types::address::page::PageAddress, _3: sys::mm::AccessPermission) -> core::result::Result<(), sys::error::Error>
             where
             T: core::ops::Deref<Target = [u32]> + core::ops::DerefMut,;

error: `core::cell::impl&%54::deref` is not supported (note: you may be able to add a Verus specification to this function with `assume_specification`) (note: the vstd library provides some specification for the Rust std library, but it is currently limited)
    --> src/kernel/src/mm/virt/vmem.rs:1796:19
     |
1796 |             match pt_mut.1.is_page_present(page_address) {
     |                   ^^^^^^
     |
     = help: The following declaration may resolve this error:
             pub assume_specification<'a, T> [<core::cell::RefMut<'a, T> as core::ops::Deref>::deref] (_0: &core::cell::RefMut<'a, T>) -> &T
             where
             T: core::marker::MetaSized + ?Sized,;

error: cannot use function `kernel::hal::mem::types::address::frame::FrameAddress::new` which is ignored because it is either declared outside the verus! macro or it is marked as `external`.
    --> src/kernel/src/mm/virt/vmem.rs:1799:25
     |
1799 |                         FrameAddress::new(PageAligned::from_raw_value(vaddr.into_raw_value())?);
     |                         ^^^^^^^^^^^^^^^^^^^^^^^^^^^^^^^^^^^^^^^^^^^^^^^^^^^^^^^^^^^^^^^^^^^^^^^
     |
     = help: The following declaration may resolve this error:
             pub assume_specification [crate::hal::mem::types::address::frame::FrameAddress::new] (_0: crate::hal::mem::types::address::aligned::page::PageAligned<hal::mem::types::address::phys::PhysicalAddress>) -> crate::hal::mem::types::address::frame::FrameAddress;

error: cannot use function `kernel::hal::arch::x86::mem::mmu::page_directory::PageDirectory::new` which is ignored because it is either declared outside the verus! macro or it is marked as `external`.
   --> src/kernel/src/mm/virt/vmem.rs:216:13
    |
216 |             PageDirectory::new(PageDirectoryStorage::KernelPage(pgdir_page));
    |             ^^^^^^^^^^^^^^^^^^^^^^^^^^^^^^^^^^^^^^^^^^^^^^^^^^^^^^^^^^^^^^^^
    |
    = help: The following declaration may resolve this error:
            pub assume_specification<T> [crate::hal::arch::x86::mem::mmu::page_directory::PageDirectory::<T>::new] (_0: T) -> crate::hal::arch::x86::mem::mmu::page_directory::PageDirectory<T>
            where
            T: core::ops::Deref<Target = [u32]> + core::ops::DerefMut,;

error: could not compile `kernel` (bin "kernel") due to 81 previous errors
