Timestamp: 2026-06-15_18-59-22
Mode: cargo
Crate: kernel
Directory: N/A
Module: mm::virt::vmem
Exit code: 101
0 verified
compilation/setup error (verus did not run)

Cheating patterns:
  assume=0
  external_body=54
  admit=0
  trusted=0
  no_decreases=0
  cfg_gate=53

--- Full output ---
    Checking kernel v0.16.48 (/home/ruize/nanvix-virt/src/kernel)
error: the implementation for Drop must be marked opens_invariants none
    --> src/kernel/src/mm/virt/vmem.rs:2104:5
     |
2104 |     fn drop(&mut self) {
     |     ^^^^^^^^^^^^^^^^^^

error: could not compile `kernel` (bin "kernel") due to 1 previous error
