Timestamp: 2026-06-15_05-32-23
Mode: cargo
Crate: kernel
Directory: N/A
Module: mm::phys::upool
Exit code: 0
8 verified
0 errors

Cheating patterns:
  assume=0
  external_body=25
  admit=0
  trusted=0
  no_decreases=0
  cfg_gate=9

--- Full output ---
    Checking kernel v0.16.17 (/home/ruize/nanvix-phy/src/kernel)
note: verifying module mm::phys::upool

verification results:: 8 verified, 0 errors (partial verification with `--verify-*`)
    Finished `dev` profile [optimized + debuginfo] target(s) in 2.17s
