Timestamp: 2026-06-14_07-23-12
Mode: cargo
Crate: kernel
Directory: N/A
Module: mm::phys::frame
Exit code: 0
20 verified
0 errors

Cheating patterns:
  assume=0
  external_body=12
  admit=28
  trusted=0
  no_decreases=0
  cfg_gate=15

--- Full output ---
    Checking kernel v0.16.17 (/home/ruize/nanvix-phy/src/kernel)
note: verifying module mm::phys::frame

verification results:: 20 verified, 0 errors (partial verification with `--verify-*`)
    Finished `dev` profile [optimized + debuginfo] target(s) in 2.55s
