Timestamp: 2026-06-14_11-45-35
Mode: cargo
Crate: kernel
Directory: N/A
Module: <all>
Exit code: 101
48 verified
0 errors

Cheating patterns:
  assume=0
  external_body=14
  admit=36
  trusted=0
  no_decreases=0
  cfg_gate=15

--- Full output ---
    Checking arch v0.16.17 (/home/ruize/nanvix-phy/src/libs/arch)
verification results:: 48 verified, 0 errors
    Checking kernel v0.16.17 (/home/ruize/nanvix-phy/src/kernel)
error: duplicate specification for `arch::x86::mem::paging::pte::impl&%0::new`
   --> src/libs/arch/src/x86/mem/paging/pte.rs:98:5
    |
 98 | /     pub fn new(
 99 | |         present: PresentFlag,
100 | |         read_write: ReadWriteFlag,
101 | |         user_supervisor: UserSupervisorFlag,
...   |
105 | |         dirty: DirtyFlag,
106 | |     ) -> Self {
    | |_____________^ declared here (and not marked as `external`)
    |
   ::: src/kernel/src/mm/virt/identity_map.spec.rs:170:1
    |
170 | / pub assume_specification[ PageTableEntryFlags::new ](
171 | |     present: PresentFlag,
172 | |     read_write: ReadWriteFlag,
173 | |     user_supervisor: UserSupervisorFlag,
...   |
177 | |     dirty: DirtyFlag,
178 | | ) -> PageTableEntryFlags;
    | |________________________^ specification declared via `assume_specification`

error: could not compile `kernel` (bin "kernel") due to 1 previous error
