Timestamp: 2026-06-15_13-00-18
Mode: cargo
Crate: kernel
Directory: N/A
Module: mm::phys
Exit code: 101
0 verified
compilation/setup error (verus did not run)

Cheating patterns:
  assume=0
  external_body=13
  admit=7
  trusted=0
  no_decreases=0
  cfg_gate=12

--- Full output ---
    Checking kernel v0.16.17 (/home/ruize/nanvix-phy-specs-bottom-up/src/kernel)
error: disallowed: constructor for an opaque datatype
   --> src/kernel/src/mm/phys/upool.rs:246:9
    |
221 | / pub struct Upool {
222 | |     /// Private field prevents external construction.
223 | |     _private: (),
224 | | }
    | |_- Verus treats this datatype as 'opaque' because it is marked 'external_body'
...
246 |           Self { _private: () }
    |           ^^^^^^^^^^^^^^^^^^^^^ this constructor is disallowed

error: could not compile `kernel` (bin "kernel") due to 1 previous error
