Timestamp: 2026-06-15_08-41-13
Mode: cargo
Crate: kernel
Directory: N/A
Module: mm::phys
Exit code: 101
59 verified
1 errors

Cheating patterns:
  assume=0
  external_body=11
  admit=24
  trusted=0
  no_decreases=0
  cfg_gate=13

--- Full output ---
    Checking kernel v0.16.17 (/home/ruize/nanvix-phy-specs-bottom-up/src/kernel)
note: verifying module mm::phys

note: verifying module mm::phys::frame

note: verifying module mm::phys::kframe

note: verifying module mm::phys::manager

note: verifying module mm::phys::upool

note: recommendation not met
   --> src/kernel/src/mm/phys/frame.proof.rs:248:32
    |
248 |         new_inner.refcount@ == old_inner.refcount@.update(fnn, new_val),
    |                                ^^^^^^^^^^^^^^^^^^^^^^^^^^^^^^^^^^^^^^^^
    |
   ::: /home/ruize/.cargo/registry/src/index.crates.io-1949cf8c6b5b557f/vstd-0.0.0-2026-05-31-0205/seq.rs:97:13
    |
 97 |             0 <= i < self.len(),
    |             ------------------- recommendation not met

note: recommendation not met
   --> src/kernel/src/mm/phys/frame.proof.rs:266:44
    |
266 |     assert forall|i: int| i != fnn implies new_inner.refcount@[i] == old_inner.refcount@[i] by {};
    |                                            ^^^^^^^^^^^^^^^^^^^^^^
    |
   ::: /home/ruize/.cargo/registry/src/index.crates.io-1949cf8c6b5b557f/vstd-0.0.0-2026-05-31-0205/seq.rs:62:13
    |
 62 |             0 <= i < self.len(),
    |             ------------------- recommendation not met

error: assertion failed
   --> src/kernel/src/mm/phys/frame.proof.rs:266:44
    |
266 |     assert forall|i: int| i != fnn implies new_inner.refcount@[i] == old_inner.refcount@[i] by {};
    |                                            ^^^^^^^^^^^^^^^^^^^^^^^^^^^^^^^^^^^^^^^^^^^^^^^^ assertion failed

note: recommendation not met
   --> src/kernel/src/mm/phys/frame.proof.rs:266:70
    |
266 |     assert forall|i: int| i != fnn implies new_inner.refcount@[i] == old_inner.refcount@[i] by {};
    |                                                                      ^^^^^^^^^^^^^^^^^^^^^^
    |
   ::: /home/ruize/.cargo/registry/src/index.crates.io-1949cf8c6b5b557f/vstd-0.0.0-2026-05-31-0205/seq.rs:62:13
    |
 62 |             0 <= i < self.len(),
    |             ------------------- recommendation not met

verification results:: 59 verified, 1 errors (partial verification with `--verify-*`)
error: could not compile `kernel` (bin "kernel") due to 1 previous error
