Timestamp: 2026-06-15_14-39-34
Mode: cargo
Crate: kernel
Directory: N/A
Module: mm::phys
Exit code: 101
82 verified
4 errors

Cheating patterns:
  assume=0
  external_body=14
  admit=3
  trusted=0
  no_decreases=0
  cfg_gate=9

--- Full output ---
    Checking kernel v0.16.17 (/home/ruize/nanvix-phy-specs-bottom-up/src/kernel)
note: verifying module mm::phys

note: verifying module mm::phys::frame

note: verifying module mm::phys::kframe

note: verifying module mm::phys::manager

note: verifying module mm::phys::upool

error: postcondition not satisfied
  --> src/kernel/src/mm/phys/manager.proof.rs:25:9
   |
23 | pub proof fn lemma_manager_attached(m: &PhysMemoryManager)
   | ---------------------------------------------------------- at the end of the function body
24 |     ensures
25 |         m@ == phys_view().frames,
   |         ^^^^^^^^^^^^^^^^^^^^^^^^ failed this postcondition

note: function body check: not all errors may have been reported; rerun with a higher value for --multiple-errors to find other potential errors in this function
  --> src/kernel/src/mm/phys/manager.proof.rs:37:1
   |
37 | pub proof fn lemma_kernel_alloc_one(pre: FrameAllocView, post: FrameAllocView, addr: int)
   | ^^^^^^^^^^^^^^^^^^^^^^^^^^^^^^^^^^^^^^^^^^^^^^^^^^^^^^^^^^^^^^^^^^^^^^^^^^^^^^^^^^^^^^^^^

error: postcondition not satisfied
  --> src/kernel/src/mm/phys/manager.proof.rs:41:9
   |
37 | pub proof fn lemma_kernel_alloc_one(pre: FrameAllocView, post: FrameAllocView, addr: int)
   | ----------------------------------------------------------------------------------------- at the end of the function body
...
41 |         pre.free_frames.contains(addr),
   |         ^^^^^^^^^^^^^^^^^^^^^^^^^^^^^^ failed this postcondition

error: postcondition not satisfied
  --> src/kernel/src/mm/phys/manager.proof.rs:42:9
   |
37 | pub proof fn lemma_kernel_alloc_one(pre: FrameAllocView, post: FrameAllocView, addr: int)
   | ----------------------------------------------------------------------------------------- at the end of the function body
...
42 |         post == pre.alloc_one(addr),
   |         ^^^^^^^^^^^^^^^^^^^^^^^^^^^ failed this postcondition

note: function body check: not all errors may have been reported; rerun with a higher value for --multiple-errors to find other potential errors in this function
  --> src/kernel/src/mm/phys/manager.proof.rs:49:1
   |
49 | / pub proof fn lemma_kernel_alloc_contiguous(
50 | |     pre: FrameAllocView,
51 | |     post: FrameAllocView,
52 | |     frames: Seq<KernelFrame>,
53 | |     count: nat,
54 | | )
   | |_^

error: postcondition not satisfied
  --> src/kernel/src/mm/phys/manager.proof.rs:58:9
   |
49 | / pub proof fn lemma_kernel_alloc_contiguous(
50 | |     pre: FrameAllocView,
51 | |     post: FrameAllocView,
52 | |     frames: Seq<KernelFrame>,
53 | |     count: nat,
54 | | )
   | |_- at the end of the function body
...
58 |           frames.len() == count,
   |           ^^^^^^^^^^^^^^^^^^^^^ failed this postcondition

error: postcondition not satisfied
  --> src/kernel/src/mm/phys/manager.proof.rs:59:9
   |
49 | / pub proof fn lemma_kernel_alloc_contiguous(
50 | |     pre: FrameAllocView,
51 | |     post: FrameAllocView,
52 | |     frames: Seq<KernelFrame>,
53 | |     count: nat,
54 | | )
   | |_- at the end of the function body
...
59 |           crate::mm::phys::manager::kernel_frames_contiguous(frames, count),
   |           ^^^^^^^^^^^^^^^^^^^^^^^^^^^^^^^^^^^^^^^^^^^^^^^^^^^^^^^^^^^^^^^^^ failed this postcondition

error: postcondition not satisfied
   --> src/kernel/src/mm/phys/manager.proof.rs:165:9
    |
161 | pub proof fn lemma_user_bulk_err_restored(m: &PhysMemoryManager, pre: FrameAllocView)
    | ------------------------------------------------------------------------------------- at the end of the function body
...
165 |         m@ == pre,
    |         ^^^^^^^^^ failed this postcondition

note: automatically chose triggers for this expression:
   --> src/kernel/src/mm/phys/frame.rs:313:17
    |
313 | /                 forall|k: int| 0 <= k < self.refcount@.len() && !(lo <= k < i)
314 | |                     ==> self.refcount@[k] == old_self.refcount@[k],
    | |__________________________________________________________________^

note:   trigger 1 of 1:
   --> src/kernel/src/mm/phys/frame.rs:314:46
    |
314 |                     ==> self.refcount@[k] == old_self.refcount@[k],
    |                                              ^^^^^^^^^^^^^^^^^^^^^

note: automatically chose triggers for this expression:
   --> src/kernel/src/mm/phys/frame.rs:329:13
    |
329 |             assert forall|k: int| 0 <= k < self.refcount@.len() && !(lo <= k < hi) implies
    |             ^^^^^^

note:   trigger 1 of 1:
   --> src/kernel/src/mm/phys/frame.rs:330:38
    |
330 |                 self.refcount@[k] == old_self.refcount@[k] by {}
    |                                      ^^^^^^^^^^^^^^^^^^^^^

note: automatically chose triggers for this expression:
    --> src/kernel/src/mm/phys/frame.rs:1141:17
     |
1141 | /                 forall|k: int| 0 <= k < self.refcount@.len() && !(lo <= k < index)
1142 | |                     ==> self.refcount@[k] == old_self.refcount@[k],
     | |__________________________________________________________________^

note:   trigger 1 of 1:
    --> src/kernel/src/mm/phys/frame.rs:1142:46
     |
1142 |                     ==> self.refcount@[k] == old_self.refcount@[k],
     |                                              ^^^^^^^^^^^^^^^^^^^^^

note: automatically chose triggers for this expression:
    --> src/kernel/src/mm/phys/frame.rs:1186:13
     |
1186 |             assert forall|k: int| 0 <= k < self.refcount@.len() && !(lo <= k < hi) implies
     |             ^^^^^^

note:   trigger 1 of 1:
    --> src/kernel/src/mm/phys/frame.rs:1187:38
     |
1187 |                 self.refcount@[k] == old_self.refcount@[k] by {}
     |                                      ^^^^^^^^^^^^^^^^^^^^^

note: Verus printed one or more automatically chosen quantifier triggers
      because it had low confidence in the chosen triggers.
      To suppress these messages, do one of the following:
        (1) manually annotate a single desired trigger using #[trigger]
            (example: forall|i: int, j: int| f(i) && #[trigger] g(i) && #[trigger] h(j)),
        (2) manually annotate multiple desired triggers using #![trigger ...]
            (example: forall|i: int| #![trigger f(i)] #![trigger g(i)] f(i) && g(i)),
        (3) accept the automatically chosen trigger using #![auto]
            (example: forall|i: int, j: int| #![auto] f(i) && g(i) && h(j))
        (4) use the --triggers-mode silent command-line option to suppress all printing of triggers.
      (Note: triggers are used by the underlying SMT theorem prover to instantiate quantifiers;
      the theorem prover instantiates a quantifier whenever some expression matches the
      pattern specified by one of the quantifier's triggers.)
    --> src/kernel/src/mm/phys/frame.rs:1186:13
     |
1186 |             assert forall|k: int| 0 <= k < self.refcount@.len() && !(lo <= k < hi) implies
     |             ^^^^^^

verification results:: 82 verified, 4 errors (partial verification with `--verify-*`)
error: could not compile `kernel` (bin "kernel") due to 6 previous errors
