Timestamp: 2026-06-15_10-41-46
Mode: cargo
Crate: kernel
Directory: N/A
Module: hal::mem::types::address::aligned::page
Exit code: 101
0 verified
compilation/setup error (verus did not run)

Cheating patterns:
  assume=0
  external_body=23
  admit=1
  trusted=0
  no_decreases=0
  cfg_gate=9

--- Full output ---
    Checking kernel v0.16.17 (/home/ruize/nanvix-phy/src/kernel)
error: In order to verify any items of this trait impl, the entire impl must be verified. Try wrapping the entire impl in the `verus!` macro.
   --> src/kernel/src/hal/mem/types/address/aligned/page.rs:56:1
    |
 56 | / impl<T: Address> Address for PageAligned<T> {
 57 | |     #[verus_spec(result =>
 58 | |         ensures
 59 | |             result as int == self@,
...   |
157 | | }
    | |_^

error: could not compile `kernel` (bin "kernel") due to 1 previous error
