Timestamp: 2026-06-15_14-07-33
Mode: cargo
Crate: kernel
Directory: N/A
Module: hal::mem::types::region
Exit code: 0
5 verified
0 errors

Cheating patterns:
  assume=0
  external_body=25
  admit=0
  trusted=0
  no_decreases=0
  cfg_gate=7

--- Full output ---
    Checking sys v0.16.17 (/home/ruize/nanvix-phy/src/libs/sys)
verification results:: 4 verified, 0 errors
    Checking raw-array v0.16.17 (/home/ruize/nanvix-phy/src/libs/raw-array)
    Checking elf v0.16.17 (/home/ruize/nanvix-phy/src/libs/elf)
    Checking arch v0.16.17 (/home/ruize/nanvix-phy/src/libs/arch)
verification results:: 0 verified, 0 errors
    Checking bitmap v0.16.17 (/home/ruize/nanvix-phy/src/libs/bitmap)
verification results:: 70 verified, 0 errors
    Checking nanvix-slab v0.16.17 (/home/ruize/nanvix-phy/src/libs/slab)
verification results:: 35 verified, 0 errors
    Checking kernel v0.16.17 (/home/ruize/nanvix-phy/src/kernel)
note: verifying module hal::mem::types::region

verification results:: 5 verified, 0 errors (partial verification with `--verify-*`)
    Finished `dev` profile [optimized + debuginfo] target(s) in 8.97s
