Timestamp: 2026-06-15_03-42-28
Mode: cargo
Crate: kernel
Directory: N/A
Module: mm::phys
Exit code: 101
42 verified
1 errors

Cheating patterns:
  assume=0
  external_body=16
  admit=24
  trusted=0
  no_decreases=0
  cfg_gate=15

--- Full output ---
    Checking kernel v0.16.17 (/home/ruize/nanvix-phy-specs/src/kernel)
note: verifying module mm::phys

note: verifying module mm::phys::frame

note: verifying module mm::phys::kframe

note: verifying module mm::phys::manager

note: verifying module mm::phys::upool

error: postcondition not satisfied
   --> src/kernel/src/mm/phys/upool.rs:243:13
    |
243 |             result@.wf(),
    |             ^^^^^^^^^^^^ failed this postcondition
...
246 |         Self { _private: () }
    |         --------------------- at the end of the function body

verification results:: 42 verified, 1 errors (partial verification with `--verify-*`)
error: could not compile `kernel` (bin "kernel") due to 1 previous error
