Timestamp: 2026-06-14_06-44-27
Mode: cargo
Crate: kernel
Directory: N/A
Module: <all>
Exit code: 101
35 verified
0 errors

Cheating patterns:
  assume=0
  external_body=14
  admit=26
  trusted=0
  no_decreases=0
  cfg_gate=15

--- Full output ---
    Checking sys v0.16.17 (/home/ruize/nanvix-phy/src/libs/sys)
verification results:: 6 verified, 0 errors
    Checking raw-array v0.16.17 (/home/ruize/nanvix-phy/src/libs/raw-array)
    Checking elf v0.16.17 (/home/ruize/nanvix-phy/src/libs/elf)
    Checking arch v0.16.17 (/home/ruize/nanvix-phy/src/libs/arch)
verification results:: 0 verified, 0 errors
    Checking bitmap v0.16.17 (/home/ruize/nanvix-phy/src/libs/bitmap)
verification results:: 70 verified, 0 errors
    Checking nanvix-slab v0.16.17 (/home/ruize/nanvix-phy/src/libs/slab)
verification results:: 35 verified, 0 errors
    Checking kernel v0.16.17 (/home/ruize/nanvix-phy/src/kernel)
error: duplicate specification for `sys::sys::mm::address::virt::impl&%17::new`
  --> src/libs/sys/src/sys/mm/address/virt.rs:53:5
   |
53 |     pub const fn new(value: usize) -> Self {
   |     ^^^^^^^^^^^^^^^^^^^^^^^^^^^^^^^^^^^^^^ declared here (and not marked as `external`)
   |
  ::: src/kernel/src/hal/mem/types/address/phys.spec.rs:54:1
   |
54 | pub assume_specification[ ::sys::mm::VirtualAddress::new ](value: usize) -> (result: VirtualAddress)
   | ^^^^^^^^^^^^^^^^^^^^^^^^^^^^^^^^^^^^^^^^^^^^^^^^^^^^^^^^^^^^^^^^^^^^^^^^^^^^^^^^^^^^^^^^^^^^^^^^^^^ specification declared via `assume_specification`

error: could not compile `kernel` (bin "kernel") due to 1 previous error
