Timestamp: 2026-06-15_06-40-51
Mode: cargo
Crate: kernel
Directory: N/A
Module: mm::phys
Exit code: 101
35 verified
0 errors

Cheating patterns:
  assume=0
  external_body=19
  admit=18
  trusted=0
  no_decreases=0
  cfg_gate=15

--- Full output ---
   Compiling compiler_builtins v0.1.160 (/home/ruize/.rustup/toolchains/1.95.0-x86_64-unknown-linux-gnu/lib/rustlib/src/rust/library/compiler-builtins/compiler-builtins)
   Compiling core v0.0.0 (/home/ruize/.rustup/toolchains/1.95.0-x86_64-unknown-linux-gnu/lib/rustlib/src/rust/library/core)
   Compiling config v0.16.17 (/home/ruize/nanvix-phy-specs/src/libs/config)
   Compiling vstd v0.0.0-2026-05-31-0205
   Compiling kernel v0.16.17 (/home/ruize/nanvix-phy-specs/src/kernel)
   Compiling alloc v0.0.0 (/home/ruize/.rustup/toolchains/1.95.0-x86_64-unknown-linux-gnu/lib/rustlib/src/rust/library/alloc)
    Checking verus_builtin v0.0.0-2026-05-17-0151
    Checking mmio-tag v0.16.17 (/home/ruize/nanvix-phy-specs/src/libs/mmio-tag)
    Checking static_assert v0.16.17 (/home/ruize/nanvix-phy-specs/src/libs/static_assert)
    Checking cfg-if v1.0.4
    Checking sorted-vec v0.16.17 (/home/ruize/nanvix-phy-specs/src/libs/sorted-vec)
    Checking no_fail v0.16.17 (/home/ruize/nanvix-phy-specs/src/libs/no_fail)
    Checking koptions v0.16.17 (/home/ruize/nanvix-phy-specs/src/libs/koptions)
    Checking type-safe v0.16.17 (/home/ruize/nanvix-phy-specs/src/libs/type-safe)
    Checking cmdline v0.16.17 (/home/ruize/nanvix-phy-specs/src/libs/cmdline)
    Checking sysapi v0.16.17 (/home/ruize/nanvix-phy-specs/src/libs/sysapi)
verification results:: 1533 verified, 0 errors
    Checking error v0.16.17 (/home/ruize/nanvix-phy-specs/src/libs/error)
    Checking bump-allocator v0.16.17 (/home/ruize/nanvix-phy-specs/src/libs/bump_allocator)
verification results:: 0 verified, 0 errors
    Checking sys v0.16.17 (/home/ruize/nanvix-phy-specs/src/libs/sys)
    Checking multibin v0.16.17 (/home/ruize/nanvix-phy-specs/src/libs/multibin)
verification results:: 6 verified, 0 errors
verification results:: 6 verified, 0 errors
    Checking raw-array v0.16.17 (/home/ruize/nanvix-phy-specs/src/libs/raw-array)
    Checking arch v0.16.17 (/home/ruize/nanvix-phy-specs/src/libs/arch)
    Checking elf v0.16.17 (/home/ruize/nanvix-phy-specs/src/libs/elf)
verification results:: 0 verified, 0 errors
    Checking bitmap v0.16.17 (/home/ruize/nanvix-phy-specs/src/libs/bitmap)
verification results:: 48 verified, 0 errors
verification results:: 70 verified, 0 errors
    Checking nanvix-slab v0.16.17 (/home/ruize/nanvix-phy-specs/src/libs/slab)
verification results:: 35 verified, 0 errors
error[E0433]: cannot find `Idt` in `idt`
   --> src/kernel/src/hal/platform/microvm/mod.rs:971:14
    |
971 |         idt::Idt::set_backing_storage(IDT_STORAGE.as_mut_ptr(), &raw mut IDTR_STORAGE)?;
    |              ^^^ could not find `Idt` in `idt`
    |
help: a struct with a similar name exists
    |
971 |         idt::Idte::set_backing_storage(IDT_STORAGE.as_mut_ptr(), &raw mut IDTR_STORAGE)?;
    |                 +

For more information about this error, try `rustc --explain E0433`.
error: could not compile `kernel` (bin "kernel") due to 1 previous error
