Timestamp: 2026-06-17_16-03-25
Mode: cargo
Crate: kernel
Directory: N/A
Module: <all>
Exit code: 101
0 verified
compilation/setup error (verus did not run)

Cheating patterns:
  assume=0
  external_body=23
  admit=4
  trusted=0
  no_decreases=0
  cfg_gate=19

--- Full output ---
    Checking kernel v0.16.17 (/home/ruize/nanvix-phy-specs/src/kernel)
error: to dereference a mutable reference parameter in a postcondition, disambiguate by wrapping it in either `old` or `final`
   --> src/kernel/src/mm/phys/frame.proof.rs:513:9
    |
513 |         inner.refcount@.len() >= inner.bitmap@.num_bits,
    |         ^^^^^^^^^^^^^^
    |
    = help: For information on the new mutable reference support, see: https://github.com/verus-lang/verus/blob/main/source/docs/migration-mut-ref.md

error: could not compile `kernel` (bin "kernel") due to 1 previous error
