Timestamp: 2026-06-14_04-51-19
Mode: cargo
Crate: kernel
Directory: N/A
Module: hal::mem::types::address::aligned::page
Exit code: 101
35 verified
0 errors

Cheating patterns:
  assume=0
  external_body=14
  admit=25
  trusted=0
  no_decreases=0
  cfg_gate=16

--- Full output ---
    Checking sys v0.16.17 (/home/ruize/nanvix-phy/src/libs/sys)
verification results:: 4 verified, 0 errors
    Checking raw-array v0.16.17 (/home/ruize/nanvix-phy/src/libs/raw-array)
    Checking elf v0.16.17 (/home/ruize/nanvix-phy/src/libs/elf)
    Checking arch v0.16.17 (/home/ruize/nanvix-phy/src/libs/arch)
verification results:: 0 verified, 0 errors
    Checking bitmap v0.16.17 (/home/ruize/nanvix-phy/src/libs/bitmap)
verification results:: 70 verified, 0 errors
    Checking nanvix-slab v0.16.17 (/home/ruize/nanvix-phy/src/libs/slab)
verification results:: 35 verified, 0 errors
    Checking kernel v0.16.17 (/home/ruize/nanvix-phy/src/kernel)

thread 'rustc' (1345567) panicked at vir/src/traits.rs:511:13:
assertion failed: !method_impls.contains(&p)
stack backtrace:
   0:     0x73a67a19314b - <<std[e28293b1aa0f68bd]::sys::backtrace::BacktraceLock>::print::DisplayBacktrace as core[c1f1a4ba060b9bfa]::fmt::Display>::fmt
   1:     0x73a67a81f408 - core[c1f1a4ba060b9bfa]::fmt::write
   2:     0x73a67bd683b6 - <std[e28293b1aa0f68bd]::sys::stdio::unix::Stderr as std[e28293b1aa0f68bd]::io::Write>::write_fmt
   3:     0x73a67a169238 - std[e28293b1aa0f68bd]::panicking::default_hook::{closure#0}
   4:     0x73a67a1865b3 - std[e28293b1aa0f68bd]::panicking::default_hook
   5:     0x73a67a18685b - std[e28293b1aa0f68bd]::panicking::panic_with_hook
   6:     0x73a67a16932a - std[e28293b1aa0f68bd]::panicking::panic_handler::{closure#0}
   7:     0x73a67a160029 - std[e28293b1aa0f68bd]::sys::backtrace::__rust_end_short_backtrace::<std[e28293b1aa0f68bd]::panicking::panic_handler::{closure#0}, !>
   8:     0x73a67a16ad5d - __rustc[b7974e8690430dd9]::rust_begin_unwind
   9:     0x73a676ede82c - core[c1f1a4ba060b9bfa]::panicking::panic_fmt
  10:     0x73a67682c722 - core[c1f1a4ba060b9bfa]::panicking::panic
  11:     0x5688afa0fdd9 - vir[ac364ee6229eeebd]::traits::inherit_default_bodies
  12:     0x5688af5b2183 - <rust_verify[dba7f10084c0373d]::verifier::Verifier>::construct_vir_crate::<rust_verify[dba7f10084c0373d]::verifier::Reporter>
  13:     0x5688af5e6985 - <rust_verify[dba7f10084c0373d]::verifier::VerifierCallbacksEraseMacro as rustc_driver_impl[e4ca9dd5dd6cf2a8]::Callbacks>::after_expansion
  14:     0x73a67ba56271 - rustc_interface[c8170c4b7b680ee8]::interface::run_compiler::<(), rustc_driver_impl[e4ca9dd5dd6cf2a8]::run_compiler::{closure#0}>::{closure#1}
  15:     0x73a67ba2663e - std[e28293b1aa0f68bd]::sys::backtrace::__rust_begin_short_backtrace::<rustc_interface[c8170c4b7b680ee8]::util::run_in_thread_with_globals<rustc_interface[c8170c4b7b680ee8]::util::run_in_thread_pool_with_globals<rustc_interface[c8170c4b7b680ee8]::interface::run_compiler<(), rustc_driver_impl[e4ca9dd5dd6cf2a8]::run_compiler::{closure#0}>::{closure#1}, ()>::{closure#0}, ()>::{closure#0}::{closure#0}, ()>
  16:     0x73a67ba26ca0 - <std[e28293b1aa0f68bd]::thread::lifecycle::spawn_unchecked<rustc_interface[c8170c4b7b680ee8]::util::run_in_thread_with_globals<rustc_interface[c8170c4b7b680ee8]::util::run_in_thread_pool_with_globals<rustc_interface[c8170c4b7b680ee8]::interface::run_compiler<(), rustc_driver_impl[e4ca9dd5dd6cf2a8]::run_compiler::{closure#0}>::{closure#1}, ()>::{closure#0}, ()>::{closure#0}::{closure#0}, ()>::{closure#1} as core[c1f1a4ba060b9bfa]::ops::function::FnOnce<()>>::call_once::{shim:vtable#0}
  17:     0x73a67ba27b2c - <std[e28293b1aa0f68bd]::sys::thread::unix::Thread>::new::thread_start
  18:     0x73a67529caa4 - start_thread
                               at ./nptl/pthread_create.c:447:8
  19:     0x73a675329c6c - clone3
                               at ./misc/../sysdeps/unix/sysv/linux/x86_64/clone3.S:78:0
  20:                0x0 - <unknown>
error: could not compile `kernel` (bin "kernel")

Caused by:
  process didn't exit successfully: `/home/ruize/toolchain/verus/verus /home/ruize/.cargo/bin/rustc --crate-name kernel --edition=2021 src/kernel/src/kmain.rs --error-format=json --json=diagnostic-rendered-ansi,artifacts,future-incompat --crate-type bin --emit=dep-info,metadata -C opt-level=3 -C embed-bitcode=no -C codegen-units=1 -C debuginfo=2 --deny=warnings --deny=unexpected_cfgs '--deny=clippy::all' --check-cfg 'cfg(verus_keep_ghost)' --check-cfg 'cfg(verus_keep_ghost_body)' --check-cfg 'cfg(target_os, values("nanvix"))' -C debug-assertions=on --cfg 'feature="debug"' --cfg 'feature="error"' --cfg 'feature="exception-stack-guard"' --cfg 'feature="info"' --cfg 'feature="microvm"' --cfg 'feature="panic"' --cfg 'feature="pit"' --cfg 'feature="putb"' --cfg 'feature="stdio"' --cfg 'feature="trace"' --cfg 'feature="warn"' --check-cfg 'cfg(docsrs,test)' --check-cfg 'cfg(feature, values("debug", "default", "error", "exception-stack-guard", "info", "kcall", "microvm", "nightly-performance-optimizations", "panic", "pit", "putb", "puts", "smp", "stdio", "test", "trace", "warn", "whp"))' -C metadata=be3c3c29255cafd0 -C extra-filename=-82efa172c573a61e --out-dir /home/ruize/nanvix-phy/target/x86-kernel/debug/deps --target /home/ruize/nanvix-phy/build/targets/x86-kernel.json -Zunstable-options -C incremental=/home/ruize/nanvix-phy/target/x86-kernel/debug/incremental -L dependency=/home/ruize/nanvix-phy/target/x86-kernel/debug/deps -L dependency=/home/ruize/nanvix-phy/target/debug/deps --extern 'noprelude,nounused:alloc=/home/ruize/nanvix-phy/target/x86-kernel/debug/deps/liballoc-7a9d91d7c8f78543.rlib' --extern arch=/home/ruize/nanvix-phy/target/x86-kernel/debug/deps/libarch-16332d9b918c75f6.rmeta --extern bitmap=/home/ruize/nanvix-phy/target/x86-kernel/debug/deps/libbitmap-f9813c91d3be46aa.rmeta --extern bump_allocator=/home/ruize/nanvix-phy/target/x86-kernel/debug/deps/libbump_allocator-e575bee21eabf116.rmeta --extern cfg_if=/home/ruize/nanvix-phy/target/x86-kernel/debug/deps/libcfg_if-69026a8b61481355.rmeta --extern cmdline=/home/ruize/nanvix-phy/target/x86-kernel/debug/deps/libcmdline-75b736eb144097d6.rmeta --extern 'noprelude,nounused:compiler_builtins=/home/ruize/nanvix-phy/target/x86-kernel/debug/deps/libcompiler_builtins-87ec5c91af693f29.rlib' --extern config=/home/ruize/nanvix-phy/target/x86-kernel/debug/deps/libconfig-e62bdb4689ddf0fa.rmeta --extern 'noprelude,nounused:core=/home/ruize/nanvix-phy/target/x86-kernel/debug/deps/libcore-0157cf8607007ad3.rlib' --extern elf=/home/ruize/nanvix-phy/target/x86-kernel/debug/deps/libelf-b36feb8a59b4dbde.rmeta --extern koptions=/home/ruize/nanvix-phy/target/x86-kernel/debug/deps/libkoptions-7a4d4865bfb47713.rmeta --extern mmio_tag=/home/ruize/nanvix-phy/target/x86-kernel/debug/deps/libmmio_tag-96de9dc4a675f932.rmeta --extern multibin=/home/ruize/nanvix-phy/target/x86-kernel/debug/deps/libmultibin-292b9a5aaef90247.rmeta --extern slab=/home/ruize/nanvix-phy/target/x86-kernel/debug/deps/libnanvix_slab-ab2e46f118ce951c.rmeta --extern no_fail=/home/ruize/nanvix-phy/target/x86-kernel/debug/deps/libno_fail-ab62f5e50f84d20b.rmeta --extern raw_array=/home/ruize/nanvix-phy/target/x86-kernel/debug/deps/libraw_array-477d697462a56038.rmeta --extern sorted_vec=/home/ruize/nanvix-phy/target/x86-kernel/debug/deps/libsorted_vec-a10eee4943f1a390.rmeta --extern static_assert=/home/ruize/nanvix-phy/target/x86-kernel/debug/deps/libstatic_assert-4a4c55ee33fedd36.rmeta --extern sys=/home/ruize/nanvix-phy/target/x86-kernel/debug/deps/libsys-5e0435459d1b499b.rmeta --extern type_safe=/home/ruize/nanvix-phy/target/x86-kernel/debug/deps/libtype_safe-2ffb580d5a99d3c4.rmeta --extern vstd=/home/ruize/nanvix-phy/target/x86-kernel/debug/deps/libvstd-6426b76f2a120f0a.rmeta -Z unstable-options -C relocation-model=static -C prefer-dynamic=no -C link-arg=-T/home/ruize/nanvix-phy/target/x86-kernel/debug/build/kernel-b832bcbbc8663390/out/kernel.ld` (exit status: 1)
