Timestamp: 2026-06-15_09-24-03
Mode: cargo
Crate: kernel
Directory: N/A
Module: hal::mem::types::address::phys
Exit code: 101
5 verified
1 errors

Cheating patterns:
  assume=0
  external_body=19
  admit=14
  trusted=0
  no_decreases=0
  cfg_gate=19

--- Full output ---
    Checking kernel v0.16.17 (/home/ruize/nanvix-phy-specs/src/kernel)
note: verifying module hal::mem::types::address::phys

error: precondition not satisfied
   --> src/kernel/src/hal/mem/types/address/phys.rs:144:13
    |
144 |             lemma_from_number_no_overflow(frame);
    |             ^^^^^^^^^^^^^^^^^^^^^^^^^^^^^^^^^^^^
    |
   ::: src/kernel/src/hal/mem/types/address/phys.proof.rs:19:9
    |
 19 |         spec_frame_raw_value(frame) <= spec_max_frame_number(),
    |         ------------------------------------------------------ failed precondition

verification results:: 5 verified, 1 errors (partial verification with `--verify-*`)
error: could not compile `kernel` (bin "kernel") due to 1 previous error
