Timestamp: 2026-06-15_03-08-52
Mode: cargo
Crate: kernel
Directory: N/A
Module: mm::phys::manager
Exit code: 0
19 verified
0 errors

Cheating patterns:
  assume=0
  external_body=18
  admit=24
  trusted=0
  no_decreases=0
  cfg_gate=15

--- Full output ---
    Checking kernel v0.16.17 (/home/ruize/nanvix-phy-specs/src/kernel)
note: verifying module mm::phys::manager

verification results:: 19 verified, 0 errors (partial verification with `--verify-*`)
    Finished `dev` profile [optimized + debuginfo] target(s) in 2.94s
