Timestamp: 2026-06-14_09-15-59
Mode: cargo
Crate: kernel
Directory: N/A
Module: mm::virt::identity_map
Exit code: 101
0 verified
compilation/setup error (verus did not run)

Cheating patterns:
  assume=0
  external_body=11
  admit=36
  trusted=0
  no_decreases=0
  cfg_gate=15

--- Full output ---
    Checking kernel v0.16.17 (/home/ruize/nanvix-phy/src/kernel)
error: Unsupported constant type
   --> src/kernel/src/macros.rs:188:12
    |
188 |               let _ = write!(
    |  _____________________^
189 | |                 &mut crate::klog::Klog::get(
190 | |                     module_path!(),
191 | |                     crate::klog::KlogLevel::Error,
...   |
194 | |                 $($arg)*
195 | |             );
    | |_____________^
    |
   ::: src/kernel/src/mm/virt/identity_map.rs:526:9
    |
526 |           error!("ensure_pt(): {reason}");
    |           ------------------------------- in this macro invocation
    |
    = note: this error originates in the macro `write` which comes from the expansion of the macro `error` (in Nightly builds, run with -Z macro-backtrace for more info)

error: Unsupported constant type
   --> src/kernel/src/macros.rs:188:12
    |
188 |               let _ = write!(
    |  _____________________^
189 | |                 &mut crate::klog::Klog::get(
190 | |                     module_path!(),
191 | |                     crate::klog::KlogLevel::Error,
...   |
194 | |                 $($arg)*
195 | |             );
    | |_____________^
    |
   ::: src/kernel/src/mm/virt/identity_map.rs:617:9
    |
617 |           error!("ensure_pte(): {reason}");
    |           -------------------------------- in this macro invocation
    |
    = note: this error originates in the macro `write` which comes from the expansion of the macro `error` (in Nightly builds, run with -Z macro-backtrace for more info)

error: could not compile `kernel` (bin "kernel") due to 2 previous errors
