Timestamp: 2026-06-14_01-42-30
Mode: cargo
Crate: kernel
Directory: N/A
Module: mm::phys
Exit code: 101
0 verified
compilation/setup error (verus did not run)

Cheating patterns:
  assume=0
  external_body=23
  admit=10
  trusted=0
  no_decreases=0
  cfg_gate=15

--- Full output ---
    Checking kernel v0.16.17 (/home/ruize/nanvix-phy/src/kernel)
error[E0425]: cannot find function `from_raw_value` in this scope
  --> src/kernel/src/hal/mem/types/address/frame.rs:99:12
   |
99 |     pub fn from_raw_value(raw_addr: usize) -> Result<Self, Error> {
   |            ^^^^^^^^^^^^^^ not found in this scope

For more information about this error, try `rustc --explain E0425`.
error: could not compile `kernel` (bin "kernel") due to 1 previous error
