Timestamp: 2026-06-15_17-28-19
Mode: cargo
Crate: kernel
Directory: N/A
Module: <all>
Exit code: 101
0 verified
compilation/setup error (verus did not run)

Cheating patterns:
  assume=0
  external_body=24
  admit=0
  trusted=0
  no_decreases=0
  cfg_gate=6

--- Full output ---
   Compiling compiler_builtins v0.1.160 (/home/ruize/.rustup/toolchains/1.96.0-x86_64-unknown-linux-gnu/lib/rustlib/src/rust/library/compiler-builtins/compiler-builtins)
   Compiling core v0.0.0 (/home/ruize/.rustup/toolchains/1.96.0-x86_64-unknown-linux-gnu/lib/rustlib/src/rust/library/core)
   Compiling proc-macro2 v1.0.106
   Compiling unicode-ident v1.0.24
   Compiling quote v1.0.45
   Compiling build-utils v0.16.17 (/home/ruize/nanvix-phy/src/libs/build-utils)
   Compiling autocfg v1.5.0
   Compiling verus_prettyplease v0.0.0-2026-05-31-0205
   Compiling hashbrown v0.12.3
   Compiling vstd v0.0.0-2026-05-31-0205
   Compiling config v0.16.17 (/home/ruize/nanvix-phy/src/libs/config)
   Compiling kernel v0.16.17 (/home/ruize/nanvix-phy/src/kernel)
   Compiling indexmap v1.9.3
   Compiling verus_syn v0.0.0-2026-05-31-0205
   Compiling syn v2.0.117
   Compiling synstructure v0.13.2
   Compiling verus_builtin_macros v0.0.0-2026-05-31-0205
   Compiling verus_state_machines_macros v0.0.0-2026-05-31-0205
   Compiling alloc v0.0.0 (/home/ruize/.rustup/toolchains/1.96.0-x86_64-unknown-linux-gnu/lib/rustlib/src/rust/library/alloc)
    Checking cfg-if v1.0.4
    Checking mmio-tag v0.16.17 (/home/ruize/nanvix-phy/src/libs/mmio-tag)
    Checking verus_builtin v0.0.0-2026-05-17-0151
    Checking static_assert v0.16.17 (/home/ruize/nanvix-phy/src/libs/static_assert)
    Checking sorted-vec v0.16.17 (/home/ruize/nanvix-phy/src/libs/sorted-vec)
    Checking koptions v0.16.17 (/home/ruize/nanvix-phy/src/libs/koptions)
    Checking type-safe v0.16.17 (/home/ruize/nanvix-phy/src/libs/type-safe)
    Checking no_fail v0.16.17 (/home/ruize/nanvix-phy/src/libs/no_fail)
    Checking cmdline v0.16.17 (/home/ruize/nanvix-phy/src/libs/cmdline)
    Checking sysapi v0.16.17 (/home/ruize/nanvix-phy/src/libs/sysapi)
error: expected generics to match: 
        expected 
        found u8
  --> /home/ruize/.cargo/registry/src/index.crates.io-1949cf8c6b5b557f/vstd-0.0.0-2026-05-31-0205/std_specs/atomic.rs:16:9
   |
16 |         pub struct ExAtomic($at);
   |         ^^^^^^^^^^^^^^^^^^^^^^^^^
...
91 | atomic_specs_int!(atomic_specs_u8, AtomicU8, u8);
   | ------------------------------------------------ in this macro invocation
   |
   = note: this error originates in the macro `atomic_specs_common` which comes from the expansion of the macro `atomic_specs_int` (in Nightly builds, run with -Z macro-backtrace for more info)

error: expected generics to match: 
        expected 
        found u16
  --> /home/ruize/.cargo/registry/src/index.crates.io-1949cf8c6b5b557f/vstd-0.0.0-2026-05-31-0205/std_specs/atomic.rs:16:9
   |
16 |         pub struct ExAtomic($at);
   |         ^^^^^^^^^^^^^^^^^^^^^^^^^
...
92 | atomic_specs_int!(atomic_specs_u16, AtomicU16, u16);
   | --------------------------------------------------- in this macro invocation
   |
   = note: this error originates in the macro `atomic_specs_common` which comes from the expansion of the macro `atomic_specs_int` (in Nightly builds, run with -Z macro-backtrace for more info)

error: expected generics to match: 
        expected 
        found u32
  --> /home/ruize/.cargo/registry/src/index.crates.io-1949cf8c6b5b557f/vstd-0.0.0-2026-05-31-0205/std_specs/atomic.rs:16:9
   |
16 |         pub struct ExAtomic($at);
   |         ^^^^^^^^^^^^^^^^^^^^^^^^^
...
93 | atomic_specs_int!(atomic_specs_u32, AtomicU32, u32);
   | --------------------------------------------------- in this macro invocation
   |
   = note: this error originates in the macro `atomic_specs_common` which comes from the expansion of the macro `atomic_specs_int` (in Nightly builds, run with -Z macro-backtrace for more info)

error: expected generics to match: 
        expected 
        found usize
  --> /home/ruize/.cargo/registry/src/index.crates.io-1949cf8c6b5b557f/vstd-0.0.0-2026-05-31-0205/std_specs/atomic.rs:16:9
   |
16 |         pub struct ExAtomic($at);
   |         ^^^^^^^^^^^^^^^^^^^^^^^^^
...
96 | atomic_specs_int!(atomic_specs_usize, AtomicUsize, usize);
   | --------------------------------------------------------- in this macro invocation
   |
   = note: this error originates in the macro `atomic_specs_common` which comes from the expansion of the macro `atomic_specs_int` (in Nightly builds, run with -Z macro-backtrace for more info)

error: expected generics to match: 
        expected 
        found i8
  --> /home/ruize/.cargo/registry/src/index.crates.io-1949cf8c6b5b557f/vstd-0.0.0-2026-05-31-0205/std_specs/atomic.rs:16:9
   |
16 |         pub struct ExAtomic($at);
   |         ^^^^^^^^^^^^^^^^^^^^^^^^^
...
98 | atomic_specs_int!(atomic_specs_i8, AtomicI8, i8);
   | ------------------------------------------------ in this macro invocation
   |
   = note: this error originates in the macro `atomic_specs_common` which comes from the expansion of the macro `atomic_specs_int` (in Nightly builds, run with -Z macro-backtrace for more info)

error: expected generics to match: 
        expected 
        found i16
  --> /home/ruize/.cargo/registry/src/index.crates.io-1949cf8c6b5b557f/vstd-0.0.0-2026-05-31-0205/std_specs/atomic.rs:16:9
   |
16 |         pub struct ExAtomic($at);
   |         ^^^^^^^^^^^^^^^^^^^^^^^^^
...
99 | atomic_specs_int!(atomic_specs_i16, AtomicI16, i16);
   | --------------------------------------------------- in this macro invocation
   |
   = note: this error originates in the macro `atomic_specs_common` which comes from the expansion of the macro `atomic_specs_int` (in Nightly builds, run with -Z macro-backtrace for more info)

error: expected generics to match: 
        expected 
        found i32
   --> /home/ruize/.cargo/registry/src/index.crates.io-1949cf8c6b5b557f/vstd-0.0.0-2026-05-31-0205/std_specs/atomic.rs:16:9
    |
 16 |         pub struct ExAtomic($at);
    |         ^^^^^^^^^^^^^^^^^^^^^^^^^
...
100 | atomic_specs_int!(atomic_specs_i32, AtomicI32, i32);
    | --------------------------------------------------- in this macro invocation
    |
    = note: this error originates in the macro `atomic_specs_common` which comes from the expansion of the macro `atomic_specs_int` (in Nightly builds, run with -Z macro-backtrace for more info)

error: expected generics to match: 
        expected 
        found isize
   --> /home/ruize/.cargo/registry/src/index.crates.io-1949cf8c6b5b557f/vstd-0.0.0-2026-05-31-0205/std_specs/atomic.rs:16:9
    |
 16 |         pub struct ExAtomic($at);
    |         ^^^^^^^^^^^^^^^^^^^^^^^^^
...
103 | atomic_specs_int!(atomic_specs_isize, AtomicIsize, isize);
    | --------------------------------------------------------- in this macro invocation
    |
    = note: this error originates in the macro `atomic_specs_common` which comes from the expansion of the macro `atomic_specs_int` (in Nightly builds, run with -Z macro-backtrace for more info)

error: expected generics to match: 
        expected 
        found bool
   --> /home/ruize/.cargo/registry/src/index.crates.io-1949cf8c6b5b557f/vstd-0.0.0-2026-05-31-0205/std_specs/atomic.rs:16:9
    |
 16 |         pub struct ExAtomic($at);
    |         ^^^^^^^^^^^^^^^^^^^^^^^^^
...
105 | atomic_specs_bool!(atomic_specs_bool, AtomicBool, bool);
    | ------------------------------------------------------- in this macro invocation
    |
    = note: this error originates in the macro `atomic_specs_common` which comes from the expansion of the macro `atomic_specs_bool` (in Nightly builds, run with -Z macro-backtrace for more info)

error: could not compile `vstd` (lib) due to 9 previous errors
