Timestamp: 2026-06-15_08-59-22
Mode: cargo
Crate: kernel
Directory: N/A
Module: hal::mem::types::address::phys
Exit code: 101
0 verified
compilation/setup error (verus did not run)

Cheating patterns:
  assume=0
  external_body=19
  admit=14
  trusted=0
  no_decreases=0
  cfg_gate=19

--- Full output ---
    Checking kernel v0.16.17 (/home/ruize/nanvix-phy-specs/src/kernel)
error: expression has mode spec, expected mode proof
  --> src/kernel/src/hal/mem/types/address/phys.proof.rs:18:24
   |
18 |     use_type_invariant(frame);
   |                        ^^^^^

error: could not compile `kernel` (bin "kernel") due to 1 previous error
