Timestamp: 2026-06-14_09-27-22
Mode: cargo
Crate: kernel
Directory: N/A
Module: mm::virt::identity_map
Exit code: 101
0 verified
compilation/setup error (verus did not run)

Cheating patterns:
  assume=0
  external_body=18
  admit=36
  trusted=0
  no_decreases=0
  cfg_gate=15

--- Full output ---
    Checking kernel v0.16.17 (/home/ruize/nanvix-phy/src/kernel)
error: cannot find constant kernel::mm::virt::identity_map::KERNEL_PD_PADDR
   --> src/kernel/src/mm/virt/identity_map.rs:701:27
    |
701 |     let pd_paddr: usize = KERNEL_PD_PADDR.load(Ordering::Acquire);
    |                           ^^^^^^^^^^^^^^^

error: could not compile `kernel` (bin "kernel") due to 1 previous error
