Timestamp: 2026-06-15_06-25-34
Mode: cargo
Crate: kernel
Directory: N/A
Module: <all>
Exit code: 101
22 verified
1 errors

Cheating patterns:
  assume=0
  external_body=28
  admit=0
  trusted=0
  no_decreases=0
  cfg_gate=9

--- Full output ---
    Checking kernel v0.16.17 (/home/ruize/nanvix-phy/src/kernel)
note: function body check: not all errors may have been reported; rerun with a higher value for --multiple-errors to find other potential errors in this function
  --> src/kernel/src/mm/phys/kframe.rs:92:5
   |
92 |     pub(super) fn new(base: FrameAddress) -> Result<Self, Error> {
   |     ^^^^^^^^^^^^^^^^^^^^^^^^^^^^^^^^^^^^^^^^^^^^^^^^^^^^^^^^^^^^

error: postcondition not satisfied
   --> src/kernel/src/mm/phys/kframe.rs:90:13
    |
 90 |             phys_view().inv(),
    |             ^^^^^^^^^^^^^^^^^ failed this postcondition
...
101 |             })?;
    |               - at this exit

error: postcondition not satisfied
   --> src/kernel/src/mm/phys/kframe.rs:90:13
    |
 90 |             phys_view().inv(),
    |             ^^^^^^^^^^^^^^^^^ failed this postcondition
...
105 |         })?;
    |           - at this exit

verification results:: 22 verified, 1 errors
error: could not compile `kernel` (bin "kernel") due to 2 previous errors
