Timestamp: 2026-06-15_01-49-27
Mode: cargo
Crate: kernel
Directory: N/A
Module: mm::phys
Exit code: 101
0 verified
compilation/setup error (verus did not run)

Cheating patterns:
  assume=0
  external_body=17
  admit=27
  trusted=0
  no_decreases=0
  cfg_gate=15

--- Full output ---
    Checking kernel v0.16.17 (/home/ruize/nanvix-phy-specs/src/kernel)
error: `config::kernel::KERNEL_WATERMARK` is not supported (note: you may be able to add a Verus specification to this function with `assume_specification`)
   --> src/kernel/src/mm/phys/manager.rs:515:5
    |
515 |     config::kernel::KERNEL_WATERMARK
    |     ^^^^^^^^^^^^^^^^^^^^^^^^^^^^^^^^

error: could not compile `kernel` (bin "kernel") due to 1 previous error
