Timestamp: 2026-06-15_06-10-23
Mode: cargo
Crate: kernel
Directory: N/A
Module: mm::phys
Exit code: 101
0 verified
compilation/setup error (verus did not run)

Cheating patterns:
  assume=0
  external_body=29
  admit=0
  trusted=0
  no_decreases=0
  cfg_gate=9

--- Full output ---
    Checking kernel v0.16.17 (/home/ruize/nanvix-phy/src/kernel)
error[E0425]: cannot find function `from_raw_value` in this scope
  --> src/kernel/src/hal/mem/types/address/aligned/page.rs:81:8
   |
81 |     fn from_raw_value(raw_addr: usize) -> Result<Self, Error> {
   |        ^^^^^^^^^^^^^^
   |
help: you might have meant to call the associated function
   |
81 |     fn Self::from_raw_value(raw_addr: usize) -> Result<Self, Error> {
   |        ++++++

For more information about this error, try `rustc --explain E0425`.
error: could not compile `kernel` (bin "kernel") due to 1 previous error
