Timestamp: 2026-06-15_06-44-02
Mode: cargo
Crate: kernel
Directory: N/A
Module: mm::phys
Exit code: 101
53 verified
1 errors

Cheating patterns:
  assume=0
  external_body=19
  admit=18
  trusted=0
  no_decreases=0
  cfg_gate=15

--- Full output ---
    Checking kernel v0.16.17 (/home/ruize/nanvix-phy-specs/src/kernel)
note: verifying module mm::phys

note: verifying module mm::phys::frame

note: verifying module mm::phys::kframe

note: verifying module mm::phys::manager

note: verifying module mm::phys::upool

error: assertion failed
   --> src/kernel/src/mm/phys/frame.rs:182:20
    |
182 |             assert(idx <= spec_max_frame_number());
    |                    ^^^^^^^^^^^^^^^^^^^^^^^^^^^^^^ assertion failed

note: automatically chose triggers for this expression:
   --> src/kernel/src/mm/phys/frame.proof.rs:295:9
    |
295 |         assert forall|a: int| post.allocated_frames.contains(a)
    |         ^^^^^^

note:   trigger 1 of 1:
   --> src/kernel/src/mm/phys/frame.proof.rs:295:31
    |
295 |         assert forall|a: int| post.allocated_frames.contains(a)
    |                               ^^^^^^^^^^^^^^^^^^^^^^^^^^^^^^^^^

note: automatically chose triggers for this expression:
   --> src/kernel/src/mm/phys/frame.proof.rs:303:9
    |
303 |         assert forall|a: int| pre.allocated_frames.insert(addr).contains(a)
    |         ^^^^^^

note:   trigger 1 of 1:
   --> src/kernel/src/mm/phys/frame.proof.rs:304:21
    |
304 |             implies post.allocated_frames.contains(a) by {
    |                     ^^^^^^^^^^^^^^^^^^^^^^^^^^^^^^^^^

note: automatically chose triggers for this expression:
   --> src/kernel/src/mm/phys/frame.proof.rs:315:9
    |
315 |         assert forall|a: int| post.free_frames.contains(a)
    |         ^^^^^^

note:   trigger 1 of 1:
   --> src/kernel/src/mm/phys/frame.proof.rs:315:31
    |
315 |         assert forall|a: int| post.free_frames.contains(a)
    |                               ^^^^^^^^^^^^^^^^^^^^^^^^^^^^

note: automatically chose triggers for this expression:
   --> src/kernel/src/mm/phys/frame.proof.rs:324:9
    |
324 |         assert forall|a: int| pre.free_frames.remove(addr).contains(a)
    |         ^^^^^^

note:   trigger 1 of 1:
   --> src/kernel/src/mm/phys/frame.proof.rs:325:21
    |
325 |             implies post.free_frames.contains(a) by {
    |                     ^^^^^^^^^^^^^^^^^^^^^^^^^^^^

note: automatically chose triggers for this expression:
   --> src/kernel/src/mm/phys/frame.proof.rs:386:9
    |
386 |         assert forall|a: int| post.allocated_frames.contains(a)
    |         ^^^^^^

note:   trigger 1 of 1:
   --> src/kernel/src/mm/phys/frame.proof.rs:386:31
    |
386 |         assert forall|a: int| post.allocated_frames.contains(a)
    |                               ^^^^^^^^^^^^^^^^^^^^^^^^^^^^^^^^^

note: automatically chose triggers for this expression:
   --> src/kernel/src/mm/phys/frame.proof.rs:394:9
    |
394 |         assert forall|a: int| pre.allocated_frames.remove(addr).contains(a)
    |         ^^^^^^

note:   trigger 1 of 1:
   --> src/kernel/src/mm/phys/frame.proof.rs:395:21
    |
395 |             implies post.allocated_frames.contains(a) by {
    |                     ^^^^^^^^^^^^^^^^^^^^^^^^^^^^^^^^^

note: automatically chose triggers for this expression:
   --> src/kernel/src/mm/phys/frame.proof.rs:404:9
    |
404 |         assert forall|a: int| post.free_frames.contains(a)
    |         ^^^^^^

note:   trigger 1 of 1:
   --> src/kernel/src/mm/phys/frame.proof.rs:404:31
    |
404 |         assert forall|a: int| post.free_frames.contains(a)
    |                               ^^^^^^^^^^^^^^^^^^^^^^^^^^^^

note: automatically chose triggers for this expression:
   --> src/kernel/src/mm/phys/frame.proof.rs:413:9
    |
413 |         assert forall|a: int| pre.free_frames.insert(addr).contains(a)
    |         ^^^^^^

note:   trigger 1 of 1:
   --> src/kernel/src/mm/phys/frame.proof.rs:414:21
    |
414 |             implies post.free_frames.contains(a) by {
    |                     ^^^^^^^^^^^^^^^^^^^^^^^^^^^^

note: automatically chose triggers for this expression:
   --> src/kernel/src/mm/phys/frame.rs:160:37
    |
160 |   ...                   let i = choose|i: int|
    |  _______________________________^
161 | | ...                       0 <= i < pre_nb && !pre_sb.contains(i) && a == frame_addr_of(i);
    | |_________________________________________________________________________________________^

note:   trigger 1 of 1:
   --> src/kernel/src/mm/phys/frame.rs:161:80
    |
161 | ...                   0 <= i < pre_nb && !pre_sb.contains(i) && a == frame_addr_of(i);
    |                                                                      ^^^^^^^^^^^^^^^^

note: Verus printed one or more automatically chosen quantifier triggers
      because it had low confidence in the chosen triggers.
      To suppress these messages, do one of the following:
        (1) manually annotate a single desired trigger using #[trigger]
            (example: forall|i: int, j: int| f(i) && #[trigger] g(i) && #[trigger] h(j)),
        (2) manually annotate multiple desired triggers using #![trigger ...]
            (example: forall|i: int| #![trigger f(i)] #![trigger g(i)] f(i) && g(i)),
        (3) accept the automatically chosen trigger using #![auto]
            (example: forall|i: int, j: int| #![auto] f(i) && g(i) && h(j))
        (4) use the --triggers-mode silent command-line option to suppress all printing of triggers.
      (Note: triggers are used by the underlying SMT theorem prover to instantiate quantifiers;
      the theorem prover instantiates a quantifier whenever some expression matches the
      pattern specified by one of the quantifier's triggers.)
   --> src/kernel/src/mm/phys/frame.rs:160:37
    |
160 |   ...                   let i = choose|i: int|
    |  _______________________________^
161 | | ...                       0 <= i < pre_nb && !pre_sb.contains(i) && a == frame_addr_of(i);
    | |_________________________________________________________________________________________^

verification results:: 53 verified, 1 errors (partial verification with `--verify-*`)
error: could not compile `kernel` (bin "kernel") due to 1 previous error
