Timestamp: 2026-06-15_06-56-55
Mode: cargo
Crate: kernel
Directory: N/A
Module: mm::phys
Exit code: 101
0 verified
compilation/setup error (verus did not run)

Cheating patterns:
  assume=0
  external_body=19
  admit=17
  trusted=0
  no_decreases=0
  cfg_gate=15

--- Full output ---
    Checking kernel v0.16.17 (/home/ruize/nanvix-phy-specs/src/kernel)
note: verifying module mm::phys

note: verifying module mm::phys::frame

note: verifying module mm::phys::kframe

note: verifying module mm::phys::manager

note: verifying module mm::phys::upool

error: Could not automatically infer triggers for this quantifier.  Use #[trigger] annotations to manually mark trigger terms instead.
   --> src/kernel/src/mm/phys/frame.rs:392:37
    |
392 |   ...                   let j = choose|j: int|
    |  _______________________________^
393 | | ...                       0 <= j < count as int && addr == base + j * spec_page_size();
    | |______________________________________________________________________________________^

error: could not compile `kernel` (bin "kernel") due to 1 previous error
