Timestamp: 2026-06-14_02-49-08
Mode: cargo
Crate: kernel
Directory: N/A
Module: mm::phys::upool
Exit code: 101
0 verified
compilation/setup error (verus did not run)

Cheating patterns:
  assume=0
  external_body=26
  admit=10
  trusted=0
  no_decreases=0
  cfg_gate=10

--- Full output ---
    Checking kernel v0.16.17 (/home/ruize/nanvix-phy/src/kernel)
error[E0252]: the name `spec_page_size` is defined multiple times
  --> src/kernel/src/mm/phys/upool.spec.rs:3:5
   |
 3 | use crate::hal::mem::spec_page_size;
   |     ^^^^^^^^^^^^^^^^^^^^^^^^^^^^^^^ `spec_page_size` reimported here
   |
  ::: src/kernel/src/mm/phys/upool.rs:41:5
   |
41 | use crate::hal::mem::spec_page_size;
   |     ------------------------------- previous import of the value `spec_page_size` here
   |
   = note: `spec_page_size` must be defined only once in the value namespace of this module

error[E0425]: cannot find function `new` in this scope
  --> src/kernel/src/mm/phys/upool.rs:86:12
   |
86 |     pub fn new(addr: FrameAddress) -> Self {
   |            ^^^ not found in this scope

error[E0425]: cannot find function `new` in this scope
   --> src/kernel/src/mm/phys/upool.rs:241:19
    |
241 |     pub(super) fn new() -> Self {
    |                   ^^^ not found in this scope

Some errors have detailed explanations: E0252, E0425.
For more information about an error, try `rustc --explain E0252`.
error: could not compile `kernel` (bin "kernel") due to 3 previous errors
