Timestamp: 2026-06-15_21-01-25
Mode: cargo
Crate: kernel
Directory: N/A
Module: mm::virt::identity_map
Exit code: 101
0 verified
compilation/setup error (verus did not run)

Cheating patterns:
  assume=0
  external_body=29
  admit=4
  trusted=0
  no_decreases=0
  cfg_gate=6

--- Full output ---
    Checking kernel v0.16.17 (/home/ruize/nanvix-phy/src/kernel)
error: external_trait_specification trait bound mismatch
  --> src/kernel/src/mm/virt/identity_map.spec.rs:59:1
   |
59 | / pub trait ExTableEntry {
60 | |     type ExternalTraitSpecificationFor: ::arch::mem::paging::TableEntry;
61 | | }
   | |_^
   |
   = help: external_trait_specification requires trait bounds to match exactly but the proxy's trait bounds are:
             - <Self as mm::virt::identity_map::ExTableEntry>::ExternalTraitSpecificationFor: core::marker::MetaSized
           the external trait bounds are:
             - <Self as mm::virt::identity_map::ExTableEntry>::ExternalTraitSpecificationFor: core::marker::MetaSized
             - <Self as mm::virt::identity_map::ExTableEntry>::ExternalTraitSpecificationFor: core::marker::Copy

error: could not compile `kernel` (bin "kernel") due to 1 previous error
