Timestamp: 2026-06-15_02-52-14
Mode: cargo
Crate: kernel
Directory: N/A
Module: mm::phys
Exit code: 0
9 verified
0 errors

Cheating patterns:
  assume=0
  external_body=17
  admit=0
  trusted=0
  no_decreases=0
  cfg_gate=5

--- Full output ---
    Checking kernel v0.16.17 (/home/ruize/nanvix-phy/src/kernel)
note: verifying module mm::phys

note: verifying module mm::phys::frame

note: verifying module mm::phys::manager

note: verifying module mm::phys::upool

verification results:: 9 verified, 0 errors (partial verification with `--verify-*`)
    Finished `dev` profile [optimized + debuginfo] target(s) in 2.35s
