Timestamp: 2026-06-15_03-08-39
Mode: cargo
Crate: kernel
Directory: N/A
Module: mm::phys::manager
Exit code: 101
15 verified
4 errors

Cheating patterns:
  assume=0
  external_body=18
  admit=20
  trusted=0
  no_decreases=0
  cfg_gate=15

--- Full output ---
    Checking kernel v0.16.17 (/home/ruize/nanvix-phy-specs/src/kernel)
note: verifying module mm::phys::manager

error: postcondition not satisfied
  --> src/kernel/src/mm/phys/manager.proof.rs:14:9
   |
12 | pub proof fn lemma_manager_attached(m: &PhysMemoryManager)
   | ---------------------------------------------------------- at the end of the function body
13 |     ensures
14 |         m@ == phys_view().frames,
   |         ^^^^^^^^^^^^^^^^^^^^^^^^ failed this postcondition

note: function body check: not all errors may have been reported; rerun with a higher value for --multiple-errors to find other potential errors in this function
  --> src/kernel/src/mm/phys/manager.proof.rs:27:1
   |
27 | pub proof fn lemma_kernel_alloc_one(pre: FrameAllocView, post: FrameAllocView, addr: int)
   | ^^^^^^^^^^^^^^^^^^^^^^^^^^^^^^^^^^^^^^^^^^^^^^^^^^^^^^^^^^^^^^^^^^^^^^^^^^^^^^^^^^^^^^^^^

error: postcondition not satisfied
  --> src/kernel/src/mm/phys/manager.proof.rs:31:9
   |
27 | pub proof fn lemma_kernel_alloc_one(pre: FrameAllocView, post: FrameAllocView, addr: int)
   | ----------------------------------------------------------------------------------------- at the end of the function body
...
31 |         pre.free_frames.contains(addr),
   |         ^^^^^^^^^^^^^^^^^^^^^^^^^^^^^^ failed this postcondition

error: postcondition not satisfied
  --> src/kernel/src/mm/phys/manager.proof.rs:32:9
   |
27 | pub proof fn lemma_kernel_alloc_one(pre: FrameAllocView, post: FrameAllocView, addr: int)
   | ----------------------------------------------------------------------------------------- at the end of the function body
...
32 |         post == pre.alloc_one(addr),
   |         ^^^^^^^^^^^^^^^^^^^^^^^^^^^ failed this postcondition

note: function body check: not all errors may have been reported; rerun with a higher value for --multiple-errors to find other potential errors in this function
  --> src/kernel/src/mm/phys/manager.proof.rs:40:1
   |
40 | / pub proof fn lemma_kernel_alloc_contiguous(
41 | |     pre: FrameAllocView,
42 | |     post: FrameAllocView,
43 | |     frames: Seq<KernelFrame>,
44 | |     count: nat,
45 | | )
   | |_^

error: postcondition not satisfied
  --> src/kernel/src/mm/phys/manager.proof.rs:49:9
   |
40 | / pub proof fn lemma_kernel_alloc_contiguous(
41 | |     pre: FrameAllocView,
42 | |     post: FrameAllocView,
43 | |     frames: Seq<KernelFrame>,
44 | |     count: nat,
45 | | )
   | |_- at the end of the function body
...
49 |           frames.len() == count,
   |           ^^^^^^^^^^^^^^^^^^^^^ failed this postcondition

error: postcondition not satisfied
  --> src/kernel/src/mm/phys/manager.proof.rs:50:9
   |
40 | / pub proof fn lemma_kernel_alloc_contiguous(
41 | |     pre: FrameAllocView,
42 | |     post: FrameAllocView,
43 | |     frames: Seq<KernelFrame>,
44 | |     count: nat,
45 | | )
   | |_- at the end of the function body
...
50 |           crate::mm::phys::manager::kernel_frames_contiguous(frames, count),
   |           ^^^^^^^^^^^^^^^^^^^^^^^^^^^^^^^^^^^^^^^^^^^^^^^^^^^^^^^^^^^^^^^^^ failed this postcondition

error: postcondition not satisfied
   --> src/kernel/src/mm/phys/manager.proof.rs:214:9
    |
210 | pub proof fn lemma_user_bulk_err_restored(m: &PhysMemoryManager, pre: FrameAllocView)
    | ------------------------------------------------------------------------------------- at the end of the function body
...
214 |         m@ == pre,
    |         ^^^^^^^^^ failed this postcondition

verification results:: 15 verified, 4 errors (partial verification with `--verify-*`)
error: could not compile `kernel` (bin "kernel") due to 6 previous errors
