Timestamp: 2026-06-15_09-43-17
Mode: cargo
Crate: kernel
Directory: N/A
Module: mm::phys
Exit code: 101
81 verified
1 errors

Cheating patterns:
  assume=0
  external_body=17
  admit=13
  trusted=0
  no_decreases=0
  cfg_gate=13

--- Full output ---
    Checking kernel v0.16.17 (/home/ruize/nanvix-phy-specs-bottom-up/src/kernel)
note: verifying module mm::phys

note: verifying module mm::phys::frame

note: verifying module mm::phys::kframe

note: verifying module mm::phys::manager

note: verifying module mm::phys::upool

note: while loop: not all errors may have been reported; rerun with a higher value for --multiple-errors to find other potential errors in this function
    --> src/kernel/src/mm/phys/frame.rs:1047:9
     |
1047 | /         #[cfg_attr(verus_keep_ghost, verus_spec(
1048 | |             invariant
1049 | |                 lo == start_frame_number as int,
1050 | |                 hi == end_frame_number as int,
...    |
1117 | |         }
     | |_________^

error: precondition not satisfied
    --> src/kernel/src/mm/phys/frame.rs:1085:25
     |
1085 |                         lemma_region_frames_eq(region@.start, region@.size, lo, hi);
     |                         ^^^^^^^^^^^^^^^^^^^^^^^^^^^^^^^^^^^^^^^^^^^^^^^^^^^^^^^^^^^
     |
    ::: src/kernel/src/mm/phys/frame.proof.rs:904:9
     |
 904 |         lo == region_start / spec_page_size(),
     |         ------------------------------------- failed precondition

error: assertion failed
    --> src/kernel/src/mm/phys/frame.rs:1086:32
     |
1086 |                         assert(region@.start / spec_page_size() == lo);
     |                                ^^^^^^^^^^^^^^^^^^^^^^^^^^^^^^^^^^^^^^ assertion failed

note: automatically chose triggers for this expression:
   --> src/kernel/src/mm/phys/frame.rs:317:17
    |
317 | /                 forall|k: int| 0 <= k < self.refcount@.len() && !(lo <= k < i)
318 | |                     ==> self.refcount@[k] == old_self.refcount@[k],
    | |__________________________________________________________________^

note:   trigger 1 of 1:
   --> src/kernel/src/mm/phys/frame.rs:318:46
    |
318 |                     ==> self.refcount@[k] == old_self.refcount@[k],
    |                                              ^^^^^^^^^^^^^^^^^^^^^

note: automatically chose triggers for this expression:
   --> src/kernel/src/mm/phys/frame.rs:333:13
    |
333 |             assert forall|k: int| 0 <= k < self.refcount@.len() && !(lo <= k < hi) implies
    |             ^^^^^^

note:   trigger 1 of 1:
   --> src/kernel/src/mm/phys/frame.rs:334:38
    |
334 |                 self.refcount@[k] == old_self.refcount@[k] by {}
    |                                      ^^^^^^^^^^^^^^^^^^^^^

note: automatically chose triggers for this expression:
    --> src/kernel/src/mm/phys/frame.rs:1140:17
     |
1140 | /                 forall|k: int| 0 <= k < self.refcount@.len() && !(lo <= k < index)
1141 | |                     ==> self.refcount@[k] == old_self.refcount@[k],
     | |__________________________________________________________________^

note:   trigger 1 of 1:
    --> src/kernel/src/mm/phys/frame.rs:1141:46
     |
1141 |                     ==> self.refcount@[k] == old_self.refcount@[k],
     |                                              ^^^^^^^^^^^^^^^^^^^^^

note: automatically chose triggers for this expression:
    --> src/kernel/src/mm/phys/frame.rs:1185:13
     |
1185 |             assert forall|k: int| 0 <= k < self.refcount@.len() && !(lo <= k < hi) implies
     |             ^^^^^^

note:   trigger 1 of 1:
    --> src/kernel/src/mm/phys/frame.rs:1186:38
     |
1186 |                 self.refcount@[k] == old_self.refcount@[k] by {}
     |                                      ^^^^^^^^^^^^^^^^^^^^^

note: Verus printed one or more automatically chosen quantifier triggers
      because it had low confidence in the chosen triggers.
      To suppress these messages, do one of the following:
        (1) manually annotate a single desired trigger using #[trigger]
            (example: forall|i: int, j: int| f(i) && #[trigger] g(i) && #[trigger] h(j)),
        (2) manually annotate multiple desired triggers using #![trigger ...]
            (example: forall|i: int| #![trigger f(i)] #![trigger g(i)] f(i) && g(i)),
        (3) accept the automatically chosen trigger using #![auto]
            (example: forall|i: int, j: int| #![auto] f(i) && g(i) && h(j))
        (4) use the --triggers-mode silent command-line option to suppress all printing of triggers.
      (Note: triggers are used by the underlying SMT theorem prover to instantiate quantifiers;
      the theorem prover instantiates a quantifier whenever some expression matches the
      pattern specified by one of the quantifier's triggers.)
    --> src/kernel/src/mm/phys/frame.rs:1185:13
     |
1185 |             assert forall|k: int| 0 <= k < self.refcount@.len() && !(lo <= k < hi) implies
     |             ^^^^^^

verification results:: 81 verified, 1 errors (partial verification with `--verify-*`)
error: could not compile `kernel` (bin "kernel") due to 2 previous errors
