Timestamp: 2026-06-15_04-22-05
Mode: cargo
Crate: kernel
Directory: N/A
Module: <all>
Exit code: 0
cached (no recompilation)
—

Cheating patterns:
  assume=0
  external_body=17
  admit=24
  trusted=0
  no_decreases=0
  cfg_gate=15

--- Full output ---
note: verifying module mm::phys

note: verifying module mm::phys::frame

note: verifying module mm::phys::kframe

note: verifying module mm::phys::manager

note: verifying module mm::phys::upool

    Finished `dev` profile [optimized + debuginfo] target(s) in 0.24s
