Timestamp: 2026-06-14_08-37-26
Mode: cargo
Crate: kernel
Directory: N/A
Module: <all>
Exit code: 0
cached (no recompilation)
—

Cheating patterns:
  assume=0
  external_body=11
  admit=28
  trusted=0
  no_decreases=0
  cfg_gate=15

--- Full output ---
warning: verus-related attribute has no effect because item is already marked external
  --> src/libs/arch/src/x86/mem/paging/frame/number.rs:38:5
   |
38 |     pub const MAX: usize = mem::MAX_ADDRESS / mem::FRAME_SIZE - 1;
   |     ^^^^^^^^^^^^^^^^^^^^^^^^^^^^^^^^^^^^^^^^^^^^^^^^^^^^^^^^^^^^^^

warning: `arch` (lib) generated 1 warning
    Finished `dev` profile [optimized + debuginfo] target(s) in 0.23s
