Timestamp: 2026-06-14_00-37-07
Mode: cargo
Crate: kernel
Directory: N/A
Module: mm::phys
Exit code: 0
3 verified
0 errors

Cheating patterns:
  assume=0
  external_body=15
  admit=2
  trusted=0
  no_decreases=0
  cfg_gate=5

--- Full output ---
    Checking kernel v0.16.17 (/home/ruize/nanvix-phy/src/kernel)
note: verifying module mm::phys

note: verifying module mm::phys::frame

note: verifying module mm::phys::manager

note: verifying module mm::phys::upool

note: automatically chose triggers for this expression:
   --> src/kernel/src/mm/phys/mod.spec.rs:142:9
    |
142 |         forall|a: int| set.contains(a) ==> self.free_frames.contains(a)
    |         ^^^^^^^^^^^^^^^^^^^^^^^^^^^^^^^^^^^^^^^^^^^^^^^^^^^^^^^^^^^^^^^

note:   trigger 1 of 1:
   --> src/kernel/src/mm/phys/mod.spec.rs:142:24
    |
142 |         forall|a: int| set.contains(a) ==> self.free_frames.contains(a)
    |                        ^^^^^^^^^^^^^^^

note: Verus printed one or more automatically chosen quantifier triggers
      because it had low confidence in the chosen triggers.
      To suppress these messages, do one of the following:
        (1) manually annotate a single desired trigger using #[trigger]
            (example: forall|i: int, j: int| f(i) && #[trigger] g(i) && #[trigger] h(j)),
        (2) manually annotate multiple desired triggers using #![trigger ...]
            (example: forall|i: int| #![trigger f(i)] #![trigger g(i)] f(i) && g(i)),
        (3) accept the automatically chosen trigger using #![auto]
            (example: forall|i: int, j: int| #![auto] f(i) && g(i) && h(j))
        (4) use the --triggers-mode silent command-line option to suppress all printing of triggers.
      (Note: triggers are used by the underlying SMT theorem prover to instantiate quantifiers;
      the theorem prover instantiates a quantifier whenever some expression matches the
      pattern specified by one of the quantifier's triggers.)
   --> src/kernel/src/mm/phys/mod.spec.rs:142:9
    |
142 |         forall|a: int| set.contains(a) ==> self.free_frames.contains(a)
    |         ^^^^^^^^^^^^^^^^^^^^^^^^^^^^^^^^^^^^^^^^^^^^^^^^^^^^^^^^^^^^^^^

verification results:: 3 verified, 0 errors (partial verification with `--verify-*`)
    Finished `dev` profile [optimized + debuginfo] target(s) in 2.14s
