Timestamp: 2026-06-15_20-50-16
Mode: cargo
Crate: kernel
Directory: N/A
Module: mm::virt::identity_map
Exit code: 101
0 verified
compilation/setup error (verus did not run)

Cheating patterns:
  assume=0
  external_body=22
  admit=0
  trusted=0
  no_decreases=0
  cfg_gate=6

--- Full output ---
    Checking kernel v0.16.17 (/home/ruize/nanvix-phy/src/kernel)
error: could not find module mm::virt::identity_map specified by --verify-module or --verify-only-module
       available modules are:
       - hal::mem::types::address::aligned::page
       - hal::mem::types::address::frame
       - hal::mem::types::address::phys
       - hal::mem::types::region
       - hal::platform::microvm
       - mm::phys
       - mm::phys::frame
       - mm::phys::kframe
       - mm::phys::manager
       - mm::phys::upool
       or use --verify-root

error: could not compile `kernel` (bin "kernel") due to 1 previous error
