Timestamp: 2026-06-15_02-54-40
Mode: cargo
Crate: kernel
Directory: N/A
Module: mm::virt::identity_map
Exit code: 101
0 verified
compilation/setup error (verus did not run)

Cheating patterns:
  assume=0
  external_body=12
  admit=30
  trusted=0
  no_decreases=0
  cfg_gate=15

--- Full output ---
    Checking kernel v0.16.17 (/home/ruize/nanvix-phy-specs-bottom-up/src/kernel)
error: Verus Internal Error: missing type invariant function
   --> src/kernel/src/mm/virt/identity_map.rs:632:33
    |
632 |     proof! { use_type_invariant(pte_idx); }
    |                                 ^^^^^^^

error: could not compile `kernel` (bin "kernel") due to 1 previous error
