Timestamp: 2026-06-15_09-24-13
Mode: cargo
Crate: kernel
Directory: N/A
Module: mm::phys
Exit code: 101
70 verified
2 errors

Cheating patterns:
  assume=0
  external_body=17
  admit=14
  trusted=0
  no_decreases=0
  cfg_gate=13

--- Full output ---
    Checking kernel v0.16.17 (/home/ruize/nanvix-phy-specs-bottom-up/src/kernel)
note: verifying module mm::phys

note: verifying module mm::phys::frame

note: verifying module mm::phys::kframe

note: verifying module mm::phys::manager

note: verifying module mm::phys::upool

note: function body check: not all errors may have been reported; rerun with a higher value for --multiple-errors to find other potential errors in this function
   --> src/kernel/src/mm/phys/frame.rs:259:5
    |
259 |     fn alloc_contiguous(&mut self, count: usize) -> Result<FrameAddress, Error> {
    |     ^^^^^^^^^^^^^^^^^^^^^^^^^^^^^^^^^^^^^^^^^^^^^^^^^^^^^^^^^^^^^^^^^^^^^^^^^^^

error: invariant not satisfied before loop
   --> src/kernel/src/mm/phys/frame.rs:301:17
    |
301 |                 self.bitmap == old_self.bitmap,
    |                 ^^^^^^^^^^^^^^^^^^^^^^^^^^^^^^

error: invariant not satisfied at end of loop body
   --> src/kernel/src/mm/phys/frame.rs:306:17
    |
306 |                 forall|k: int| !(lo <= k < i) ==> self.refcount@[k] == old_self.refcount@[k],
    |                 ^^^^^^^^^^^^^^^^^^^^^^^^^^^^^^^^^^^^^^^^^^^^^^^^^^^^^^^^^^^^^^^^^^^^^^^^^^^^

note: recommendation not met
   --> src/kernel/src/mm/phys/frame.rs:306:51
    |
306 |                 forall|k: int| !(lo <= k < i) ==> self.refcount@[k] == old_self.refcount@[k],
    |                                                   ^^^^^^^^^^^^^^^^^
    |
   ::: /home/ruize/.cargo/registry/src/index.crates.io-1949cf8c6b5b557f/vstd-0.0.0-2026-05-31-0205/seq.rs:62:13
    |
 62 |             0 <= i < self.len(),
    |             ------------------- recommendation not met

note: recommendation not met
   --> src/kernel/src/mm/phys/frame.rs:306:72
    |
306 |                 forall|k: int| !(lo <= k < i) ==> self.refcount@[k] == old_self.refcount@[k],
    |                                                                        ^^^^^^^^^^^^^^^^^^^^^
    |
   ::: /home/ruize/.cargo/registry/src/index.crates.io-1949cf8c6b5b557f/vstd-0.0.0-2026-05-31-0205/seq.rs:62:13
    |
 62 |             0 <= i < self.len(),
    |             ------------------- recommendation not met

note: recommendation not met
   --> src/kernel/src/mm/phys/frame.rs:317:17
    |
317 |                 self.refcount@[k] == old_self.refcount@[k] by {}
    |                 ^^^^^^^^^^^^^^^^^
    |
   ::: /home/ruize/.cargo/registry/src/index.crates.io-1949cf8c6b5b557f/vstd-0.0.0-2026-05-31-0205/seq.rs:62:13
    |
 62 |             0 <= i < self.len(),
    |             ------------------- recommendation not met

note: recommendation not met
   --> src/kernel/src/mm/phys/frame.rs:317:38
    |
317 |                 self.refcount@[k] == old_self.refcount@[k] by {}
    |                                      ^^^^^^^^^^^^^^^^^^^^^
    |
   ::: /home/ruize/.cargo/registry/src/index.crates.io-1949cf8c6b5b557f/vstd-0.0.0-2026-05-31-0205/seq.rs:62:13
    |
 62 |             0 <= i < self.len(),
    |             ------------------- recommendation not met

error: precondition not satisfied
   --> src/kernel/src/mm/phys/frame.rs:318:13
    |
318 |             lemma_book_range(&old_self, self, lo, hi);
    |             ^^^^^^^^^^^^^^^^^^^^^^^^^^^^^^^^^^^^^^^^^
    |
   ::: src/kernel/src/mm/phys/frame.proof.rs:694:9
    |
694 |         forall|j: int| lo <= j < hi ==> !old_inner.bitmap@.set_bits.contains(j),
    |         ----------------------------------------------------------------------- failed precondition

note: automatically chose triggers for this expression:
   --> src/kernel/src/mm/phys/frame.rs:306:17
    |
306 |                 forall|k: int| !(lo <= k < i) ==> self.refcount@[k] == old_self.refcount@[k],
    |                 ^^^^^^^^^^^^^^^^^^^^^^^^^^^^^^^^^^^^^^^^^^^^^^^^^^^^^^^^^^^^^^^^^^^^^^^^^^^^

note:   trigger 1 of 1:
   --> src/kernel/src/mm/phys/frame.rs:306:72
    |
306 |                 forall|k: int| !(lo <= k < i) ==> self.refcount@[k] == old_self.refcount@[k],
    |                                                                        ^^^^^^^^^^^^^^^^^^^^^

note: automatically chose triggers for this expression:
   --> src/kernel/src/mm/phys/frame.rs:316:13
    |
316 |             assert forall|k: int| !(lo <= k < hi) implies
    |             ^^^^^^

note:   trigger 1 of 1:
   --> src/kernel/src/mm/phys/frame.rs:317:38
    |
317 |                 self.refcount@[k] == old_self.refcount@[k] by {}
    |                                      ^^^^^^^^^^^^^^^^^^^^^

note: Verus printed one or more automatically chosen quantifier triggers
      because it had low confidence in the chosen triggers.
      To suppress these messages, do one of the following:
        (1) manually annotate a single desired trigger using #[trigger]
            (example: forall|i: int, j: int| f(i) && #[trigger] g(i) && #[trigger] h(j)),
        (2) manually annotate multiple desired triggers using #![trigger ...]
            (example: forall|i: int| #![trigger f(i)] #![trigger g(i)] f(i) && g(i)),
        (3) accept the automatically chosen trigger using #![auto]
            (example: forall|i: int, j: int| #![auto] f(i) && g(i) && h(j))
        (4) use the --triggers-mode silent command-line option to suppress all printing of triggers.
      (Note: triggers are used by the underlying SMT theorem prover to instantiate quantifiers;
      the theorem prover instantiates a quantifier whenever some expression matches the
      pattern specified by one of the quantifier's triggers.)
   --> src/kernel/src/mm/phys/frame.rs:316:13
    |
316 |             assert forall|k: int| !(lo <= k < hi) implies
    |             ^^^^^^

verification results:: 70 verified, 2 errors (partial verification with `--verify-*`)
error: could not compile `kernel` (bin "kernel") due to 3 previous errors
