Timestamp: 2026-06-15_02-44-38
Mode: cargo
Crate: kernel
Directory: N/A
Module: mm::virt::identity_map
Exit code: 0
9 verified
0 errors

Cheating patterns:
  assume=0
  external_body=12
  admit=31
  trusted=0
  no_decreases=0
  cfg_gate=15

--- Full output ---
    Checking kernel v0.16.17 (/home/ruize/nanvix-phy-specs-bottom-up/src/kernel)
note: verifying module mm::virt::identity_map

note: automatically chose triggers for this expression:
  --> src/kernel/src/mm/virt/identity_map.proof.rs:29:5
   |
29 |     assert forall|x: int| v.mapped.contains(x) implies v.mapped.insert(page).contains(x) by {}
   |     ^^^^^^

note:   trigger 1 of 1:
  --> src/kernel/src/mm/virt/identity_map.proof.rs:29:27
   |
29 |     assert forall|x: int| v.mapped.contains(x) implies v.mapped.insert(page).contains(x) by {}
   |                           ^^^^^^^^^^^^^^^^^^^^

note: Verus printed one or more automatically chosen quantifier triggers
      because it had low confidence in the chosen triggers.
      To suppress these messages, do one of the following:
        (1) manually annotate a single desired trigger using #[trigger]
            (example: forall|i: int, j: int| f(i) && #[trigger] g(i) && #[trigger] h(j)),
        (2) manually annotate multiple desired triggers using #![trigger ...]
            (example: forall|i: int| #![trigger f(i)] #![trigger g(i)] f(i) && g(i)),
        (3) accept the automatically chosen trigger using #![auto]
            (example: forall|i: int, j: int| #![auto] f(i) && g(i) && h(j))
        (4) use the --triggers-mode silent command-line option to suppress all printing of triggers.
      (Note: triggers are used by the underlying SMT theorem prover to instantiate quantifiers;
      the theorem prover instantiates a quantifier whenever some expression matches the
      pattern specified by one of the quantifier's triggers.)
  --> src/kernel/src/mm/virt/identity_map.proof.rs:29:5
   |
29 |     assert forall|x: int| v.mapped.contains(x) implies v.mapped.insert(page).contains(x) by {}
   |     ^^^^^^

verification results:: 9 verified, 0 errors (partial verification with `--verify-*`)
    Finished `dev` profile [optimized + debuginfo] target(s) in 2.62s
