Timestamp: 2026-06-15_12-49-17
Mode: cargo
Crate: kernel
Directory: N/A
Module: mm::phys
Exit code: 0
31 verified
0 errors

Cheating patterns:
  assume=0
  external_body=25
  admit=0
  trusted=0
  no_decreases=0
  cfg_gate=10

--- Full output ---
    Checking kernel v0.16.17 (/home/ruize/nanvix-phy/src/kernel)
note: verifying module mm::phys

note: verifying module mm::phys::frame

note: verifying module mm::phys::kframe

note: verifying module mm::phys::manager

note: verifying module mm::phys::upool

verification results:: 31 verified, 0 errors (partial verification with `--verify-*`)
    Finished `dev` profile [optimized + debuginfo] target(s) in 2.59s
