Timestamp: 2026-06-15_08-04-46
Mode: cargo
Crate: kernel
Directory: N/A
Module: mm::phys
Exit code: 101
0 verified
compilation/setup error (verus did not run)

Cheating patterns:
  assume=0
  external_body=9
  admit=27
  trusted=0
  no_decreases=0
  cfg_gate=13

--- Full output ---
    Checking kernel v0.16.17 (/home/ruize/nanvix-phy-specs-bottom-up/src/kernel)
error: The verifier does not yet support the following Rust feature: Path Def(Static { safety: Safe, mutability: Mut, nested: false }, DefId(0:2244 ~ kernel[b87f]::mm::phys::frame::INSTANCE))
   --> src/kernel/src/mm/phys/frame.rs:681:14
    |
681 |     unsafe { INSTANCE.assume_init_mut() }
    |              ^^^^^^^^

error: could not compile `kernel` (bin "kernel") due to 1 previous error
