Timestamp: 2026-06-15_11-28-03
Mode: cargo
Crate: kernel
Directory: N/A
Module: hal::mem::types::address::aligned::page
Exit code: 101
0 verified
compilation/setup error (verus did not run)

Cheating patterns:
  assume=0
  external_body=23
  admit=0
  trusted=0
  no_decreases=0
  cfg_gate=9

--- Full output ---
    Checking kernel v0.16.17 (/home/ruize/nanvix-phy/src/kernel)
error: `arch::x86::mem::constants::PAGE_ALIGNMENT` is not supported (note: you may be able to add a Verus specification to this function with `assume_specification`)
  --> src/kernel/src/hal/mem/types/address/aligned/page.rs:66:29
   |
66 |         if !addr.is_aligned(PAGE_ALIGNMENT)? {
   |                             ^^^^^^^^^^^^^^

error: could not compile `kernel` (bin "kernel") due to 1 previous error
