Timestamp: 2026-06-15_18-29-45
Mode: cargo
Crate: kernel
Directory: N/A
Module: mm::virt::vmem
Exit code: 101
0 verified
compilation/setup error (verus did not run)

Cheating patterns:
  assume=0
  external_body=29
  admit=2
  trusted=0
  no_decreases=0
  cfg_gate=23

--- Full output ---
    Checking kernel v0.16.48 (/home/ruize/nanvix-virt/src/kernel)
error: disallowed: constructor for an opaque datatype
   --> src/kernel/src/mm/virt/vmem.rs:134:32
    |
134 |               PageDirectory::new(PageDirectoryStorage::Bss(unsafe {
    |  ________________________________^
135 | |                 PAGE_TABLE_ALLOCATOR
136 | |                     .alloc_as::<[PteWord; PAGE_TABLE_LENGTH]>()
137 | |                     .map_err(|e| {
...   |
141 | |                     .assume_init_mut()
142 | |             }));
    | |______________^ this constructor is disallowed
    |
   ::: src/kernel/src/mm/virt/vmem.spec.rs:77:1
    |
 77 |   pub struct ExPageDirectoryStorage(PageDirectoryStorage);
    |   -------------------------------------------------------- Verus treats this datatype as 'opaque' because it is marked 'external_body'

error: could not compile `kernel` (bin "kernel") due to 1 previous error
