Timestamp: 2026-06-15_12-43-46
Mode: cargo
Crate: kernel
Directory: N/A
Module: mm::virt::identity_map
Exit code: 101
0 verified
compilation/setup error (verus did not run)

Cheating patterns:
  assume=0
  external_body=20
  admit=4
  trusted=0
  no_decreases=0
  cfg_gate=19

--- Full output ---
    Checking kernel v0.16.17 (/home/ruize/nanvix-phy-specs/src/kernel)
error: Verus Internal Error: missing type invariant function
   --> src/kernel/src/mm/virt/identity_map.rs:534:33
    |
534 |     proof! { use_type_invariant(pde_idx); }
    |                                 ^^^^^^^

error: could not compile `kernel` (bin "kernel") due to 1 previous error
