Timestamp: 2026-06-15_17-50-17
Mode: cargo
Crate: kernel
Directory: N/A
Module: mm::virt::vmem
Exit code: 101
0 verified
compilation/setup error (verus did not run)

Cheating patterns:
  assume=0
  external_body=3
  admit=0
  trusted=0
  no_decreases=0
  cfg_gate=4

--- Full output ---
    Checking kernel v0.16.48 (/home/ruize/nanvix-virt/src/kernel)
error: expected identifier
   --> src/kernel/src/mm/virt/vmem.spec.rs:143:13
    |
143 |     pub exec: bool,
    |             ^

error: could not compile `kernel` (bin "kernel") due to 1 previous error
