Timestamp: 2026-06-15_08-31-54
Mode: cargo
Crate: kernel
Directory: N/A
Module: mm::phys
Exit code: 101
0 verified
compilation/setup error (verus did not run)

Cheating patterns:
  assume=0
  external_body=11
  admit=25
  trusted=0
  no_decreases=0
  cfg_gate=13

--- Full output ---
    Checking kernel v0.16.17 (/home/ruize/nanvix-phy-specs-bottom-up/src/kernel)
error: to dereference a mutable reference parameter in a postcondition, disambiguate by wrapping it in either `old` or `final`
  --> src/kernel/src/mm/phys/frame.proof.rs:92:71
   |
92 |         inner@.refcounts.contains_key(pa) ==> inner@.refcounts[pa] == inner.refcount@[fn_],
   |                                                                       ^^^^^^^^^^^^^^
   |
   = help: For information on the new mutable reference support, see: https://github.com/verus-lang/verus/blob/main/source/docs/migration-mut-ref.md

error: could not compile `kernel` (bin "kernel") due to 1 previous error
