Timestamp: 2026-06-14_11-13-44
Mode: cargo
Crate: kernel
Directory: N/A
Module: <all>
Exit code: 101
39 verified
0 errors

Cheating patterns:
  assume=0
  external_body=16
  admit=36
  trusted=0
  no_decreases=0
  cfg_gate=15

--- Full output ---
    Checking arch v0.16.17 (/home/ruize/nanvix-phy/src/libs/arch)
verification results:: 39 verified, 0 errors
    Checking kernel v0.16.17 (/home/ruize/nanvix-phy/src/kernel)
error: duplicate specification for `arch::x86::mem::constants::FRAME_SHIFT`
   --> src/libs/arch/src/x86/mem/constants.rs:105:1
    |
105 | pub const FRAME_SHIFT: usize = PAGE_SHIFT;
    | ^^^^^^^^^^^^^^^^^^^^^^^^^^^^ declared here (and not marked as `external`)
    |
   ::: src/kernel/src/hal/mem/types/address/phys.spec.rs:68:1
    |
 68 | pub assume_specification[ ::arch::mem::FRAME_SHIFT ] -> (result: usize)
    | ^^^^^^^^^^^^^^^^^^^^^^^^^^^^^^^^^^^^^^^^^^^^^^^^^^^^^^^^^^^^^^^^^^^^^^ specification declared via `assume_specification`

error: could not compile `kernel` (bin "kernel") due to 1 previous error
