Timestamp: 2026-06-14_05-40-11
Mode: cargo
Crate: kernel
Directory: N/A
Module: hal::mem::types::address::phys
Exit code: 101
4 verified
1 errors

Cheating patterns:
  assume=0
  external_body=14
  admit=26
  trusted=0
  no_decreases=0
  cfg_gate=16

--- Full output ---
    Checking kernel v0.16.17 (/home/ruize/nanvix-phy/src/kernel)
note: verifying module hal::mem::types::address::phys

error: possible bit shift underflow/overflow
   --> src/kernel/src/hal/mem/types/address/phys.rs:161:35
    |
161 |         let frame_number: usize = raw_addr >> shift;
    |                                   ^^^^^^^^^^^^^^^^^

verification results:: 4 verified, 1 errors (partial verification with `--verify-*`)
error: could not compile `kernel` (bin "kernel") due to 1 previous error
