Timestamp: 2026-06-15_08-34-50
Mode: cargo
Crate: kernel
Directory: N/A
Module: hal::mem::types::address::aligned::page
Exit code: 101
0 verified
compilation/setup error (verus did not run)

Cheating patterns:
  assume=0
  external_body=19
  admit=16
  trusted=0
  no_decreases=0
  cfg_gate=19

--- Full output ---
    Checking kernel v0.16.17 (/home/ruize/nanvix-phy-specs/src/kernel)
error: cannot use function `arch::x86::mem::constants::PAGE_ALIGNMENT` which is ignored because it is either declared outside the verus! macro or it is marked as `external`.
  --> src/kernel/src/hal/mem/types/address/aligned/page.rs:51:29
   |
51 |         if !addr.is_aligned(PAGE_ALIGNMENT)? {
   |                             ^^^^^^^^^^^^^^

error: could not compile `kernel` (bin "kernel") due to 1 previous error
