Timestamp: 2026-06-15_01-54-06
Mode: cargo
Crate: kernel
Directory: N/A
Module: mm::phys
Exit code: 0
0 verified
0 errors

Cheating patterns:
  assume=0
  external_body=8
  admit=0
  trusted=0
  no_decreases=0
  cfg_gate=5

--- Full output ---
    Checking bump-allocator v0.16.17 (/home/ruize/nanvix-phy/src/libs/bump_allocator)
verification results:: 10 verified, 0 errors
    Checking kernel v0.16.17 (/home/ruize/nanvix-phy/src/kernel)
note: verifying module mm::phys

note: verifying module mm::phys::frame

verification results:: 0 verified, 0 errors (partial verification with `--verify-*`)
    Finished `dev` profile [optimized + debuginfo] target(s) in 2.96s
