Timestamp: 2026-06-14_07-09-16
Mode: cargo
Crate: kernel
Directory: N/A
Module: hal::mem::types::address::frame
Exit code: 101
35 verified
0 errors

Cheating patterns:
  assume=0
  external_body=12
  admit=26
  trusted=0
  no_decreases=0
  cfg_gate=15

--- Full output ---
    Checking sys v0.16.17 (/home/ruize/nanvix-phy/src/libs/sys)
verification results:: 6 verified, 0 errors
    Checking raw-array v0.16.17 (/home/ruize/nanvix-phy/src/libs/raw-array)
    Checking arch v0.16.17 (/home/ruize/nanvix-phy/src/libs/arch)
    Checking elf v0.16.17 (/home/ruize/nanvix-phy/src/libs/elf)
verification results:: 0 verified, 0 errors
    Checking bitmap v0.16.17 (/home/ruize/nanvix-phy/src/libs/bitmap)
verification results:: 70 verified, 0 errors
    Checking nanvix-slab v0.16.17 (/home/ruize/nanvix-phy/src/libs/slab)
verification results:: 35 verified, 0 errors
    Checking kernel v0.16.17 (/home/ruize/nanvix-phy/src/kernel)
error: cannot use function `kernel::hal::mem::types::address::phys::PhysicalAddress::from_raw_value` which is ignored because it is either declared outside the verus! macro or it is marked as `external`.
   --> src/kernel/src/hal/mem/types/address/frame.rs:105:43
    |
105 |         Ok(Self(PageAligned::from_address(PhysicalAddress::from_raw_value(raw_addr)?)?))
    |                                           ^^^^^^^^^^^^^^^^^^^^^^^^^^^^^^^^^^^^^^^^^
    |
    = help: The following declaration may resolve this error:
            pub assume_specification [<crate::hal::mem::types::address::phys::PhysicalAddress as sys::mm::Address>::crate::from_raw_value] (_0: usize) -> core::result::Result<hal::mem::types::address::phys::PhysicalAddress, sys::error::Error>;

error: could not compile `kernel` (bin "kernel") due to 1 previous error
