Timestamp: 2026-06-15_06-06-07
Mode: cargo
Crate: kernel
Directory: N/A
Module: mm::phys
Exit code: 101
0 verified
compilation/setup error (verus did not run)

Cheating patterns:
  assume=0
  external_body=19
  admit=19
  trusted=0
  no_decreases=0
  cfg_gate=15

--- Full output ---
    Checking kernel v0.16.17 (/home/ruize/nanvix-phy-specs/src/kernel)
error: cannot use function `kernel::hal::mem::types::address::aligned::page::PageAligned::deref` which is ignored because it is either declared outside the verus! macro or it is marked as `external`.
   --> src/kernel/src/hal/mem/types/address/frame.rs:149:9
    |
149 |         self.0.into_frame_number()
    |         ^^^^^^
    |
    = help: The following declaration may resolve this error:
            pub assume_specification<T> [<crate::hal::mem::types::address::aligned::page::PageAligned<T> as core::ops::Deref>::crate::deref] (_0: &crate::hal::mem::types::address::aligned::page::PageAligned<T>) -> &<hal::mem::types::address::aligned::page::PageAligned<T> as core::ops::Deref>::Target
            where
            T: sys::mm::Address,;

error: cannot use function `kernel::hal::mem::types::address::aligned::page::PageAligned::into_raw_value` which is ignored because it is either declared outside the verus! macro or it is marked as `external`.
   --> src/kernel/src/mm/phys/frame.rs:514:35
    |
514 |         let frame_number: usize = phys_addr.into_raw_value() / mem::FRAME_SIZE;
    |                                   --------------------------
...
553 |         let frame_number: usize = phys_addr.into_raw_value() / mem::FRAME_SIZE;
    |                                   --------------------------
...
616 |         let start_frame_number: usize = region.start().into_raw_value() / mem::FRAME_SIZE;
    |                                         -------------------------------
...
638 |                     let region_start: usize = region.start().into_raw_value();
    |                                               -------------------------------
    |
   ::: src/kernel/src/mm/virt/identity_map.rs:720:28
    |
720 |     let phys_addr: usize = phys_addr.into_raw_value();
    |                            --------------------------
    |
   ::: src/kernel/src/hal/mem/types/address/frame.rs:119:9
    |
119 |         self.0.into_raw_value()
    |         ^^^^^^^^^^^^^^^^^^^^^^^
    |
    = help: The following declaration may resolve this error:
            pub assume_specification<T> [<crate::hal::mem::types::address::aligned::page::PageAligned<T> as sys::mm::Address>::crate::into_raw_value] (_0: crate::hal::mem::types::address::aligned::page::PageAligned<T>) -> usize
            where
            T: sys::mm::Address,;

error: could not compile `kernel` (bin "kernel") due to 2 previous errors
