Timestamp: 2026-06-15_00-43-07
Mode: cargo
Crate: kernel
Directory: N/A
Module: <all>
Exit code: 0
76 verified
0 errors

Cheating patterns:
  assume=0
  external_body=12
  admit=36
  trusted=0
  no_decreases=0
  cfg_gate=15

--- Full output ---
    Checking arch v0.16.17 (/home/ruize/nanvix-phy-specs-bottom-up/src/libs/arch)
verification results:: 48 verified, 0 errors
    Checking kernel v0.16.17 (/home/ruize/nanvix-phy-specs-bottom-up/src/kernel)
verification results:: 76 verified, 0 errors
    Finished `dev` profile [optimized + debuginfo] target(s) in 3.97s
