Timestamp: 2026-06-15_07-42-45
Mode: cargo
Crate: kernel
Directory: N/A
Module: hal::mem::types::address::aligned::page
Exit code: 0
2 verified
0 errors

Cheating patterns:
  assume=0
  external_body=11
  admit=27
  trusted=0
  no_decreases=0
  cfg_gate=13

--- Full output ---
    Checking kernel v0.16.17 (/home/ruize/nanvix-phy-specs-bottom-up/src/kernel)
note: verifying module hal::mem::types::address::aligned::page

verification results:: 2 verified, 0 errors (partial verification with `--verify-*`)
    Finished `dev` profile [optimized + debuginfo] target(s) in 2.52s
