Timestamp: 2026-06-14_07-09-37
Mode: cargo
Crate: kernel
Directory: N/A
Module: hal::mem::types::address::frame
Exit code: 101
0 verified
compilation/setup error (verus did not run)

Cheating patterns:
  assume=0
  external_body=12
  admit=26
  trusted=0
  no_decreases=0
  cfg_gate=15

--- Full output ---
    Checking kernel v0.16.17 (/home/ruize/nanvix-phy/src/kernel)
error: cannot use function `kernel::hal::mem::types::address::phys::PhysicalAddress::from_raw_value` which is ignored because it is either declared outside the verus! macro or it is marked as `external`.
   --> src/kernel/src/hal/mem/types/address/frame.rs:105:43
    |
105 |         Ok(Self(PageAligned::from_address(PhysicalAddress::from_raw_value(raw_addr)?)?))
    |                                           ^^^^^^^^^^^^^^^^^^^^^^^^^^^^^^^^^^^^^^^^^
    |
    = help: The following declaration may resolve this error:
            pub assume_specification [<crate::hal::mem::types::address::phys::PhysicalAddress as sys::mm::Address>::crate::from_raw_value] (_0: usize) -> core::result::Result<hal::mem::types::address::phys::PhysicalAddress, sys::error::Error>;

error: could not compile `kernel` (bin "kernel") due to 1 previous error
