Timestamp: 2026-06-15_05-36-56
Mode: cargo
Crate: kernel
Directory: N/A
Module: mm::phys
Exit code: 101
0 verified
compilation/setup error (verus did not run)

Cheating patterns:
  assume=0
  external_body=19
  admit=19
  trusted=0
  no_decreases=0
  cfg_gate=15

--- Full output ---
    Checking kernel v0.16.17 (/home/ruize/nanvix-phy-specs/src/kernel)
error: function is marked `open` but not marked `pub`; for the body of a function to be visible, the function symbol must also be visible
   --> src/kernel/src/mm/phys/frame.proof.rs:171:11
    |
171 | open spec fn spec_refcount_slot(inner: &Inner, i: int) -> int {
    |           ^^^^^^^^^^^^^^^^^^^^^^^^^^^^^^^^^^^^^^^^^^^^^^^^^^^

error: could not compile `kernel` (bin "kernel") due to 1 previous error
