Timestamp: 2026-06-14_03-59-22
Mode: cargo
Crate: kernel
Directory: N/A
Module: mm::phys
Exit code: 101
0 verified
compilation/setup error (verus did not run)

Cheating patterns:
  assume=0
  external_body=14
  admit=21
  trusted=0
  no_decreases=0
  cfg_gate=17

--- Full output ---
    Checking kernel v0.16.17 (/home/ruize/nanvix-phy/src/kernel)
error: assume_specification requires function type signature to match `kernel::hal::mem::types::address::aligned::page::PageAligned::deref` exactly 
             assume_specification provided: `for<T> for<'_> (&hal::mem::types::address::aligned::page::PageAligned<T>) -> &T`
             expected:                      `for<T> for<'_> (&hal::mem::types::address::aligned::page::PageAligned<T>) -> &<hal::mem::types::address::aligned::page::PageAligned<T> as core::ops::Deref>::Target`
  --> src/kernel/src/mm/phys/frame.spec.rs:61:1
   |
61 | / pub assume_specification<T: ::sys::mm::Address>[ <crate::hal::mem::PageAligned<T> as ::core::ops::Deref>::deref ](
62 | |     _a: &crate::hal::mem::PageAligned<T>,
63 | | ) -> &T;
   | |_______^

error: could not compile `kernel` (bin "kernel") due to 1 previous error
