Timestamp: 2026-06-15_08-05-29
Mode: cargo
Crate: kernel
Directory: N/A
Module: mm::phys
Exit code: 101
0 verified
compilation/setup error (verus did not run)

Cheating patterns:
  assume=0
  external_body=10
  admit=27
  trusted=0
  no_decreases=0
  cfg_gate=13

--- Full output ---
    Checking kernel v0.16.17 (/home/ruize/nanvix-phy-specs-bottom-up/src/kernel)
error: cannot use function `kernel::mm::phys::frame::init` which is ignored because it is either declared outside the verus! macro or it is marked as `external`.
   --> src/kernel/src/mm/phys/mod.rs:175:14
    |
175 |     unsafe { frame::init(physical_memory_layout)? };
    |              ^^^^^^^^^^^^^^^^^^^^^^^^^^^^^^^^^^^
    |
    = help: The following declaration may resolve this error:
            assume_specification [crate::mm::phys::frame::init] (_0: bitmap::Bitmap) -> core::result::Result<(), sys::error::Error>;

error: could not compile `kernel` (bin "kernel") due to 1 previous error
