Timestamp: 2026-06-14_03-05-27
Mode: cargo
Crate: kernel
Directory: N/A
Module: mm::phys::upool
Exit code: 0
6 verified
0 errors

Cheating patterns:
  assume=0
  external_body=26
  admit=10
  trusted=0
  no_decreases=0
  cfg_gate=10

--- Full output ---
    Checking kernel v0.16.17 (/home/ruize/nanvix-phy/src/kernel)
note: verifying module mm::phys::upool

verification results:: 6 verified, 0 errors (partial verification with `--verify-*`)
    Finished `dev` profile [optimized + debuginfo] target(s) in 2.38s
