Timestamp: 2026-06-15_09-01-45
Mode: cargo
Crate: kernel
Directory: N/A
Module: hal::mem::types::address::phys
Exit code: 101
4 verified
2 errors

Cheating patterns:
  assume=0
  external_body=19
  admit=14
  trusted=0
  no_decreases=0
  cfg_gate=19

--- Full output ---
    Checking kernel v0.16.17 (/home/ruize/nanvix-phy-specs/src/kernel)
note: verifying module hal::mem::types::address::phys

error: assertion failed
  --> src/kernel/src/hal/mem/types/address/phys.proof.rs:27:12
   |
27 |     assert(0 <= raw <= m / s - 1);
   |            ^^^^^^^^^^^^^^^^^^^^^ assertion failed

error: precondition not satisfied
  --> src/kernel/src/hal/mem/types/address/phys.proof.rs:64:5
   |
64 |     lemma_usize_shr_is_div(raw_addr, shift);
   |     ^^^^^^^^^^^^^^^^^^^^^^^^^^^^^^^^^^^^^^^
   |
  ::: /home/ruize/.cargo/registry/src/index.crates.io-1949cf8c6b5b557f/vstd-0.0.0-2026-05-31-0205/bits.rs:47:17
   |
47 |                 0 <= shift < <$uN>::BITS,
   |                 ------------------------ failed precondition

verification results:: 4 verified, 2 errors (partial verification with `--verify-*`)
error: could not compile `kernel` (bin "kernel") due to 2 previous errors
