Timestamp: 2026-06-15_11-28-22
Mode: cargo
Crate: kernel
Directory: N/A
Module: hal::mem::types::address::aligned::page
Exit code: 0
1 verified
0 errors

Cheating patterns:
  assume=0
  external_body=24
  admit=0
  trusted=0
  no_decreases=0
  cfg_gate=9

--- Full output ---
    Checking kernel v0.16.17 (/home/ruize/nanvix-phy/src/kernel)
note: verifying module hal::mem::types::address::aligned::page

verification results:: 1 verified, 0 errors (partial verification with `--verify-*`)
    Finished `dev` profile [optimized + debuginfo] target(s) in 2.02s
