Timestamp: 2026-06-15_21-00-44
Mode: cargo
Crate: kernel
Directory: N/A
Module: mm::virt::identity_map
Exit code: 101
0 verified
compilation/setup error (verus did not run)

Cheating patterns:
  assume=0
  external_body=29
  admit=4
  trusted=0
  no_decreases=0
  cfg_gate=6

--- Full output ---
    Checking kernel v0.16.17 (/home/ruize/nanvix-phy/src/kernel)
error: aborting due to 1 previous error


error: cannot find trait `T52_TableEntry` in this scope
  --> src/kernel/src/mm/virt/identity_map.spec.rs:61:78
   |
61 | pub struct ExTable<E>(::arch::mem::paging::Table<E>) where E: ::arch::mem::paging::TableEntry;
   |                                                                              ^^^^^^^^^^^^^^

note: This error was found in Verus's Trait-Conflict-Checker

error: could not compile `kernel` (bin "kernel") due to 1 previous error
