Timestamp: 2026-06-15_01-35-13
Mode: cargo
Crate: bump-allocator
Directory: N/A
Module: <all>
Exit code: 0
10 verified
0 errors

Cheating patterns:
  assume=0
  external_body=2
  admit=0
  trusted=0
  no_decreases=0
  cfg_gate=0

--- Full output ---
   Compiling proc-macro2 v1.0.106
   Compiling unicode-ident v1.0.24
   Compiling quote v1.0.45
   Compiling compiler_builtins v0.1.160 (/home/ruize/.rustup/toolchains/1.95.0-x86_64-unknown-linux-gnu/lib/rustlib/src/rust/library/compiler-builtins/compiler-builtins)
   Compiling autocfg v1.5.0
   Compiling verus_prettyplease v0.0.0-2026-05-31-0205
   Compiling core v0.0.0 (/home/ruize/.rustup/toolchains/1.95.0-x86_64-unknown-linux-gnu/lib/rustlib/src/rust/library/core)
   Compiling hashbrown v0.12.3
   Compiling vstd v0.0.0-2026-05-31-0205
   Compiling indexmap v1.9.3
   Compiling verus_syn v0.0.0-2026-05-31-0205
   Compiling syn v2.0.117
   Compiling synstructure v0.13.2
   Compiling verus_builtin_macros v0.0.0-2026-05-31-0205
   Compiling verus_state_machines_macros v0.0.0-2026-05-31-0205
   Compiling alloc v0.0.0 (/home/ruize/.rustup/toolchains/1.95.0-x86_64-unknown-linux-gnu/lib/rustlib/src/rust/library/alloc)
    Checking verus_builtin v0.0.0-2026-05-17-0151
verification results:: 1523 verified, 0 errors
    Checking bump-allocator v0.16.17 (/home/ruize/nanvix-phy/src/libs/bump_allocator)
verification results:: 10 verified, 0 errors
    Finished `dev` profile [optimized + debuginfo] target(s) in 34.67s
