Using Verus installation at /home/ruize/toolchain/verus.
RUSTFLAGS="-C relocation-model=static -C prefer-dynamic=no" \
PATH="/home/ruize/toolchain/verus:$PATH" \
VERUS_AI_DIR="/home/ruize/verus-ai-exp/verus-ai" \
VERUS_EXTRA_CARGO_ARGS="--locked --features microvm,trace -Z build-std=core,alloc,compiler_builtins -Z build-std-features=compiler-builtins-mem -Z json-target-spec --target /home/ruize/nanvix-phy-specs/build/targets/x86-kernel.json" \
/home/ruize/nanvix-phy-specs/scripts/verify.sh --crate kernel  --log-dir verus-ai-logs/verify-kernel
=== Verus Verification (cargo mode) ===
  Crate     : kernel
  Module    : <all>
  Source dir : /home/ruize/nanvix-phy-specs/src/kernel/src
  Channel   : <default>
  Extra args: --locked --features microvm,trace -Z build-std=core,alloc,compiler_builtins -Z build-std-features=compiler-builtins-mem -Z json-target-spec --target /home/ruize/nanvix-phy-specs/build/targets/x86-kernel.json
  Timestamp : 2026-06-15_09-41-18

note: verifying module hal::mem::types::address::frame

    Finished `dev` profile [optimized + debuginfo] target(s) in 0.23s

=== Results ===
  cached (no recompilation)
  —
  Exit code : 0

=== Cheating Pattern Check ===
  cheating: assume=0 external_body=19 admit=12 trusted=0 no_decreases=0 cfg_gate=19
  Detail: verus-ai-logs/verify-kernel/verus-logs/cheating-detail.txt

=== Function Coverage ===
  56/1026 exec functions have contracts.
  Unverified function list written to: verus-ai-logs/verify-kernel/verus-logs/coverage-unverified.txt

=== Summary ===
  verification: cached (no recompilation), — (exit 0)
  cheating: assume=0 external_body=19 admit=12 trusted=0 no_decreases=0 cfg_gate=19
  coverage: 56/1026 exec functions have contracts
  status: CHEATING_DETECTED

Log written to: verus-ai-logs/verify-kernel/verus-logs/verus_2026-06-15_09-41-18.log
