Using Verus installation at /home/ruize/toolchain/verus.
RUSTFLAGS="-C relocation-model=static -C prefer-dynamic=no" \
PATH="/home/ruize/toolchain/verus:$PATH" \
VERUS_AI_DIR="/home/ruize/verus-ai-exp/verus-ai" \
VERUS_EXTRA_CARGO_ARGS="--locked --features microvm,trace -Z build-std=core,alloc,compiler_builtins -Z build-std-features=compiler-builtins-mem -Z json-target-spec --target /home/ruize/nanvix-phy/build/targets/x86-kernel.json" \
/home/ruize/nanvix-phy/scripts/verify.sh --crate kernel --module mm::phys --log-dir verus-ai-logs/verify-kernel
=== Verus Verification (cargo mode) ===
  Crate     : kernel
  Module    : mm::phys
  Source dir : /home/ruize/nanvix-phy/src/kernel/src
  Channel   : <default>
  Extra args: --locked --features microvm,trace -Z build-std=core,alloc,compiler_builtins -Z build-std-features=compiler-builtins-mem -Z json-target-spec --target /home/ruize/nanvix-phy/build/targets/x86-kernel.json
  Timestamp : 2026-06-15_06-42-34

note: verifying module mm::phys

note: verifying module mm::phys::frame

note: verifying module mm::phys::kframe

note: verifying module mm::phys::manager

note: verifying module mm::phys::upool

    Finished `dev` profile [optimized + debuginfo] target(s) in 0.23s

=== Results ===
  cached (no recompilation)
  —
  Exit code : 0

=== Cheating Pattern Check ===
  Module mm::phys:
    ⚠️  external_body: 26
    ⚠️  cfg-gated exec code: 3
  Affected functions:
    - frame.rs:137 alloc: external_body
    - frame.rs:210 alloc_contiguous: external_body
    - frame.rs:290 free: external_body
    - frame.rs:368 share: external_body
    - frame.rs:428 refcount: external_body
    - frame.rs:481 book: external_body
    - frame.rs:517 is_covered: external_body
    - frame.rs:565 alloc_range: external_body
    - frame.rs:668 init: external_body
    - frame.rs:731 alloc: external_body
    - frame.rs:778 free: external_body
    - frame.rs:802 is_covered: external_body
    - frame.rs:822 book: external_body
    - frame.rs:844 alloc_range: external_body
    - frame.rs:869 share: external_body
    - frame.rs:894 refcount: external_body
    - kframe.rs:141 clear: external_body
    - manager.rs:107 init: external_body
    - manager.rs:198 alloc_many_user_frames: external_body
    - manager.rs:267 alloc_user_frame: external_body
    - manager.rs:306 check_user_watermark: external_body
    - manager.rs:352 alloc_kernel_frame: external_body
    - manager.rs:409 alloc_many_kernel_frames: external_body
    - mod.rs:82 book_physical_memory_regions: external_body
    - mod.rs:117 book_mmio_regions: external_body
    - mod.spec.rs:73 ExLinkedList (struct): external_type_spec
  Global: assume=0 external_body=28 admit=0 trusted=0 cfg_gate=9
  Detail: verus-ai-logs/verify-kernel/verus-logs/cheating-detail.txt

=== Function Coverage ===
  35/44 exec functions have contracts.
  Unverified functions:
    - instance
    - alloc_contiguous
    - free_count
    - clear
    - deref
    - deref_mut
    - get_mut
    - test
    - new

=== Summary ===
  verification: cached (no recompilation), — (exit 0)
  cheating: assume=0 external_body=28 admit=0 trusted=0 no_decreases=0 cfg_gate=9
  coverage: 35/44 exec functions have contracts
  status: CHEATING_DETECTED

Log written to: verus-ai-logs/verify-kernel/verus-logs/verus_2026-06-15_06-42-34.log
