VERUS_EXECUTABLE_DIR is not set; skipping verification.
Using Verus installation at /home/ruize/verus.
PATH="/home/ruize/verus:$PATH" \
RUSTFLAGS="-C relocation-model=static -C prefer-dynamic=no" \
VERUS_EXTRA_CARGO_ARGS="-Z build-std=core,alloc,compiler_builtins -Z build-std-features=compiler-builtins-mem --target /home/ruize/verus-ai-exp/verus-ai-lru-0422/target-systems/nanvix/build/targets/x86-kernel.json" \
VERUS_AI_DIR="/home/ruize/verus-ai-exp/verus-ai-lru-0422" \
/home/ruize/verus-ai-exp/verus-ai-lru-0422/target-systems/nanvix/scripts/verify.sh --crate cache  --log-dir verus-ai-logs
=== Verus Verification (cargo mode) ===
  Crate     : cache
  Module    : <all>
  Source dir : /home/ruize/verus-ai-exp/verus-ai-lru-0422/target-systems/nanvix/src/libs/cache/src
  Channel   : <default>
  Extra args: -Z build-std=core,alloc,compiler_builtins -Z build-std-features=compiler-builtins-mem --target /home/ruize/verus-ai-exp/verus-ai-lru-0422/target-systems/nanvix/build/targets/x86-kernel.json
  Timestamp : 2026-04-22_20-34-36

note: automatically chose triggers for this expression:
  --> src/libs/cache/src/lib.proof.rs:75:5
   |
75 |     assert forall |x: K|
   |     ^^^^^^

note:   trigger 1 of 1:
  --> src/libs/cache/src/lib.proof.rs:76:9
   |
76 |         filtered.to_set().contains(x) implies s.to_set().remove(key).contains(x)
   |         ^^^^^^^^^^^^^^^^^^^^^^^^^^^^^

note: automatically chose triggers for this expression:
  --> src/libs/cache/src/lib.proof.rs:84:5
   |
84 |     assert forall |x: K|
   |     ^^^^^^

note:   trigger 1 of 1:
  --> src/libs/cache/src/lib.proof.rs:85:52
   |
85 |         s.to_set().remove(key).contains(x) implies filtered.to_set().contains(x)
   |                                                    ^^^^^^^^^^^^^^^^^^^^^^^^^^^^^

note: automatically chose triggers for this expression:
   --> src/libs/cache/src/lib.proof.rs:145:5
    |
145 |     assert forall |x: K|
    |     ^^^^^^

note:   trigger 1 of 1:
   --> src/libs/cache/src/lib.proof.rs:146:9
    |
146 |         sub.to_set().contains(x) implies s.to_set().remove(s[0]).contains(x)
    |         ^^^^^^^^^^^^^^^^^^^^^^^^

note: automatically chose triggers for this expression:
   --> src/libs/cache/src/lib.proof.rs:155:5
    |
155 |     assert forall |x: K|
    |     ^^^^^^

note:   trigger 1 of 1:
   --> src/libs/cache/src/lib.proof.rs:156:53
    |
156 |         s.to_set().remove(s[0]).contains(x) implies sub.to_set().contains(x)
    |                                                     ^^^^^^^^^^^^^^^^^^^^^^^^

note: Verus printed one or more automatically chosen quantifier triggers
      because it had low confidence in the chosen triggers.
      To suppress these messages, do one of the following:
        (1) manually annotate a single desired trigger using #[trigger]
            (example: forall|i: int, j: int| f(i) && #[trigger] g(i) && #[trigger] h(j)),
        (2) manually annotate multiple desired triggers using #![trigger ...]
            (example: forall|i: int| #![trigger f(i)] #![trigger g(i)] f(i) && g(i)),
        (3) accept the automatically chosen trigger using #![auto]
            (example: forall|i: int, j: int| #![auto] f(i) && g(i) && h(j))
        (4) use the --triggers-mode silent command-line option to suppress all printing of triggers.
      (Note: triggers are used by the underlying SMT theorem prover to instantiate quantifiers;
      the theorem prover instantiates a quantifier whenever some expression matches the
      pattern specified by one of the quantifier's triggers.)
   --> src/libs/cache/src/lib.proof.rs:155:5
    |
155 |     assert forall |x: K|
    |     ^^^^^^

    Finished `dev` profile [optimized + debuginfo] target(s) in 0.23s

=== Results ===
  cached (no recompilation)
  —
  Exit code : 0

=== Cheating Pattern Check ===
  ⚠️  external_body: 9
  Affected functions:
    - deref (line 95): external_body
    - new (line 147): external_body
    - get (line 186): external_body
    - put (line 216): external_body
    - remove (line 262): external_body
    - clear (line 279): external_body
    - evict (line 303): external_body

=== Function Coverage ===
  7/8 exec functions have contracts.
  Unverified functions:
    - deref_mut

=== Summary ===
  verification: cached (no recompilation), — (exit 0)
  cheating: assume=0 external_body=9 admit=0 trusted=0 no_decreases=0 cfg_gate=0
  coverage: 7/8 exec functions have contracts
  status: CHEATING_DETECTED

Log written to: verus-ai-logs/verus-logs/verus_2026-04-22_20-34-36.log
