Using Verus installation at /home/ruize/toolchain/verus.
RUSTFLAGS="-C relocation-model=static -C prefer-dynamic=no" \
PATH="/home/ruize/toolchain/verus:$PATH" \
VERUS_AI_DIR="/home/ruize/verus-ai-exp/verus-ai" \
VERUS_EXTRA_CARGO_ARGS="--locked --features microvm,trace -Z build-std=core,alloc,compiler_builtins -Z build-std-features=compiler-builtins-mem -Z json-target-spec --target /home/ruize/nanvix-phy-specs-bottom-up/build/targets/x86-kernel.json" \
/home/ruize/nanvix-phy-specs-bottom-up/scripts/verify.sh --crate kernel --module hal::mem::types::region --log-dir verus-ai-logs/verify-kernel
=== Verus Verification (cargo mode) ===
  Crate     : kernel
  Module    : hal::mem::types::region
  Source dir : /home/ruize/nanvix-phy-specs-bottom-up/src/kernel/src
  Channel   : <default>
  Extra args: --locked --features microvm,trace -Z build-std=core,alloc,compiler_builtins -Z build-std-features=compiler-builtins-mem -Z json-target-spec --target /home/ruize/nanvix-phy-specs-bottom-up/build/targets/x86-kernel.json
  Timestamp : 2026-06-15_06-36-17

note: verifying module hal::mem::types::region

    Finished `dev` profile [optimized + debuginfo] target(s) in 0.23s

=== Results ===
  cached (no recompilation)
  —
  Exit code : 0

=== Cheating Pattern Check ===
  ✅ No cheating detected in module hal::mem::types::region.
  Global: assume=0 external_body=11 admit=27 trusted=0 cfg_gate=14
  Detail: verus-ai-logs/verify-kernel/verus-logs/cheating-detail.txt

=== Function Coverage ===
  4/28 exec functions have contracts.
  Unverified functions:
    - new
    - write_through
    - cache_enabled
    - new
    - name
    - typ
    - perm
    - cache_policy
    - set_cache_policy
    - eq
    - partial_cmp
    - cmp
    - new
    - new_mmio
    - from_memory_region
    - name
    - typ
    - perm
    - cache_policy
    - eq
    - partial_cmp
    - cmp
    - fmt
    - from_virtual_memory_region

=== Summary ===
  verification: cached (no recompilation), — (exit 0)
  cheating: assume=0 external_body=11 admit=27 trusted=0 no_decreases=0 cfg_gate=14
  coverage: 4/28 exec functions have contracts
  status: CLEAN

Log written to: verus-ai-logs/verify-kernel/verus-logs/verus_2026-06-15_06-36-17.log
