Timestamp: 2026-06-15_13-23-09
Mode: cargo
Crate: arch
Directory: N/A
Module: <all>
Exit code: 101
0 verified
compilation/setup error (verus did not run)

Cheating patterns:
  assume=0
  external_body=1
  admit=1
  trusted=0
  no_decreases=0
  cfg_gate=4

--- Full output ---
    Checking arch v0.16.17 (/home/ruize/nanvix-phy-specs/src/libs/arch)
error: Verus does not support this cast: `usize` to `*const u32`
   --> src/libs/arch/src/x86/mem/paging/table.rs:210:35
    |
210 |         let ptr: *const PteWord = (self.base + offset) as *const PteWord;
    |                                   ^^^^^^^^^^^^^^^^^^^^^^^^^^^^^^^^^^^^^^

error: Verus does not support this cast: `usize` to `*mut u32`
   --> src/libs/arch/src/x86/mem/paging/table.rs:246:33
    |
246 |         let ptr: *mut PteWord = (self.base + offset) as *mut PteWord;
    |                                 ^^^^^^^^^^^^^^^^^^^^^^^^^^^^^^^^^^^^

error: could not compile `arch` (lib) due to 2 previous errors
