Timestamp: 2026-06-15_01-49-37
Mode: cargo
Crate: arch
Directory: N/A
Module: <all>
Exit code: 101
0 verified
compilation/setup error (verus did not run)

Cheating patterns:
  assume=0
  external_body=3
  admit=0
  trusted=0
  no_decreases=0
  cfg_gate=0

--- Full output ---
    Checking arch v0.16.17 (/home/ruize/nanvix-phy-specs-bottom-up/src/libs/arch)
error: cannot use function `arch::x86::mem::paging::flags::ReadWriteFlag::from_raw_value` which is ignored because it is either declared outside the verus! macro or it is marked as `external`.
   --> src/libs/arch/src/x86/mem/paging/pde.rs:236:25
    |
236 |             read_write: ReadWriteFlag::from_raw_value(value),
    |                         ^^^^^^^^^^^^^^^^^^^^^^^^^^^^^^^^^^^^
    |
    = help: The following declaration may resolve this error:
            pub assume_specification [crate::x86::mem::paging::flags::ReadWriteFlag::from_raw_value] (_0: u32) -> crate::x86::mem::paging::flags::ReadWriteFlag;

error: cannot use function `arch::x86::mem::paging::flags::UserSupervisorFlag::from_raw_value` which is ignored because it is either declared outside the verus! macro or it is marked as `external`.
   --> src/libs/arch/src/x86/mem/paging/pde.rs:237:30
    |
237 |             user_supervisor: UserSupervisorFlag::from_raw_value(value),
    |                              ^^^^^^^^^^^^^^^^^^^^^^^^^^^^^^^^^^^^^^^^^
    |
    = help: The following declaration may resolve this error:
            pub assume_specification [crate::x86::mem::paging::flags::UserSupervisorFlag::from_raw_value] (_0: u32) -> crate::x86::mem::paging::flags::UserSupervisorFlag;

error: cannot use function `arch::x86::mem::paging::flags::PageWriteThroughFlag::from_raw_value` which is ignored because it is either declared outside the verus! macro or it is marked as `external`.
   --> src/libs/arch/src/x86/mem/paging/pde.rs:238:33
    |
238 |             page_write_through: PageWriteThroughFlag::from_raw_value(value),
    |                                 ^^^^^^^^^^^^^^^^^^^^^^^^^^^^^^^^^^^^^^^^^^^
    |
    = help: The following declaration may resolve this error:
            pub assume_specification [crate::x86::mem::paging::flags::PageWriteThroughFlag::from_raw_value] (_0: u32) -> crate::x86::mem::paging::flags::PageWriteThroughFlag;

error: cannot use function `arch::x86::mem::paging::flags::PageCacheDisableFlag::from_raw_value` which is ignored because it is either declared outside the verus! macro or it is marked as `external`.
   --> src/libs/arch/src/x86/mem/paging/pde.rs:239:33
    |
239 |             page_cache_disable: PageCacheDisableFlag::from_raw_value(value),
    |                                 ^^^^^^^^^^^^^^^^^^^^^^^^^^^^^^^^^^^^^^^^^^^
    |
    = help: The following declaration may resolve this error:
            pub assume_specification [crate::x86::mem::paging::flags::PageCacheDisableFlag::from_raw_value] (_0: u32) -> crate::x86::mem::paging::flags::PageCacheDisableFlag;

error: cannot use function `arch::x86::mem::paging::flags::AccessedFlag::from_raw_value` which is ignored because it is either declared outside the verus! macro or it is marked as `external`.
   --> src/libs/arch/src/x86/mem/paging/pde.rs:240:23
    |
240 |             accessed: AccessedFlag::from_raw_value(value),
    |                       ^^^^^^^^^^^^^^^^^^^^^^^^^^^^^^^^^^^
    |
    = help: The following declaration may resolve this error:
            pub assume_specification [crate::x86::mem::paging::flags::AccessedFlag::from_raw_value] (_0: u32) -> crate::x86::mem::paging::flags::AccessedFlag;

error: cannot use function `arch::x86::mem::paging::flags::DirtyFlag::from_raw_value` which is ignored because it is either declared outside the verus! macro or it is marked as `external`.
   --> src/libs/arch/src/x86/mem/paging/pde.rs:241:20
    |
241 |             dirty: DirtyFlag::from_raw_value(value),
    |                    ^^^^^^^^^^^^^^^^^^^^^^^^^^^^^^^^
    |
    = help: The following declaration may resolve this error:
            pub assume_specification [crate::x86::mem::paging::flags::DirtyFlag::from_raw_value] (_0: u32) -> crate::x86::mem::paging::flags::DirtyFlag;

error: cannot use function `arch::x86::mem::paging::flags::PageSizeFlag::from_raw_value` which is ignored because it is either declared outside the verus! macro or it is marked as `external`.
   --> src/libs/arch/src/x86/mem/paging/pde.rs:242:24
    |
242 |             page_size: PageSizeFlag::from_raw_value(value),
    |                        ^^^^^^^^^^^^^^^^^^^^^^^^^^^^^^^^^^^
    |
    = help: The following declaration may resolve this error:
            pub assume_specification [crate::x86::mem::paging::flags::PageSizeFlag::from_raw_value] (_0: u32) -> crate::x86::mem::paging::flags::PageSizeFlag;

error: cannot use function `arch::x86::mem::paging::flags::PresentFlag::into_raw_value` which is ignored because it is either declared outside the verus! macro or it is marked as `external`.
   --> src/libs/arch/src/x86/mem/paging/pde.rs:258:18
    |
258 |         value |= self.present.into_raw_value();
    |                  ^^^^^^^^^^^^^^^^^^^^^^^^^^^^^
    |
    = help: The following declaration may resolve this error:
            pub assume_specification [crate::x86::mem::paging::flags::PresentFlag::into_raw_value] (_0: crate::x86::mem::paging::flags::PresentFlag) -> u32;

error: cannot use function `arch::x86::mem::paging::flags::ReadWriteFlag::into_raw_value` which is ignored because it is either declared outside the verus! macro or it is marked as `external`.
   --> src/libs/arch/src/x86/mem/paging/pde.rs:259:18
    |
259 |         value |= self.read_write.into_raw_value();
    |                  ^^^^^^^^^^^^^^^^^^^^^^^^^^^^^^^^
    |
    = help: The following declaration may resolve this error:
            pub assume_specification [crate::x86::mem::paging::flags::ReadWriteFlag::into_raw_value] (_0: crate::x86::mem::paging::flags::ReadWriteFlag) -> u32;

error: cannot use function `arch::x86::mem::paging::flags::UserSupervisorFlag::into_raw_value` which is ignored because it is either declared outside the verus! macro or it is marked as `external`.
   --> src/libs/arch/src/x86/mem/paging/pde.rs:260:18
    |
260 |         value |= self.user_supervisor.into_raw_value();
    |                  ^^^^^^^^^^^^^^^^^^^^^^^^^^^^^^^^^^^^^
    |
    = help: The following declaration may resolve this error:
            pub assume_specification [crate::x86::mem::paging::flags::UserSupervisorFlag::into_raw_value] (_0: crate::x86::mem::paging::flags::UserSupervisorFlag) -> u32;

error: cannot use function `arch::x86::mem::paging::flags::PageWriteThroughFlag::into_raw_value` which is ignored because it is either declared outside the verus! macro or it is marked as `external`.
   --> src/libs/arch/src/x86/mem/paging/pde.rs:261:18
    |
261 |         value |= self.page_write_through.into_raw_value();
    |                  ^^^^^^^^^^^^^^^^^^^^^^^^^^^^^^^^^^^^^^^^
    |
    = help: The following declaration may resolve this error:
            pub assume_specification [crate::x86::mem::paging::flags::PageWriteThroughFlag::into_raw_value] (_0: crate::x86::mem::paging::flags::PageWriteThroughFlag) -> u32;

error: cannot use function `arch::x86::mem::paging::flags::PageCacheDisableFlag::into_raw_value` which is ignored because it is either declared outside the verus! macro or it is marked as `external`.
   --> src/libs/arch/src/x86/mem/paging/pde.rs:262:18
    |
262 |         value |= self.page_cache_disable.into_raw_value();
    |                  ^^^^^^^^^^^^^^^^^^^^^^^^^^^^^^^^^^^^^^^^
    |
    = help: The following declaration may resolve this error:
            pub assume_specification [crate::x86::mem::paging::flags::PageCacheDisableFlag::into_raw_value] (_0: crate::x86::mem::paging::flags::PageCacheDisableFlag) -> u32;

error: cannot use function `arch::x86::mem::paging::flags::AccessedFlag::into_raw_value` which is ignored because it is either declared outside the verus! macro or it is marked as `external`.
   --> src/libs/arch/src/x86/mem/paging/pde.rs:263:18
    |
263 |         value |= self.accessed.into_raw_value();
    |                  ^^^^^^^^^^^^^^^^^^^^^^^^^^^^^^
    |
    = help: The following declaration may resolve this error:
            pub assume_specification [crate::x86::mem::paging::flags::AccessedFlag::into_raw_value] (_0: crate::x86::mem::paging::flags::AccessedFlag) -> u32;

error: cannot use function `arch::x86::mem::paging::flags::DirtyFlag::into_raw_value` which is ignored because it is either declared outside the verus! macro or it is marked as `external`.
   --> src/libs/arch/src/x86/mem/paging/pde.rs:264:18
    |
264 |         value |= self.dirty.into_raw_value();
    |                  ^^^^^^^^^^^^^^^^^^^^^^^^^^^
    |
    = help: The following declaration may resolve this error:
            pub assume_specification [crate::x86::mem::paging::flags::DirtyFlag::into_raw_value] (_0: crate::x86::mem::paging::flags::DirtyFlag) -> u32;

error: cannot use function `arch::x86::mem::paging::flags::PageSizeFlag::into_raw_value` which is ignored because it is either declared outside the verus! macro or it is marked as `external`.
   --> src/libs/arch/src/x86/mem/paging/pde.rs:265:18
    |
265 |         value |= self.page_size.into_raw_value();
    |                  ^^^^^^^^^^^^^^^^^^^^^^^^^^^^^^^
    |
    = help: The following declaration may resolve this error:
            pub assume_specification [crate::x86::mem::paging::flags::PageSizeFlag::into_raw_value] (_0: crate::x86::mem::paging::flags::PageSizeFlag) -> u32;

error: cannot use function `arch::x86::mem::paging::flags::PresentFlag::from_raw_value` which is ignored because it is either declared outside the verus! macro or it is marked as `external`.
   --> src/libs/arch/src/x86/mem/paging/pde.rs:235:22
    |
235 |             present: PresentFlag::from_raw_value(value),
    |                      ^^^^^^^^^^^^^^^^^^^^^^^^^^^^^^^^^^
    |
    = help: The following declaration may resolve this error:
            pub assume_specification [crate::x86::mem::paging::flags::PresentFlag::from_raw_value] (_0: u32) -> crate::x86::mem::paging::flags::PresentFlag;

error: could not compile `arch` (lib) due to 16 previous errors
