Timestamp: 2026-06-15_03-59-07
Mode: cargo
Crate: arch
Directory: N/A
Module: mem::paging::frame::number
Exit code: 101
0 verified
compilation/setup error (verus did not run)

Cheating patterns:
  assume=0
  external_body=3
  admit=0
  trusted=0
  no_decreases=0
  cfg_gate=0

--- Full output ---
    Checking arch v0.16.17 (/home/ruize/nanvix-phy-specs-bottom-up/src/libs/arch)
error: could not find module mem::paging::frame::number specified by --verify-module or --verify-only-module
       available modules are:
       - x86::mem::constants
       - x86::mem::paging
       - x86::mem::paging::flags
       - x86::mem::paging::frame::number
       - x86::mem::paging::pde
       - x86::mem::paging::pte
       - x86::mem::paging::table
       or use --verify-root

error: could not compile `arch` (lib) due to 1 previous error
