Timestamp: 2026-06-15_19-43-07
Mode: cargo
Crate: arch
Directory: N/A
Module: <all>
Exit code: 101
0 verified
compilation/setup error (verus did not run)

Cheating patterns:
  assume=0
  external_body=0
  admit=0
  trusted=0
  no_decreases=0
  cfg_gate=0

--- Full output ---
    Checking arch v0.16.17 (/home/ruize/nanvix-phy/src/libs/arch)
error[E0433]: cannot find module or crate `vstd` in this scope
 --> src/libs/arch/src/x86/mem/paging/frame/number.rs:8:5
  |
8 | use vstd::prelude::*;
  |     ^^^^ use of unresolved module or unlinked crate `vstd`
  |
  = help: if you wanted to use a crate named `vstd`, use `cargo add vstd` to add it to your `Cargo.toml`

For more information about this error, try `rustc --explain E0433`.
error: could not compile `arch` (lib) due to 1 previous error
