Timestamp: 2026-06-15_01-22-22
Mode: cargo
Crate: arch
Directory: N/A
Module: x86::mem::paging::pte
Exit code: 101
0 verified
compilation/setup error (verus did not run)

Cheating patterns:
  assume=0
  external_body=3
  admit=0
  trusted=0
  no_decreases=0
  cfg_gate=2

--- Full output ---
    Checking arch v0.16.17 (/home/ruize/nanvix-phy-specs-bottom-up/src/libs/arch)
error: cannot use function `arch::x86::mem::paging::flags::ReadWriteFlag::from_raw_value` which is ignored because it is either declared outside the verus! macro or it is marked as `external`.
   --> src/libs/arch/src/x86/mem/paging/pte.rs:135:25
    |
135 |             read_write: ReadWriteFlag::from_raw_value(value),
    |                         ^^^^^^^^^^^^^^^^^^^^^^^^^^^^^^^^^^^^
    |
    = help: The following declaration may resolve this error:
            pub assume_specification [crate::x86::mem::paging::flags::ReadWriteFlag::from_raw_value] (_0: u32) -> crate::x86::mem::paging::flags::ReadWriteFlag;

error: cannot use function `arch::x86::mem::paging::flags::UserSupervisorFlag::from_raw_value` which is ignored because it is either declared outside the verus! macro or it is marked as `external`.
   --> src/libs/arch/src/x86/mem/paging/pte.rs:136:30
    |
136 |             user_supervisor: UserSupervisorFlag::from_raw_value(value),
    |                              ^^^^^^^^^^^^^^^^^^^^^^^^^^^^^^^^^^^^^^^^^
    |
    = help: The following declaration may resolve this error:
            pub assume_specification [crate::x86::mem::paging::flags::UserSupervisorFlag::from_raw_value] (_0: u32) -> crate::x86::mem::paging::flags::UserSupervisorFlag;

error: cannot use function `arch::x86::mem::paging::flags::PageWriteThroughFlag::from_raw_value` which is ignored because it is either declared outside the verus! macro or it is marked as `external`.
   --> src/libs/arch/src/x86/mem/paging/pte.rs:137:33
    |
137 |             page_write_through: PageWriteThroughFlag::from_raw_value(value),
    |                                 ^^^^^^^^^^^^^^^^^^^^^^^^^^^^^^^^^^^^^^^^^^^
    |
    = help: The following declaration may resolve this error:
            pub assume_specification [crate::x86::mem::paging::flags::PageWriteThroughFlag::from_raw_value] (_0: u32) -> crate::x86::mem::paging::flags::PageWriteThroughFlag;

error: cannot use function `arch::x86::mem::paging::flags::PageCacheDisableFlag::from_raw_value` which is ignored because it is either declared outside the verus! macro or it is marked as `external`.
   --> src/libs/arch/src/x86/mem/paging/pte.rs:138:33
    |
138 |             page_cache_disable: PageCacheDisableFlag::from_raw_value(value),
    |                                 ^^^^^^^^^^^^^^^^^^^^^^^^^^^^^^^^^^^^^^^^^^^
    |
    = help: The following declaration may resolve this error:
            pub assume_specification [crate::x86::mem::paging::flags::PageCacheDisableFlag::from_raw_value] (_0: u32) -> crate::x86::mem::paging::flags::PageCacheDisableFlag;

error: cannot use function `arch::x86::mem::paging::flags::AccessedFlag::from_raw_value` which is ignored because it is either declared outside the verus! macro or it is marked as `external`.
   --> src/libs/arch/src/x86/mem/paging/pte.rs:139:23
    |
139 |             accessed: AccessedFlag::from_raw_value(value),
    |                       ^^^^^^^^^^^^^^^^^^^^^^^^^^^^^^^^^^^
    |
    = help: The following declaration may resolve this error:
            pub assume_specification [crate::x86::mem::paging::flags::AccessedFlag::from_raw_value] (_0: u32) -> crate::x86::mem::paging::flags::AccessedFlag;

error: cannot use function `arch::x86::mem::paging::flags::DirtyFlag::from_raw_value` which is ignored because it is either declared outside the verus! macro or it is marked as `external`.
   --> src/libs/arch/src/x86/mem/paging/pte.rs:140:20
    |
140 |             dirty: DirtyFlag::from_raw_value(value),
    |                    ^^^^^^^^^^^^^^^^^^^^^^^^^^^^^^^^
    |
    = help: The following declaration may resolve this error:
            pub assume_specification [crate::x86::mem::paging::flags::DirtyFlag::from_raw_value] (_0: u32) -> crate::x86::mem::paging::flags::DirtyFlag;

error: cannot use function `arch::x86::mem::paging::flags::CopyOnWriteFlag::from_raw_value` which is ignored because it is either declared outside the verus! macro or it is marked as `external`.
   --> src/libs/arch/src/x86/mem/paging/pte.rs:141:18
    |
141 |             cow: CopyOnWriteFlag::from_raw_value(value),
    |                  ^^^^^^^^^^^^^^^^^^^^^^^^^^^^^^^^^^^^^^
    |
    = help: The following declaration may resolve this error:
            pub assume_specification [crate::x86::mem::paging::flags::CopyOnWriteFlag::from_raw_value] (_0: u32) -> crate::x86::mem::paging::flags::CopyOnWriteFlag;

error: cannot use function `arch::x86::mem::paging::flags::PresentFlag::into_raw_value` which is ignored because it is either declared outside the verus! macro or it is marked as `external`.
   --> src/libs/arch/src/x86/mem/paging/pte.rs:157:18
    |
157 |         value |= self.present.into_raw_value();
    |                  ^^^^^^^^^^^^^^^^^^^^^^^^^^^^^
    |
    = help: The following declaration may resolve this error:
            pub assume_specification [crate::x86::mem::paging::flags::PresentFlag::into_raw_value] (_0: crate::x86::mem::paging::flags::PresentFlag) -> u32;

error: cannot use function `arch::x86::mem::paging::flags::ReadWriteFlag::into_raw_value` which is ignored because it is either declared outside the verus! macro or it is marked as `external`.
   --> src/libs/arch/src/x86/mem/paging/pte.rs:158:18
    |
158 |         value |= self.read_write.into_raw_value();
    |                  ^^^^^^^^^^^^^^^^^^^^^^^^^^^^^^^^
    |
    = help: The following declaration may resolve this error:
            pub assume_specification [crate::x86::mem::paging::flags::ReadWriteFlag::into_raw_value] (_0: crate::x86::mem::paging::flags::ReadWriteFlag) -> u32;

error: cannot use function `arch::x86::mem::paging::flags::UserSupervisorFlag::into_raw_value` which is ignored because it is either declared outside the verus! macro or it is marked as `external`.
   --> src/libs/arch/src/x86/mem/paging/pte.rs:159:18
    |
159 |         value |= self.user_supervisor.into_raw_value();
    |                  ^^^^^^^^^^^^^^^^^^^^^^^^^^^^^^^^^^^^^
    |
    = help: The following declaration may resolve this error:
            pub assume_specification [crate::x86::mem::paging::flags::UserSupervisorFlag::into_raw_value] (_0: crate::x86::mem::paging::flags::UserSupervisorFlag) -> u32;

error: cannot use function `arch::x86::mem::paging::flags::PageWriteThroughFlag::into_raw_value` which is ignored because it is either declared outside the verus! macro or it is marked as `external`.
   --> src/libs/arch/src/x86/mem/paging/pte.rs:160:18
    |
160 |         value |= self.page_write_through.into_raw_value();
    |                  ^^^^^^^^^^^^^^^^^^^^^^^^^^^^^^^^^^^^^^^^
    |
    = help: The following declaration may resolve this error:
            pub assume_specification [crate::x86::mem::paging::flags::PageWriteThroughFlag::into_raw_value] (_0: crate::x86::mem::paging::flags::PageWriteThroughFlag) -> u32;

error: cannot use function `arch::x86::mem::paging::flags::PageCacheDisableFlag::into_raw_value` which is ignored because it is either declared outside the verus! macro or it is marked as `external`.
   --> src/libs/arch/src/x86/mem/paging/pte.rs:161:18
    |
161 |         value |= self.page_cache_disable.into_raw_value();
    |                  ^^^^^^^^^^^^^^^^^^^^^^^^^^^^^^^^^^^^^^^^
    |
    = help: The following declaration may resolve this error:
            pub assume_specification [crate::x86::mem::paging::flags::PageCacheDisableFlag::into_raw_value] (_0: crate::x86::mem::paging::flags::PageCacheDisableFlag) -> u32;

error: cannot use function `arch::x86::mem::paging::flags::AccessedFlag::into_raw_value` which is ignored because it is either declared outside the verus! macro or it is marked as `external`.
   --> src/libs/arch/src/x86/mem/paging/pte.rs:162:18
    |
162 |         value |= self.accessed.into_raw_value();
    |                  ^^^^^^^^^^^^^^^^^^^^^^^^^^^^^^
    |
    = help: The following declaration may resolve this error:
            pub assume_specification [crate::x86::mem::paging::flags::AccessedFlag::into_raw_value] (_0: crate::x86::mem::paging::flags::AccessedFlag) -> u32;

error: cannot use function `arch::x86::mem::paging::flags::DirtyFlag::into_raw_value` which is ignored because it is either declared outside the verus! macro or it is marked as `external`.
   --> src/libs/arch/src/x86/mem/paging/pte.rs:163:18
    |
163 |         value |= self.dirty.into_raw_value();
    |                  ^^^^^^^^^^^^^^^^^^^^^^^^^^^
    |
    = help: The following declaration may resolve this error:
            pub assume_specification [crate::x86::mem::paging::flags::DirtyFlag::into_raw_value] (_0: crate::x86::mem::paging::flags::DirtyFlag) -> u32;

error: cannot use function `arch::x86::mem::paging::flags::CopyOnWriteFlag::into_raw_value` which is ignored because it is either declared outside the verus! macro or it is marked as `external`.
   --> src/libs/arch/src/x86/mem/paging/pte.rs:164:18
    |
164 |         value |= self.cow.into_raw_value();
    |                  ^^^^^^^^^^^^^^^^^^^^^^^^^
    |
    = help: The following declaration may resolve this error:
            pub assume_specification [crate::x86::mem::paging::flags::CopyOnWriteFlag::into_raw_value] (_0: crate::x86::mem::paging::flags::CopyOnWriteFlag) -> u32;

error: cannot use function `arch::x86::mem::paging::flags::PresentFlag::from_raw_value` which is ignored because it is either declared outside the verus! macro or it is marked as `external`.
   --> src/libs/arch/src/x86/mem/paging/pte.rs:134:22
    |
134 |             present: PresentFlag::from_raw_value(value),
    |                      ^^^^^^^^^^^^^^^^^^^^^^^^^^^^^^^^^^
    |
    = help: The following declaration may resolve this error:
            pub assume_specification [crate::x86::mem::paging::flags::PresentFlag::from_raw_value] (_0: u32) -> crate::x86::mem::paging::flags::PresentFlag;

error: could not compile `arch` (lib) due to 16 previous errors
