Timestamp: 2026-06-15_03-59-20
Mode: cargo
Crate: arch
Directory: N/A
Module: x86::mem::paging::frame::number
Exit code: 0
5 verified
0 errors

Cheating patterns:
  assume=0
  external_body=3
  admit=0
  trusted=0
  no_decreases=0
  cfg_gate=0

--- Full output ---
    Checking arch v0.16.17 (/home/ruize/nanvix-phy-specs-bottom-up/src/libs/arch)
note: verifying module x86::mem::paging::frame::number

verification results:: 5 verified, 0 errors (partial verification with `--verify-*`)
    Finished `dev` profile [optimized + debuginfo] target(s) in 1.14s
