Timestamp: 2026-06-15_12-07-39
Mode: cargo
Crate: arch
Directory: N/A
Module: <all>
Exit code: 101
47 verified
1 errors

Cheating patterns:
  assume=0
  external_body=3
  admit=1
  trusted=0
  no_decreases=0
  cfg_gate=4

--- Full output ---
    Checking arch v0.16.17 (/home/ruize/nanvix-phy-specs/src/libs/arch)
error: postcondition not satisfied
  --> src/libs/arch/src/x86/mem/paging/frame/number.rs:82:13
   |
82 |             0 <= self@ <= Self::spec_max(),
   |             ^^^^^^^^^^^^^^^^^^^^^^^^^^^^^^ failed this postcondition
...
86 |         self.0
   |         ------ at the end of the function body

verification results:: 47 verified, 1 errors
error: could not compile `arch` (lib) due to 1 previous error
