Timestamp: 2026-06-14_11-26-57
Mode: cargo
Crate: arch
Directory: N/A
Module: <all>
Exit code: 0
39 verified
0 errors

Cheating patterns:
  assume=0
  external_body=2
  admit=2
  trusted=0
  no_decreases=0
  cfg_gate=2

--- Full output ---
note: verifying module sys::mm::address

note: verifying module sys::mm::address::virt

    Checking arch v0.16.17 (/home/ruize/nanvix-phy/src/libs/arch)
verification results:: 39 verified, 0 errors
    Finished `dev` profile [optimized + debuginfo] target(s) in 1.26s
