Timestamp: 2026-06-14_11-17-44
Mode: cargo
Crate: arch
Directory: N/A
Module: <all>
Exit code: 101
0 verified
compilation/setup error (verus did not run)

Cheating patterns:
  assume=0
  external_body=2
  admit=2
  trusted=0
  no_decreases=0
  cfg_gate=0

--- Full output ---
note: verifying module sys::mm::address

note: verifying module sys::mm::address::virt

    Checking arch v0.16.17 (/home/ruize/nanvix-phy/src/libs/arch)
error: cannot use function `arch::x86::mem::constants::FRAME_SHIFT` which is ignored because it is either declared outside the verus! macro or it is marked as `external`.
   --> src/libs/arch/src/x86/mem/paging/pde.rs:416:40
    |
416 |         self.frame.into_raw_value() << crate::mem::FRAME_SHIFT
    |                                        ^^^^^^^^^^^^^^^^^^^^^^^

error: could not compile `arch` (lib) due to 1 previous error
