Timestamp: 2026-06-15_01-24-57
Mode: cargo
Crate: arch
Directory: N/A
Module: x86::mem::paging::pte
Exit code: 0
6 verified
0 errors

Cheating patterns:
  assume=0
  external_body=3
  admit=0
  trusted=0
  no_decreases=0
  cfg_gate=2

--- Full output ---
    Checking arch v0.16.17 (/home/ruize/nanvix-phy-specs-bottom-up/src/libs/arch)
note: verifying module x86::mem::paging::pte

verification results:: 6 verified, 0 errors (partial verification with `--verify-*`)
    Finished `dev` profile [optimized + debuginfo] target(s) in 1.11s
