Timestamp: 2026-06-14_10-47-29
Mode: cargo
Crate: arch
Directory: N/A
Module: <all>
Exit code: 0
23 verified
0 errors

Cheating patterns:
  assume=0
  external_body=2
  admit=1
  trusted=0
  no_decreases=0
  cfg_gate=0

--- Full output ---
note: verifying module sys::mm::address

note: verifying module sys::mm::address::virt

    Checking arch v0.16.17 (/home/ruize/nanvix-phy/src/libs/arch)
verification results:: 23 verified, 0 errors
    Finished `dev` profile [optimized + debuginfo] target(s) in 1.20s
