Timestamp: 2026-06-15_00-19-25
Mode: cargo
Crate: arch
Directory: N/A
Module: <all>
Exit code: 0
cached (no recompilation)
—

Cheating patterns:
  assume=0
  external_body=3
  admit=1
  trusted=0
  no_decreases=0
  cfg_gate=4

--- Full output ---
    Blocking waiting for file lock on package cache
    Blocking waiting for file lock on package cache
    Blocking waiting for file lock on package cache
note: verifying module sys::mm::address

note: verifying module sys::mm::address::virt

    Finished `dev` profile [optimized + debuginfo] target(s) in 0.32s
