Timestamp: 2026-06-14_11-18-37
Mode: cargo
Crate: arch
Directory: N/A
Module: <all>
Exit code: 101
38 verified
1 errors

Cheating patterns:
  assume=0
  external_body=2
  admit=2
  trusted=0
  no_decreases=0
  cfg_gate=0

--- Full output ---
note: verifying module sys::mm::address

note: verifying module sys::mm::address::virt

    Checking arch v0.16.17 (/home/ruize/nanvix-phy/src/libs/arch)
error: postcondition not satisfied
   --> src/libs/arch/src/x86/mem/constants.rs:108:9
    |
108 |         PAGE_SIZE as int == pow2(FRAME_SHIFT as nat),
    |         ^^^^^^^^^^^^^^^^^^^^^^^^^^^^^^^^^^^^^^^^^^^^ failed this postcondition
109 | )]
110 | pub const FRAME_SHIFT: usize = PAGE_SHIFT;
    |                                ---------- at the end of the function body

verification results:: 38 verified, 1 errors
error: could not compile `arch` (lib) due to 1 previous error
