Timestamp: 2026-04-22_19-35-54
Mode: cargo
Crate: cache
Directory: N/A
Module: <all>
Exit code: 101
cached (no recompilation)
—

Cheating patterns:
  assume=0
  external_body=6
  admit=5
  trusted=0
  no_decreases=0
  cfg_gate=0

--- Full output ---
    Checking cache v0.12.457 (/home/ruize/verus-ai-exp/verus-ai-lru-0422/target-systems/nanvix/src/libs/cache)
error: external_type_specification: private fields not supported for transparent datatypes (try 'external_body' instead?)
  --> src/libs/cache/src/lib.spec.rs:21:1
   |
21 | / pub struct ExBTreeMap<K, V, A>(alloc::collections::BTreeMap<K, V, A>)
22 | |     where A: core::alloc::Allocator + core::clone::Clone;
   | |_________________________________________________________^

error: The verifier does not yet support the following Rust feature: &mut types, except in special cases
  --> src/libs/cache/src/lib.spec.rs:36:1
   |
36 | pub struct ExCacheGuard<'a, V>(crate::CacheGuard<'a, V>);
   | ^^^^^^^^^^^^^^^^^^^^^^^^^^^^^^^^^^^^^^^^^^^^^^^^^^^^^^^^^

error: could not compile `cache` (lib) due to 2 previous errors
