Timestamp: 2026-04-24_21-10-35
Mode: cargo
Crate: kernel
Directory: N/A
Module: mm::phys::kpool
Exit code: 0
7 verified
0 errors

Cheating patterns:
  assume=0
  external_body=9
  admit=0
  trusted=0
  no_decreases=0
  cfg_gate=7

--- Full output ---
note: verifying root module

    Checking kernel v0.12.469 (/home/ruize/verus-ai-exp/verus-ai-phy-mm-0423/target-systems/nanvix/src/kernel)
warning: use of deprecated method `vstd::prelude::ResultAdditionalSpecFns::is_Ok`: is_Variant is deprecated - use `->` or `matches` instead: https://verus-lang.github.io/verus/guide/datatypes_enum.html
   --> src/kernel/src/hal/mem/types/address/phys.rs:264:16
    |
264 |         result.is_Ok(),
    |                ^^^^^
    |
    = note: `#[warn(deprecated)]` on by default

warning: use of deprecated method `vstd::prelude::ResultAdditionalSpecFns::is_Ok`: is_Variant is deprecated - use `->` or `matches` instead: https://verus-lang.github.io/verus/guide/datatypes_enum.html
  --> src/kernel/src/mm/phys/kpool.rs:87:16
   |
87 |         result.is_Ok(),
   |                ^^^^^

note: verifying module mm::phys::kpool

verification results:: 7 verified, 0 errors (partial verification with `--verify-*`)
warning: `kernel` (bin "kernel") generated 2 warnings
    Finished `dev` profile [optimized + debuginfo] target(s) in 2.32s
