Timestamp: 2026-04-23_10-13-30
Mode: cargo
Crate: cache
Directory: N/A
Module: <all>
Exit code: 101
cached (no recompilation)
—

Cheating patterns:
  assume=0
  external_body=8
  admit=0
  trusted=0
  no_decreases=0
  cfg_gate=0

--- Full output ---
    Checking cache v0.12.457 (/home/ruize/verus-ai-exp/verus-ai-lru-0422/target-systems/nanvix/src/libs/cache)
error[E0425]: cannot find function `lemma_seq_contains_to_set` in module `vstd::seq_lib`
    --> src/libs/cache/src/lib.rs:282:40
     |
 282 |                         vstd::seq_lib::lemma_seq_contains_to_set(old_lru, key);
     |                                        ^^^^^^^^^^^^^^^^^^^^^^^^^
     |
    ::: /home/ruize/.cargo/registry/src/index.crates.io-1949cf8c6b5b557f/vstd-0.0.0-2026-04-12-0118/seq_lib.rs:3189:1
     |
3189 | pub broadcast proof fn lemma_seq_contains<A>(s: Seq<A>, x: A)
     | ------------------------------------------------------------- similarly named function `lemma_seq_contains` defined here
     |
help: a function with a similar name exists
     |
 282 -                         vstd::seq_lib::lemma_seq_contains_to_set(old_lru, key);
 282 +                         vstd::seq_lib::lemma_seq_contains(old_lru, key);
     |

For more information about this error, try `rustc --explain E0425`.
error: could not compile `cache` (lib) due to 1 previous error
