Timestamp: 2026-04-22_19-36-16
Mode: cargo
Crate: cache
Directory: N/A
Module: <all>
Exit code: 101
cached (no recompilation)
—

Cheating patterns:
  assume=0
  external_body=8
  admit=5
  trusted=0
  no_decreases=0
  cfg_gate=0

--- Full output ---
    Checking cache v0.12.457 (/home/ruize/verus-ai-exp/verus-ai-lru-0422/target-systems/nanvix/src/libs/cache)
error: Type parameter K of cache::CacheView must be declared #[verifier::reject_recursive_types] to be used in a non-positive position
  --> src/libs/cache/src/lib.spec.rs:50:1
   |
50 | / pub struct CacheView<K, V> {
51 | |     pub contents: Map<K, V>,
52 | |     pub capacity: nat,
53 | |     pub lru_order: Seq<K>,
54 | | }
   | |_^

error: could not compile `cache` (lib) due to 1 previous error
