Timestamp: 2026-04-13_16-21-18
Mode: cargo
Crate: kernel
Directory: N/A
Module: <all>
Exit code: 0
1340 verified
0 errors

Cheating patterns:
  assume=0
  external_body=0
  admit=0
  trusted=0
  no_decreases=0

--- Full output ---
   Compiling compiler_builtins v0.1.160 (/home/ruize/.rustup/toolchains/1.94.0-x86_64-unknown-linux-gnu/lib/rustlib/src/rust/library/compiler-builtins/compiler-builtins)
   Compiling proc-macro2 v1.0.106
   Compiling core v0.0.0 (/home/ruize/.rustup/toolchains/1.94.0-x86_64-unknown-linux-gnu/lib/rustlib/src/rust/library/core)
   Compiling quote v1.0.45
   Compiling unicode-ident v1.0.24
   Compiling build-utils v0.12.378 (/home/ruize/verus-ai-exp/verus-ai/target-systems/nanvix-kheap0413/src/libs/build-utils)
   Compiling autocfg v1.5.0
   Compiling verus_prettyplease v0.0.0-2026-04-05-0114
   Compiling hashbrown v0.12.3
   Compiling indexmap v1.9.3
   Compiling verus_syn v0.0.0-2026-04-05-0114
   Compiling syn v2.0.117
   Compiling config v0.12.378 (/home/ruize/verus-ai-exp/verus-ai/target-systems/nanvix-kheap0413/src/libs/config)
   Compiling vstd v0.0.0-2026-04-05-0114
   Compiling kernel v0.12.378 (/home/ruize/verus-ai-exp/verus-ai/target-systems/nanvix-kheap0413/src/kernel)
   Compiling synstructure v0.13.2
   Compiling verus_state_machines_macros v0.0.0-2026-04-05-0114
   Compiling verus_builtin_macros v0.0.0-2026-04-05-0114
   Compiling alloc v0.0.0 (/home/ruize/.rustup/toolchains/1.94.0-x86_64-unknown-linux-gnu/lib/rustlib/src/rust/library/alloc)
   Compiling verus_builtin v0.0.0-2026-04-05-0114
   Compiling cfg-if v1.0.4
   Compiling static_assert v0.12.378 (/home/ruize/verus-ai-exp/verus-ai/target-systems/nanvix-kheap0413/src/libs/static_assert)
   Compiling sysapi v0.12.378 (/home/ruize/verus-ai-exp/verus-ai/target-systems/nanvix-kheap0413/src/libs/sysapi)
   Compiling type-safe v0.12.378 (/home/ruize/verus-ai-exp/verus-ai/target-systems/nanvix-kheap0413/src/libs/type-safe)
   Compiling no_fail v0.12.378 (/home/ruize/verus-ai-exp/verus-ai/target-systems/nanvix-kheap0413/src/libs/no_fail)
verification results:: 1340 verified, 0 errors
   Compiling error v0.12.378 (/home/ruize/verus-ai-exp/verus-ai/target-systems/nanvix-kheap0413/src/libs/error)
   Compiling sorted-vec v0.12.378 (/home/ruize/verus-ai-exp/verus-ai/target-systems/nanvix-kheap0413/src/libs/sorted-vec)
verification results:: 0 verified, 0 errors
verification results:: 0 verified, 0 errors
   Compiling sys v0.12.378 (/home/ruize/verus-ai-exp/verus-ai/target-systems/nanvix-kheap0413/src/libs/sys)
   Compiling multibin v0.12.378 (/home/ruize/verus-ai-exp/verus-ai/target-systems/nanvix-kheap0413/src/libs/multibin)
   Compiling raw-array v0.12.378 (/home/ruize/verus-ai-exp/verus-ai/target-systems/nanvix-kheap0413/src/libs/raw-array)
   Compiling elf v0.12.378 (/home/ruize/verus-ai-exp/verus-ai/target-systems/nanvix-kheap0413/src/libs/elf)
   Compiling arch v0.12.378 (/home/ruize/verus-ai-exp/verus-ai/target-systems/nanvix-kheap0413/src/libs/arch)
verification results:: 0 verified, 0 errors
   Compiling bitmap v0.12.378 (/home/ruize/verus-ai-exp/verus-ai/target-systems/nanvix-kheap0413/src/libs/bitmap)
verification results:: 69 verified, 0 errors
   Compiling slab v0.12.378 (/home/ruize/verus-ai-exp/verus-ai/target-systems/nanvix-kheap0413/src/libs/slab)
verification results:: 35 verified, 0 errors
verification results:: 30 verified, 0 errors
    Finished `dev` profile [optimized + debuginfo] target(s) in 50.21s
