Timestamp: 2026-04-22_21-30-20
Mode: cargo
Crate: cache
Directory: N/A
Module: <all>
Exit code: 101
cached (no recompilation)
—

Cheating patterns:
  assume=0
  external_body=8
  admit=0
  trusted=0
  no_decreases=0
  cfg_gate=0

--- Full output ---
    Checking cache v0.12.457 (/home/ruize/verus-ai-exp/verus-ai-lru-0422/target-systems/nanvix/src/libs/cache)
error[E0401]: can't use generic parameters from outer item
   --> src/libs/cache/src/lib.rs:156:27
    |
131 | impl<K: Ord + Clone, V> Cache<K, V> {
    |      - type parameter from outer item
...
156 |             reveal(<Cache<K, V> as View>::view);
    |             ------        ^ use of generic parameter from outer item
    |             |
    |             generic parameter used in this inner function
    |
    = note: nested items are independent from their parent item for everything except for privacy and name resolution
help: try introducing a local generic parameter here
    |
156 |             reveal<K>(<Cache<K, V> as View>::view);
    |                   +++

error[E0401]: can't use generic parameters from outer item
   --> src/libs/cache/src/lib.rs:156:30
    |
131 | impl<K: Ord + Clone, V> Cache<K, V> {
    |                      - type parameter from outer item
...
156 |             reveal(<Cache<K, V> as View>::view);
    |             ------           ^ use of generic parameter from outer item
    |             |
    |             generic parameter used in this inner function
    |
    = note: nested items are independent from their parent item for everything except for privacy and name resolution
help: try introducing a local generic parameter here
    |
156 |             reveal<V>(<Cache<K, V> as View>::view);
    |                   +++

For more information about this error, try `rustc --explain E0401`.
error: could not compile `cache` (lib) due to 2 previous errors
