Timestamp: 2026-04-24_20-47-22
Mode: cargo
Crate: kernel
Directory: N/A
Module: mm::phys::kpool
Exit code: 101
1 verified
4 errors

Cheating patterns:
  assume=0
  external_body=9
  admit=0
  trusted=0
  no_decreases=0
  cfg_gate=7

--- Full output ---
note: verifying root module

    Checking kernel v0.12.469 (/home/ruize/verus-ai-exp/verus-ai-phy-mm-0423/target-systems/nanvix/src/kernel)
warning: use of deprecated method `vstd::prelude::ResultAdditionalSpecFns::is_Ok`: is_Variant is deprecated - use `->` or `matches` instead: https://verus-lang.github.io/verus/guide/datatypes_enum.html
   --> src/kernel/src/hal/mem/types/address/phys.rs:264:16
    |
264 |         result.is_Ok(),
    |                ^^^^^
    |
    = note: `#[warn(deprecated)]` on by default

warning: use of deprecated method `vstd::prelude::ResultAdditionalSpecFns::is_Ok`: is_Variant is deprecated - use `->` or `matches` instead: https://verus-lang.github.io/verus/guide/datatypes_enum.html
  --> src/kernel/src/mm/phys/kpool.rs:83:16
   |
83 |         result.is_Ok(),
   |                ^^^^^

note: verifying module mm::phys::kpool

note: function body check: not all errors may have been reported; rerun with a higher value for --multiple-errors to find other potential errors in this function
   --> src/kernel/src/mm/phys/kpool.rs:177:5
    |
177 |     fn alloc(&mut self) -> Result<FrameAddress, Error> {
    |     ^^^^^^^^^^^^^^^^^^^^^^^^^^^^^^^^^^^^^^^^^^^^^^^^^^

error: possible arithmetic underflow/overflow
   --> src/kernel/src/mm/phys/kpool.rs:186:27
    |
186 |         let addr: usize = pa_into_raw(self.base) + index * mem::PAGE_SIZE;
    |                           ^^^^^^^^^^^^^^^^^^^^^^^^^^^^^^^^^^^^^^^^^^^^^^^

error: possible arithmetic underflow/overflow
   --> src/kernel/src/mm/phys/kpool.rs:186:52
    |
186 |         let addr: usize = pa_into_raw(self.base) + index * mem::PAGE_SIZE;
    |                                                    ^^^^^^^^^^^^^^^^^^^^^^

note: while loop: not all errors may have been reported; rerun with a higher value for --multiple-errors to find other potential errors in this function
   --> src/kernel/src/mm/phys/kpool.rs:265:9
    |
265 | /         for i in 0..count {
266 | |             let addr: usize = base_addr + i * mem::PAGE_SIZE;
267 | |             let frame: FrameAddress = frame_from_raw(addr)?;
268 | |             addrs.push(frame);
269 | |         }
    | |_________^

note: function body check: not all errors may have been reported; rerun with a higher value for --multiple-errors to find other potential errors in this function
   --> src/kernel/src/mm/phys/kpool.rs:247:5
    |
247 |     fn alloc_range(&mut self, count: usize, addrs: &mut Vec<FrameAddress>) -> Result<(), Error> {
    |     ^^^^^^^^^^^^^^^^^^^^^^^^^^^^^^^^^^^^^^^^^^^^^^^^^^^^^^^^^^^^^^^^^^^^^^^^^^^^^^^^^^^^^^^^^^^

error: postcondition not satisfied
   --> src/kernel/src/mm/phys/kpool.rs:214:13
    |
214 | /             match result {
215 | |                 Ok(()) => {
216 | |                     &&& old(addrs)@.len() == 0
217 | |                     &&& count > 0
...   |
244 | |                 },
245 | |             },
    | |_____________^ failed this postcondition
...
260 |                   return Err(error);
    |                   ----------------- at this exit

error: possible arithmetic underflow/overflow
   --> src/kernel/src/mm/phys/kpool.rs:264:57
    |
264 |         let base_addr: usize = pa_into_raw(self.base) + index * mem::PAGE_SIZE;
    |                                                         ^^^^^^^^^^^^^^^^^^^^^^

error: possible arithmetic underflow/overflow
   --> src/kernel/src/mm/phys/kpool.rs:266:31
    |
266 |             let addr: usize = base_addr + i * mem::PAGE_SIZE;
    |                               ^^^^^^^^^^^^^^^^^^^^^^^^^^^^^^

error: possible arithmetic underflow/overflow
   --> src/kernel/src/mm/phys/kpool.rs:266:43
    |
266 |             let addr: usize = base_addr + i * mem::PAGE_SIZE;
    |                                           ^^^^^^^^^^^^^^^^^^

error: postcondition not satisfied
   --> src/kernel/src/mm/phys/kpool.rs:294:13
    |
294 | /             ({
295 | |                 let page_index = (addr@ - old(self)@.start) / spec_page_size();
296 | |                 let input_valid = {
297 | |                     &&& 0 <= page_index < old(self)@.num_pages
...   |
313 | |             }),
    | |______________^ failed this postcondition
...
317 | /         match self.bitmap.clear(index) {
318 | |             Ok(()) => Ok(()),
319 | |             Err(error) => {
320 | |                 #[cfg(not(verus_keep_ghost))]
...   |
323 | |             },
324 | |         }
    | |_________- at the end of the function body

verification results:: 1 verified, 4 errors (partial verification with `--verify-*`)
warning: `kernel` (bin "kernel") generated 2 warnings
error: could not compile `kernel` (bin "kernel") due to 7 previous errors; 2 warnings emitted
