Timestamp: 2026-05-12_21-02-29
Mode: cargo
Crate: kernel
Directory: N/A
Module: mm::phys::kpool
Exit code: 101
cached (no recompilation)
—

Cheating patterns:
  assume=0
  external_body=24
  admit=0
  trusted=0
  no_decreases=0
  cfg_gate=9

--- Full output ---
    Checking sparse-bitmap v0.12.469 (/home/ruize/verus-ai-exp/verus-ai-phy-mm-0423/target-systems/nanvix/src/libs/sparse-bitmap)
error: could not find module mm::phys::kpool specified by --verify-module or --verify-only-module
       available modules are:
       or use --verify-root

error: could not compile `sparse-bitmap` (lib) due to 1 previous error
