Timestamp: 2026-04-15_22-36-11
Mode: cargo
Crate: kernel
Directory: N/A
Module: mm::kheap
Exit code: 0
35 verified
0 errors

Cheating patterns:
  assume=0
  external_body=1
  admit=0
  trusted=0
  no_decreases=0

--- Full output ---
   Compiling kernel v0.12.378 (/home/ruize/verus-ai-exp/verus-ai/target-systems/nanvix-kheap0413/src/kernel)
note: verifying module mm::kheap

note: automatically chose triggers for this expression:
  --> src/kernel/src/mm/kheap.refine.rs:30:9
   |
30 |       &&& forall|a1: int, a2: int|
   |  _________^
31 | |         h.allocs.dom().contains(a1)
32 | |         && h.allocs.dom().contains(a2)
33 | |         && a1 != a2
34 | |         ==> a1 + h.allocs[a1] as int <= a2
35 | |             || a2 + h.allocs[a2] as int <= a1
   | |_____________________________________________^

note:   trigger 1 of 1:
  --> src/kernel/src/mm/kheap.refine.rs:31:9
   |
31 |         h.allocs.dom().contains(a1)
   |         ^^^^^^^^^^^^^^^^^^^^^^^^^^^
32 |         && h.allocs.dom().contains(a2)
   |            ^^^^^^^^^^^^^^^^^^^^^^^^^^^

note: automatically chose triggers for this expression:
   --> src/kernel/src/mm/kheap.refine.rs:119:5
    |
119 |     assert forall|a1: int, a2: int|
    |     ^^^^^^

note:   trigger 1 of 1:
   --> src/kernel/src/mm/kheap.refine.rs:120:9
    |
120 |         h.allocs.dom().contains(a1)
    |         ^^^^^^^^^^^^^^^^^^^^^^^^^^^
121 |         && h.allocs.dom().contains(a2)
    |            ^^^^^^^^^^^^^^^^^^^^^^^^^^^

note: Verus printed one or more automatically chosen quantifier triggers
      because it had low confidence in the chosen triggers.
      To suppress these messages, do one of the following:
        (1) manually annotate a single desired trigger using #[trigger]
            (example: forall|i: int, j: int| f(i) && #[trigger] g(i) && #[trigger] h(j)),
        (2) manually annotate multiple desired triggers using #![trigger ...]
            (example: forall|i: int| #![trigger f(i)] #![trigger g(i)] f(i) && g(i)),
        (3) accept the automatically chosen trigger using #![auto]
            (example: forall|i: int, j: int| #![auto] f(i) && g(i) && h(j))
        (4) use the --triggers-mode silent command-line option to suppress all printing of triggers.
      (Note: triggers are used by the underlying SMT theorem prover to instantiate quantifiers;
      the theorem prover instantiates a quantifier whenever some expression matches the
      pattern specified by one of the quantifier's triggers.)
   --> src/kernel/src/mm/kheap.refine.rs:119:5
    |
119 |     assert forall|a1: int, a2: int|
    |     ^^^^^^

verification results:: 35 verified, 0 errors (partial verification with `--verify-*`)
    Finished `dev` profile [optimized + debuginfo] target(s) in 6.44s
