Timestamp: 2026-04-22_22-44-41
Mode: cargo
Crate: cache
Directory: N/A
Module: <all>
Exit code: 101
cached (no recompilation)
—

Cheating patterns:
  assume=0
  external_body=10
  admit=0
  trusted=0
  no_decreases=0
  cfg_gate=0

--- Full output ---
    Checking cache v0.12.457 (/home/ruize/verus-ai-exp/verus-ai-lru-0422/target-systems/nanvix/src/libs/cache)
error[E0428]: the name `ExCacheEntry` is defined multiple times
  --> src/libs/cache/src/lib.spec.rs:55:1
   |
18 | struct ExCacheEntry<V>(crate::CacheEntry<V>);
   | --------------------------------------------- previous definition of the type `ExCacheEntry` here
...
55 | struct ExCacheEntry<V>(crate::CacheEntry<V>);
   | ^^^^^^^^^^^^^^^^^^^^^^^^^^^^^^^^^^^^^^^^^^^^^ `ExCacheEntry` redefined here
   |
   = note: `ExCacheEntry` must be defined only once in the type namespace of this module

error[E0428]: the name `ExCacheGuard` is defined multiple times
  --> src/libs/cache/src/lib.spec.rs:62:1
   |
25 | pub struct ExCacheGuard<'a, V>(crate::CacheGuard<'a, V>);
   | --------------------------------------------------------- previous definition of the type `ExCacheGuard` here
...
62 | pub struct ExCacheGuard<'a, V>(crate::CacheGuard<'a, V>);
   | ^^^^^^^^^^^^^^^^^^^^^^^^^^^^^^^^^^^^^^^^^^^^^^^^^^^^^^^^^ `ExCacheGuard` redefined here
   |
   = note: `ExCacheGuard` must be defined only once in the type namespace of this module

error[E0433]: failed to resolve: could not find `verus_builtin_macros` in the list of imported crates
   --> src/libs/cache/src/lib.vstd_btree.rs:171:21
    |
171 |         #[trigger] (decreases_to!(m => m@)),
    |                     ^^^^^^^^^^^^^^^^^^^^^^ could not find `verus_builtin_macros` in the list of imported crates
    |
    = note: this error originates in the macro `decreases_to` (in Nightly builds, run with -Z macro-backtrace for more info)

Some errors have detailed explanations: E0428, E0433.
For more information about an error, try `rustc --explain E0428`.
error: could not compile `cache` (lib) due to 3 previous errors
