Timestamp: 2026-04-24_20-43-49
Mode: cargo
Crate: kernel
Directory: N/A
Module: mm::phys::kpool
Exit code: 101
cached (no recompilation)
—

Cheating patterns:
  assume=0
  external_body=7
  admit=0
  trusted=0
  no_decreases=0
  cfg_gate=7

--- Full output ---
note: verifying root module

    Checking kernel v0.12.469 (/home/ruize/verus-ai-exp/verus-ai-phy-mm-0423/target-systems/nanvix/src/kernel)
warning: use of deprecated method `vstd::prelude::ResultAdditionalSpecFns::is_Ok`: is_Variant is deprecated - use `->` or `matches` instead: https://verus-lang.github.io/verus/guide/datatypes_enum.html
   --> src/kernel/src/hal/mem/types/address/aligned/page.rs:226:50
    |
226 |         addr@ % spec_page_size() == 0 ==> result.is_Ok(),
    |                                                  ^^^^^
    |
    = note: `#[warn(deprecated)]` on by default

warning: use of deprecated method `vstd::prelude::ResultAdditionalSpecFns::is_Ok`: is_Variant is deprecated - use `->` or `matches` instead: https://verus-lang.github.io/verus/guide/datatypes_enum.html
   --> src/kernel/src/hal/mem/types/address/phys.rs:264:16
    |
264 |         result.is_Ok(),
    |                ^^^^^

error: assume_specification trait bound mismatch
   --> src/kernel/src/hal/mem/types/address/aligned/page.rs:224:1
    |
224 | pub assume_specification<T: Address + View<V = int>>[ PageAligned::<T>::from_address ](addr: T) -> (result: Result<PageAligned<T>, Error>)
    | ^^^^^^^^^^^^^^^^^^^^^^^^^^^^^^^^^^^^^^^^^^^^^^^^^^^^^^^^^^^^^^^^^^^^^^^^^^^^^^^^^^^^^^^^^^^^^^^^^^^^^^^^^^^^^^^^^^^^^^^^^^^^^^^^^^^^^^^^^
    |
    = help: assume_specification requires function type signatures to match exactly, ignoring any Destruct trait bounds
            but the proxy function's trait bounds are:
              - T: core::marker::Sized
              - T: sys::mm::Address
              - T: vstd::string::View
              - <T as vstd::string::View>::V == vstd::prelude::int
            the external function's trait bounds are:
              - T: core::marker::Sized
              - T: sys::mm::Address

error: assume_specification requires function type signature to match `kernel::hal::mem::types::address::aligned::page::PageAligned::into_raw_value` exactly 
             assume_specification provided: `(hal::mem::types::address::aligned::page::PageAligned<hal::mem::types::address::phys::PhysicalAddress>) -> usize`
             expected:                      `for<T> (hal::mem::types::address::aligned::page::PageAligned<T>) -> usize`
   --> src/kernel/src/hal/mem/types/address/aligned/page.rs:233:1
    |
233 | pub assume_specification[ <PageAligned<PhysicalAddress> as Address>::into_raw_value ](self_: PageAligned<PhysicalAddress>) -> (ret: usize)
    | ^^^^^^^^^^^^^^^^^^^^^^^^^^^^^^^^^^^^^^^^^^^^^^^^^^^^^^^^^^^^^^^^^^^^^^^^^^^^^^^^^^^^^^^^^^^^^^^^^^^^^^^^^^^^^^^^^^^^^^^^^^^^^^^^^^^^^^^^^

warning: `kernel` (bin "kernel") generated 2 warnings
error: could not compile `kernel` (bin "kernel") due to 2 previous errors; 2 warnings emitted
