Timestamp: 2026-04-22_23-35-53
Mode: cargo
Crate: bitmap
Directory: N/A
Module: <all>
Exit code: 0
69 verified
0 errors

Cheating patterns:
  assume=0
  external_body=0
  admit=0
  trusted=0
  no_decreases=0
  cfg_gate=5

--- Full output ---
   Compiling proc-macro2 v1.0.106
   Compiling unicode-ident v1.0.24
   Compiling quote v1.0.45
   Compiling autocfg v1.5.0
   Compiling verus_prettyplease v0.0.0-2026-04-12-0118
   Compiling build-utils v0.12.457 (/home/ruize/verus-ai-exp/verus-ai-lru-0422/target-systems/nanvix/src/libs/build-utils)
   Compiling hashbrown v0.12.3
    Checking mmio-tag v0.12.457 (/home/ruize/verus-ai-exp/verus-ai-lru-0422/target-systems/nanvix/src/libs/mmio-tag)
   Compiling vstd v0.0.0-2026-04-12-0118
    Checking cfg-if v1.0.4
    Checking static_assert v0.12.457 (/home/ruize/verus-ai-exp/verus-ai-lru-0422/target-systems/nanvix/src/libs/static_assert)
    Checking verus_builtin v0.0.0-2026-04-12-0118
   Compiling config v0.12.457 (/home/ruize/verus-ai-exp/verus-ai-lru-0422/target-systems/nanvix/src/libs/config)
   Compiling indexmap v1.9.3
    Checking sysapi v0.12.457 (/home/ruize/verus-ai-exp/verus-ai-lru-0422/target-systems/nanvix/src/libs/sysapi)
   Compiling verus_syn v0.0.0-2026-04-05-0114
   Compiling syn v2.0.117
   Compiling synstructure v0.13.2
   Compiling verus_state_machines_macros v0.0.0-2026-04-05-0114
   Compiling verus_builtin_macros v0.0.0-2026-04-12-0118
verification results:: 1350 verified, 0 errors
    Checking error v0.12.457 (/home/ruize/verus-ai-exp/verus-ai-lru-0422/target-systems/nanvix/src/libs/error)
verification results:: 0 verified, 0 errors
    Checking sys v0.12.457 (/home/ruize/verus-ai-exp/verus-ai-lru-0422/target-systems/nanvix/src/libs/sys)
    Checking raw-array v0.12.457 (/home/ruize/verus-ai-exp/verus-ai-lru-0422/target-systems/nanvix/src/libs/raw-array)
verification results:: 0 verified, 0 errors
    Checking bitmap v0.12.457 (/home/ruize/verus-ai-exp/verus-ai-lru-0422/target-systems/nanvix/src/libs/bitmap)
verification results:: 69 verified, 0 errors
    Finished `dev` profile [optimized + debuginfo] target(s) in 24.45s
