Timestamp: 2026-04-22_21-52-15
Mode: cargo
Crate: cache
Directory: N/A
Module: <all>
Exit code: 101
cached (no recompilation)
—

Cheating patterns:
  assume=0
  external_body=9
  admit=0
  trusted=0
  no_decreases=0
  cfg_gate=0

--- Full output ---
    Checking cache v0.12.457 (/home/ruize/verus-ai-exp/verus-ai-lru-0422/target-systems/nanvix/src/libs/cache)
error: expected one of `:`, `;`, `=`, `@`, or `|`, found `old_entries`
   --> src/libs/cache/src/lib.rs:286:19
    |
286 |         let ghost old_entries = self.entries;
    |                   ^^^^^^^^^^^ expected one of `:`, `;`, `=`, `@`, or `|`

error: expected `;`
   --> src/libs/cache/src/lib.rs:286:19
    |
286 |         let ghost old_entries = self.entries;
    |                   ^^^^^^^^^^^

error: could not compile `cache` (lib) due to 2 previous errors
