Timestamp: 2026-04-24_23-46-32
Mode: cargo
Crate: kernel
Directory: N/A
Module: mm::phys::frame
Exit code: 101
7 verified
1 errors

Cheating patterns:
  assume=0
  external_body=24
  admit=7
  trusted=0
  no_decreases=0
  cfg_gate=7

--- Full output ---
note: verifying root module

    Checking kernel v0.12.469 (/home/ruize/verus-ai-exp/verus-ai-phy-mm-0423/target-systems/nanvix/src/kernel)
note: verifying module mm::phys::frame

note: function body check: not all errors may have been reported; rerun with a higher value for --multiple-errors to find other potential errors in this function
  --> src/kernel/src/mm/phys/frame.proof.rs:43:11
   |
43 |     proof fn lemma_inv_implies_wf(&self)
   |           ^^^^^^^^^^^^^^^^^^^^^^^^^^^^^^

error: precondition not satisfied
    --> src/kernel/src/mm/phys/frame.proof.rs:55:13
     |
  55 |             lemma_mod_multiples_basic(i, ps);
     |             ^^^^^^^^^^^^^^^^^^^^^^^^^^^^^^^^
     |
    ::: /home/ruize/.cargo/registry/src/index.crates.io-1949cf8c6b5b557f/vstd-0.0.0-2026-04-12-0118/arithmetic/div_mod.rs:1068:9
     |
1068 |         m > 0,
     |         ----- failed precondition

error: precondition not satisfied
    --> src/kernel/src/mm/phys/frame.proof.rs:62:13
     |
  62 |             lemma_mod_multiples_basic(i, ps);
     |             ^^^^^^^^^^^^^^^^^^^^^^^^^^^^^^^^
     |
    ::: /home/ruize/.cargo/registry/src/index.crates.io-1949cf8c6b5b557f/vstd-0.0.0-2026-04-12-0118/arithmetic/div_mod.rs:1068:9
     |
1068 |         m > 0,
     |         ----- failed precondition

note: automatically chose triggers for this expression:
  --> src/kernel/src/mm/phys/frame.proof.rs:36:13
   |
36 |           &&& forall|i: int| self.bitmap@.is_covered(i) ==> {
   |  _____________^
37 | |             &&& i >= 0
38 | |             &&& frame_addr_of(i) <= usize::MAX as int
39 | |         }
   | |_________^

note:   trigger 1 of 1:
  --> src/kernel/src/mm/phys/frame.proof.rs:36:28
   |
36 |         &&& forall|i: int| self.bitmap@.is_covered(i) ==> {
   |                            ^^^^^^^^^^^^^^^^^^^^^^^^^^

note: automatically chose triggers for this expression:
  --> src/kernel/src/mm/phys/frame.proof.rs:52:21
   |
52 |             let i = choose|i: int| self.bitmap@.set_bits.contains(i) && addr == frame_addr_of(i);
   |                     ^^^^^^^^^^^^^^^^^^^^^^^^^^^^^^^^^^^^^^^^^^^^^^^^^^^^^^^^^^^^^^^^^^^^^^^^^^^^

note:   trigger 1 of 1:
  --> src/kernel/src/mm/phys/frame.proof.rs:52:81
   |
52 |             let i = choose|i: int| self.bitmap@.set_bits.contains(i) && addr == frame_addr_of(i);
   |                                                                                 ^^^^^^^^^^^^^^^^

note: automatically chose triggers for this expression:
  --> src/kernel/src/mm/phys/frame.proof.rs:60:21
   |
60 | ... = choose|i: int| self.bitmap@.is_covered(i) && !self.bitmap@.set_bits.contains(i) && addr == frame_addr_of(i);
   |       ^^^^^^^^^^^^^^^^^^^^^^^^^^^^^^^^^^^^^^^^^^^^^^^^^^^^^^^^^^^^^^^^^^^^^^^^^^^^^^^^^^^^^^^^^^^^^^^^^^^^^^^^^^^

note:   trigger 1 of 1:
  --> src/kernel/src/mm/phys/frame.proof.rs:60:112
   |
60 | ...!self.bitmap@.set_bits.contains(i) && addr == frame_addr_of(i);
   |                                                  ^^^^^^^^^^^^^^^^

note: automatically chose triggers for this expression:
  --> src/kernel/src/mm/phys/frame.proof.rs:69:35
   |
69 |                     let i_alloc = choose|i: int| self.bitmap@.set_bits.contains(i) && addr == frame_addr_of(i);
   |                                   ^^^^^^^^^^^^^^^^^^^^^^^^^^^^^^^^^^^^^^^^^^^^^^^^^^^^^^^^^^^^^^^^^^^^^^^^^^^^

note:   trigger 1 of 1:
  --> src/kernel/src/mm/phys/frame.proof.rs:69:95
   |
69 |                     let i_alloc = choose|i: int| self.bitmap@.set_bits.contains(i) && addr == frame_addr_of(i);
   |                                                                                               ^^^^^^^^^^^^^^^^

note: automatically chose triggers for this expression:
  --> src/kernel/src/mm/phys/frame.proof.rs:70:34
   |
70 | ... = choose|i: int| self.bitmap@.is_covered(i) && !self.bitmap@.set_bits.contains(i) && addr == frame_addr_of(i);
   |       ^^^^^^^^^^^^^^^^^^^^^^^^^^^^^^^^^^^^^^^^^^^^^^^^^^^^^^^^^^^^^^^^^^^^^^^^^^^^^^^^^^^^^^^^^^^^^^^^^^^^^^^^^^^

note:   trigger 1 of 1:
  --> src/kernel/src/mm/phys/frame.proof.rs:70:125
   |
70 | ...!self.bitmap@.set_bits.contains(i) && addr == frame_addr_of(i);
   |                                                  ^^^^^^^^^^^^^^^^

note: automatically chose triggers for this expression:
  --> src/kernel/src/mm/phys/frame.proof.rs:79:21
   |
79 |             let i = choose|i: int| self.bitmap@.set_bits.contains(i) && addr == frame_addr_of(i);
   |                     ^^^^^^^^^^^^^^^^^^^^^^^^^^^^^^^^^^^^^^^^^^^^^^^^^^^^^^^^^^^^^^^^^^^^^^^^^^^^

note:   trigger 1 of 1:
  --> src/kernel/src/mm/phys/frame.proof.rs:79:81
   |
79 |             let i = choose|i: int| self.bitmap@.set_bits.contains(i) && addr == frame_addr_of(i);
   |                                                                                 ^^^^^^^^^^^^^^^^

note: automatically chose triggers for this expression:
  --> src/kernel/src/mm/phys/frame.proof.rs:90:21
   |
90 | ... = choose|i: int| self.bitmap@.is_covered(i) && !self.bitmap@.set_bits.contains(i) && addr == frame_addr_of(i);
   |       ^^^^^^^^^^^^^^^^^^^^^^^^^^^^^^^^^^^^^^^^^^^^^^^^^^^^^^^^^^^^^^^^^^^^^^^^^^^^^^^^^^^^^^^^^^^^^^^^^^^^^^^^^^^

note:   trigger 1 of 1:
  --> src/kernel/src/mm/phys/frame.proof.rs:90:112
   |
90 | ...!self.bitmap@.set_bits.contains(i) && addr == frame_addr_of(i);
   |                                                  ^^^^^^^^^^^^^^^^

note: Verus printed one or more automatically chosen quantifier triggers
      because it had low confidence in the chosen triggers.
      To suppress these messages, do one of the following:
        (1) manually annotate a single desired trigger using #[trigger]
            (example: forall|i: int, j: int| f(i) && #[trigger] g(i) && #[trigger] h(j)),
        (2) manually annotate multiple desired triggers using #![trigger ...]
            (example: forall|i: int| #![trigger f(i)] #![trigger g(i)] f(i) && g(i)),
        (3) accept the automatically chosen trigger using #![auto]
            (example: forall|i: int, j: int| #![auto] f(i) && g(i) && h(j))
        (4) use the --triggers-mode silent command-line option to suppress all printing of triggers.
      (Note: triggers are used by the underlying SMT theorem prover to instantiate quantifiers;
      the theorem prover instantiates a quantifier whenever some expression matches the
      pattern specified by one of the quantifier's triggers.)
  --> src/kernel/src/mm/phys/frame.proof.rs:90:21
   |
90 | ... = choose|i: int| self.bitmap@.is_covered(i) && !self.bitmap@.set_bits.contains(i) && addr == frame_addr_of(i);
   |       ^^^^^^^^^^^^^^^^^^^^^^^^^^^^^^^^^^^^^^^^^^^^^^^^^^^^^^^^^^^^^^^^^^^^^^^^^^^^^^^^^^^^^^^^^^^^^^^^^^^^^^^^^^^

verification results:: 7 verified, 1 errors (partial verification with `--verify-*`)
error: could not compile `kernel` (bin "kernel") due to 2 previous errors
