Timestamp: 2026-04-22_23-51-34
Mode: cargo
Crate: cache
Directory: N/A
Module: <all>
Exit code: 0
cached (no recompilation)
—

Cheating patterns:
  assume=0
  external_body=8
  admit=0
  trusted=0
  no_decreases=0
  cfg_gate=0

--- Full output ---
note: automatically chose triggers for this expression:
  --> src/libs/cache/src/lib.proof.rs:75:5
   |
75 |     assert forall |x: K|
   |     ^^^^^^

note:   trigger 1 of 1:
  --> src/libs/cache/src/lib.proof.rs:76:9
   |
76 |         filtered.to_set().contains(x) implies s.to_set().remove(key).contains(x)
   |         ^^^^^^^^^^^^^^^^^^^^^^^^^^^^^

note: automatically chose triggers for this expression:
  --> src/libs/cache/src/lib.proof.rs:83:5
   |
83 |     assert forall |x: K|
   |     ^^^^^^

note:   trigger 1 of 1:
  --> src/libs/cache/src/lib.proof.rs:84:52
   |
84 |         s.to_set().remove(key).contains(x) implies filtered.to_set().contains(x)
   |                                                    ^^^^^^^^^^^^^^^^^^^^^^^^^^^^^

note: automatically chose triggers for this expression:
   --> src/libs/cache/src/lib.proof.rs:156:5
    |
156 |     assert forall |x: K|
    |     ^^^^^^

note:   trigger 1 of 1:
   --> src/libs/cache/src/lib.proof.rs:157:9
    |
157 |         sub.to_set().contains(x) implies s.to_set().remove(s[0]).contains(x)
    |         ^^^^^^^^^^^^^^^^^^^^^^^^

note: automatically chose triggers for this expression:
   --> src/libs/cache/src/lib.proof.rs:162:5
    |
162 |     assert forall |x: K|
    |     ^^^^^^

note:   trigger 1 of 1:
   --> src/libs/cache/src/lib.proof.rs:163:53
    |
163 |         s.to_set().remove(s[0]).contains(x) implies sub.to_set().contains(x)
    |                                                     ^^^^^^^^^^^^^^^^^^^^^^^^

note: Verus printed one or more automatically chosen quantifier triggers
      because it had low confidence in the chosen triggers.
      To suppress these messages, do one of the following:
        (1) manually annotate a single desired trigger using #[trigger]
            (example: forall|i: int, j: int| f(i) && #[trigger] g(i) && #[trigger] h(j)),
        (2) manually annotate multiple desired triggers using #![trigger ...]
            (example: forall|i: int| #![trigger f(i)] #![trigger g(i)] f(i) && g(i)),
        (3) accept the automatically chosen trigger using #![auto]
            (example: forall|i: int, j: int| #![auto] f(i) && g(i) && h(j))
        (4) use the --triggers-mode silent command-line option to suppress all printing of triggers.
      (Note: triggers are used by the underlying SMT theorem prover to instantiate quantifiers;
      the theorem prover instantiates a quantifier whenever some expression matches the
      pattern specified by one of the quantifier's triggers.)
   --> src/libs/cache/src/lib.proof.rs:162:5
    |
162 |     assert forall |x: K|
    |     ^^^^^^

    Finished `dev` profile [optimized + debuginfo] target(s) in 0.23s
