Timestamp: 2026-04-16_16-17-59
Mode: cargo
Crate: bitmap
Directory: N/A
Module: <all>
Exit code: 0
0 verified
0 errors

Cheating patterns:
  assume=0
  external_body=0
  admit=0
  trusted=0
  no_decreases=0

--- Full output ---
   Compiling config v0.12.429 (/home/ruize/verus-ai-exp/verus-ai/target-systems/nanvix-kheap0413/src/libs/config)
    Checking sysapi v0.12.429 (/home/ruize/verus-ai-exp/verus-ai/target-systems/nanvix-kheap0413/src/libs/sysapi)
    Checking error v0.12.429 (/home/ruize/verus-ai-exp/verus-ai/target-systems/nanvix-kheap0413/src/libs/error)
verification results:: 0 verified, 0 errors
    Checking sys v0.12.429 (/home/ruize/verus-ai-exp/verus-ai/target-systems/nanvix-kheap0413/src/libs/sys)
    Checking raw-array v0.12.429 (/home/ruize/verus-ai-exp/verus-ai/target-systems/nanvix-kheap0413/src/libs/raw-array)
verification results:: 0 verified, 0 errors
    Checking bitmap v0.12.429 (/home/ruize/verus-ai-exp/verus-ai/target-systems/nanvix-kheap0413/src/libs/bitmap)
verification results:: 69 verified, 0 errors
    Finished `dev` profile [optimized + debuginfo] target(s) in 3.38s
