Timestamp: 2026-04-14_09-54-25
Mode: cargo
Crate: slab
Directory: N/A
Module: <all>
Exit code: 0
0 verified
0 errors

Cheating patterns:
  assume=0
  external_body=0
  admit=0
  trusted=0
  no_decreases=0

--- Full output ---
   Compiling config v0.12.378 (/home/ruize/verus-ai-exp/verus-ai/target-systems/nanvix-kheap0413/src/libs/config)
   Compiling sysapi v0.12.378 (/home/ruize/verus-ai-exp/verus-ai/target-systems/nanvix-kheap0413/src/libs/sysapi)
   Compiling error v0.12.378 (/home/ruize/verus-ai-exp/verus-ai/target-systems/nanvix-kheap0413/src/libs/error)
verification results:: 0 verified, 0 errors
   Compiling sys v0.12.378 (/home/ruize/verus-ai-exp/verus-ai/target-systems/nanvix-kheap0413/src/libs/sys)
   Compiling raw-array v0.12.378 (/home/ruize/verus-ai-exp/verus-ai/target-systems/nanvix-kheap0413/src/libs/raw-array)
verification results:: 0 verified, 0 errors
   Compiling bitmap v0.12.378 (/home/ruize/verus-ai-exp/verus-ai/target-systems/nanvix-kheap0413/src/libs/bitmap)
verification results:: 69 verified, 0 errors
   Compiling slab v0.12.378 (/home/ruize/verus-ai-exp/verus-ai/target-systems/nanvix-kheap0413/src/libs/slab)
verification results:: 38 verified, 0 errors
    Finished `dev` profile [optimized + debuginfo] target(s) in 6.46s
