Timestamp: 2026-04-24_23-42-20
Mode: cargo
Crate: kernel
Directory: N/A
Module: mm::phys::frame
Exit code: 101
cached (no recompilation)
—

Cheating patterns:
  assume=0
  external_body=18
  admit=7
  trusted=0
  no_decreases=0
  cfg_gate=7

--- Full output ---
note: verifying root module

    Checking kernel v0.12.469 (/home/ruize/verus-ai-exp/verus-ai-phy-mm-0423/target-systems/nanvix/src/kernel)
error[E0117]: only traits defined in the current crate can be implemented for types defined outside of the crate
  --> src/kernel/src/mm/phys/frame.spec.rs:14:1
   |
14 | impl View for FrameNumber {
   | ^^^^^^^^^^^^^^-----------
   |               |
   |               `arch::mem::paging::FrameNumber` is not defined in the current crate
   |
   = note: impl doesn't have any local type before any uncovered type parameters
   = note: for more information see https://doc.rust-lang.org/reference/items/implementations.html#orphan-rules
   = note: define and implement a trait or new type instead

For more information about this error, try `rustc --explain E0117`.
error: could not compile `kernel` (bin "kernel") due to 1 previous error
