Timestamp: 2026-04-24_20-43-07
Mode: cargo
Crate: kernel
Directory: N/A
Module: mm::phys::kpool
Exit code: 101
cached (no recompilation)
—

Cheating patterns:
  assume=0
  external_body=7
  admit=0
  trusted=0
  no_decreases=0
  cfg_gate=7

--- Full output ---
note: verifying root module

    Checking kernel v0.12.469 (/home/ruize/verus-ai-exp/verus-ai-phy-mm-0423/target-systems/nanvix/src/kernel)
error: cannot find macro `verus` in this scope
   --> src/kernel/src/hal/platform/microvm/mod.rs:366:1
    |
366 | verus! {
    | ^^^^^
    |
help: consider importing this macro
    |
 14 + use vstd::prelude::verus;
    |

error: could not compile `kernel` (bin "kernel") due to 1 previous error
