Timestamp: 2026-04-23_11-16-21
Mode: cargo
Crate: cache
Directory: N/A
Module: <all>
Exit code: 101
cached (no recompilation)
—

Cheating patterns:
  assume=0
  external_body=7
  admit=0
  trusted=0
  no_decreases=0
  cfg_gate=0

--- Full output ---
    Checking cache v0.12.457 (/home/ruize/verus-ai-exp/verus-ai-lru-0422/target-systems/nanvix/src/libs/cache)
error[E0433]: failed to resolve: could not find `btree` in `std_specs`
   --> src/libs/cache/src/lib.rs:242:48
    |
242 | ...   broadcast use vstd::std_specs::btree::axiom_spec_btree_map_len, vstd::std_specs::btree::axiom_btree_map_v...
    |                                      ^^^^^ could not find `btree` in `std_specs`
    |
note: found an item that was configured out
   --> /home/ruize/.cargo/registry/src/index.crates.io-1949cf8c6b5b557f/vstd-0.0.0-2026-04-12-0118/std_specs/mod.rs:17:10
    |
    = note: the item is gated behind the `alloc` feature

error[E0433]: failed to resolve: could not find `btree` in `std_specs`
   --> src/libs/cache/src/lib.rs:242:98
    |
242 | ...btree_map_len, vstd::std_specs::btree::axiom_btree_map_view_finite_dom,
    |                                    ^^^^^ could not find `btree` in `std_specs`
    |
note: found an item that was configured out
   --> /home/ruize/.cargo/registry/src/index.crates.io-1949cf8c6b5b557f/vstd-0.0.0-2026-04-12-0118/std_specs/mod.rs:17:10
    |
    = note: the item is gated behind the `alloc` feature

error[E0433]: failed to resolve: could not find `btree` in `std_specs`
   --> src/libs/cache/src/lib.rs:269:52
    |
269 | ...   broadcast use vstd::std_specs::btree::axiom_spec_btree_map_len, vstd::std_specs::btree::axiom_btree_map_v...
    |                                      ^^^^^ could not find `btree` in `std_specs`
    |
note: found an item that was configured out
   --> /home/ruize/.cargo/registry/src/index.crates.io-1949cf8c6b5b557f/vstd-0.0.0-2026-04-12-0118/std_specs/mod.rs:17:10
    |
    = note: the item is gated behind the `alloc` feature

error[E0433]: failed to resolve: could not find `btree` in `std_specs`
   --> src/libs/cache/src/lib.rs:269:102
    |
269 | ...btree_map_len, vstd::std_specs::btree::axiom_btree_map_view_finite_dom;
    |                                    ^^^^^ could not find `btree` in `std_specs`
    |
note: found an item that was configured out
   --> /home/ruize/.cargo/registry/src/index.crates.io-1949cf8c6b5b557f/vstd-0.0.0-2026-04-12-0118/std_specs/mod.rs:17:10
    |
    = note: the item is gated behind the `alloc` feature

error[E0433]: failed to resolve: could not find `btree` in `std_specs`
   --> src/libs/cache/src/lib.rs:294:42
    |
294 | ...   vstd::std_specs::btree::axiom_spec_btree_map_len, vstd::std_specs::btree::axiom_btree_map_view_finite_dom;
    |                        ^^^^^ could not find `btree` in `std_specs`
    |
note: found an item that was configured out
   --> /home/ruize/.cargo/registry/src/index.crates.io-1949cf8c6b5b557f/vstd-0.0.0-2026-04-12-0118/std_specs/mod.rs:17:10
    |
    = note: the item is gated behind the `alloc` feature

error[E0433]: failed to resolve: could not find `btree` in `std_specs`
   --> src/libs/cache/src/lib.rs:294:92
    |
294 | ...btree_map_len, vstd::std_specs::btree::axiom_btree_map_view_finite_dom;
    |                                    ^^^^^ could not find `btree` in `std_specs`
    |
note: found an item that was configured out
   --> /home/ruize/.cargo/registry/src/index.crates.io-1949cf8c6b5b557f/vstd-0.0.0-2026-04-12-0118/std_specs/mod.rs:17:10
    |
    = note: the item is gated behind the `alloc` feature

error[E0433]: failed to resolve: could not find `btree` in `std_specs`
   --> src/libs/cache/src/lib.rs:346:42
    |
346 | ...   vstd::std_specs::btree::axiom_spec_btree_map_len, vstd::std_specs::btree::axiom_btree_map_view_finite_dom;
    |                        ^^^^^ could not find `btree` in `std_specs`
    |
note: found an item that was configured out
   --> /home/ruize/.cargo/registry/src/index.crates.io-1949cf8c6b5b557f/vstd-0.0.0-2026-04-12-0118/std_specs/mod.rs:17:10
    |
    = note: the item is gated behind the `alloc` feature

error[E0433]: failed to resolve: could not find `btree` in `std_specs`
   --> src/libs/cache/src/lib.rs:346:92
    |
346 | ...btree_map_len, vstd::std_specs::btree::axiom_btree_map_view_finite_dom;
    |                                    ^^^^^ could not find `btree` in `std_specs`
    |
note: found an item that was configured out
   --> /home/ruize/.cargo/registry/src/index.crates.io-1949cf8c6b5b557f/vstd-0.0.0-2026-04-12-0118/std_specs/mod.rs:17:10
    |
    = note: the item is gated behind the `alloc` feature

error[E0433]: failed to resolve: could not find `btree` in `std_specs`
   --> src/libs/cache/src/lib.rs:388:38
    |
388 | ...   vstd::std_specs::btree::axiom_spec_btree_map_len, vstd::std_specs::btree::axiom_btree_map_view_finite_dom;
    |                        ^^^^^ could not find `btree` in `std_specs`
    |
note: found an item that was configured out
   --> /home/ruize/.cargo/registry/src/index.crates.io-1949cf8c6b5b557f/vstd-0.0.0-2026-04-12-0118/std_specs/mod.rs:17:10
    |
    = note: the item is gated behind the `alloc` feature

error[E0433]: failed to resolve: could not find `btree` in `std_specs`
   --> src/libs/cache/src/lib.rs:388:88
    |
388 | ...btree_map_len, vstd::std_specs::btree::axiom_btree_map_view_finite_dom;
    |                                    ^^^^^ could not find `btree` in `std_specs`
    |
note: found an item that was configured out
   --> /home/ruize/.cargo/registry/src/index.crates.io-1949cf8c6b5b557f/vstd-0.0.0-2026-04-12-0118/std_specs/mod.rs:17:10
    |
    = note: the item is gated behind the `alloc` feature

For more information about this error, try `rustc --explain E0433`.
error: could not compile `cache` (lib) due to 10 previous errors
