Timestamp: 2026-04-24_22-10-18
Mode: cargo
Crate: kernel
Directory: N/A
Module: mm::phys::kpool
Exit code: 0
7 verified
0 errors

Cheating patterns:
  assume=0
  external_body=8
  admit=0
  trusted=0
  no_decreases=0
  cfg_gate=7

--- Full output ---
note: verifying root module

    Checking kernel v0.12.469 (/home/ruize/verus-ai-exp/verus-ai-phy-mm-0423/target-systems/nanvix/src/kernel)
note: verifying module mm::phys::kpool

verification results:: 7 verified, 0 errors (partial verification with `--verify-*`)
    Finished `dev` profile [optimized + debuginfo] target(s) in 2.27s
