Timestamp: 2026-05-12_21-43-15
Mode: cargo
Crate: kernel
Directory: N/A
Module: mm::phys::frame
Exit code: 101
20 verified
3 errors

Cheating patterns:
  assume=0
  external_body=24
  admit=0
  trusted=0
  no_decreases=0
  cfg_gate=9

--- Full output ---
    Checking kernel v0.12.469 (/home/ruize/verus-ai-exp/verus-ai-phy-mm-0423/target-systems/nanvix/src/kernel)
note: verifying module mm::phys::frame

error: assertion failed
   --> src/kernel/src/mm/phys/frame.proof.rs:330:24
    |
330 |                 assert(self.bitmap@.is_covered(idx));
    |                        ^^^^^^^^^^^^^^^^^^^^^^^^^^^^ assertion failed

error: postcondition not satisfied
   --> src/kernel/src/mm/phys/frame.proof.rs:576:13
    |
574 |       proof fn lemma_range_insert_step(sfn: int, idx: int)
    |             ---------------------------------------------- at the end of the function body
575 |           ensures
576 | /             vstd::set_lib::set_int_range(sfn, (idx + 1) as int) =~=
577 | |                 vstd::set_lib::set_int_range(sfn, idx as int).insert(idx as int),
    | |________________________________________________________________________________^ failed this postcondition

note: function body check: not all errors may have been reported; rerun with a higher value for --multiple-errors to find other potential errors in this function
   --> src/kernel/src/mm/phys/frame.rs:385:5
    |
385 | /     fn alloc_range(
386 | |         &mut self,
387 | |         region: &TruncatedMemoryRegion<PhysicalAddress>,
388 | |     ) -> Result<(), Error> {
    | |__________________________^

error: precondition not satisfied
   --> src/kernel/src/mm/phys/frame.rs:399:13
    |
399 | /             Self::lemma_frame_quotients_bounded(
400 | |                 region@.start, region@.size, ps);
    | |________________________________________________^
    |
   ::: src/kernel/src/mm/phys/frame.proof.rs:508:13
    |
508 |               start >= 0,
    |               ---------- failed precondition

error: precondition not satisfied
   --> src/kernel/src/mm/phys/frame.rs:409:13
    |
409 | /             Self::lemma_end_frame_number_properties(
410 | |                 region@.start, region@.size,
411 | |                 start_frame_number as int, num_frames as int, ps);
    | |_________________________________________________________________^
    |
   ::: src/kernel/src/mm/phys/frame.proof.rs:529:13
    |
529 |               start >= 0,
    |               ---------- failed precondition

note: automatically chose triggers for this expression:
  --> src/kernel/src/mm/phys/frame.proof.rs:39:13
   |
39 |           &&& forall|i: int| self.bitmap@.is_covered(i) ==> {
   |  _____________^
40 | |             &&& i >= 0
41 | |             &&& frame_addr_of(i) <= usize::MAX as int
42 | |         }
   | |_________^

note:   trigger 1 of 1:
  --> src/kernel/src/mm/phys/frame.proof.rs:39:28
   |
39 |         &&& forall|i: int| self.bitmap@.is_covered(i) ==> {
   |                            ^^^^^^^^^^^^^^^^^^^^^^^^^^

note: automatically chose triggers for this expression:
  --> src/kernel/src/mm/phys/frame.proof.rs:55:21
   |
55 |             let i = choose|i: int| self.bitmap@.set_bits.contains(i) && addr == frame_addr_of(i);
   |                     ^^^^^^^^^^^^^^^^^^^^^^^^^^^^^^^^^^^^^^^^^^^^^^^^^^^^^^^^^^^^^^^^^^^^^^^^^^^^

note:   trigger 1 of 1:
  --> src/kernel/src/mm/phys/frame.proof.rs:55:81
   |
55 |             let i = choose|i: int| self.bitmap@.set_bits.contains(i) && addr == frame_addr_of(i);
   |                                                                                 ^^^^^^^^^^^^^^^^

note: automatically chose triggers for this expression:
  --> src/kernel/src/mm/phys/frame.proof.rs:63:21
   |
63 | ... = choose|i: int| self.bitmap@.is_covered(i) && !self.bitmap@.set_bits.contains(i) && addr == frame_addr_of(i);
   |       ^^^^^^^^^^^^^^^^^^^^^^^^^^^^^^^^^^^^^^^^^^^^^^^^^^^^^^^^^^^^^^^^^^^^^^^^^^^^^^^^^^^^^^^^^^^^^^^^^^^^^^^^^^^

note:   trigger 1 of 1:
  --> src/kernel/src/mm/phys/frame.proof.rs:63:112
   |
63 | ...!self.bitmap@.set_bits.contains(i) && addr == frame_addr_of(i);
   |                                                  ^^^^^^^^^^^^^^^^

note: automatically chose triggers for this expression:
  --> src/kernel/src/mm/phys/frame.proof.rs:72:35
   |
72 |                     let i_alloc = choose|i: int| self.bitmap@.set_bits.contains(i) && addr == frame_addr_of(i);
   |                                   ^^^^^^^^^^^^^^^^^^^^^^^^^^^^^^^^^^^^^^^^^^^^^^^^^^^^^^^^^^^^^^^^^^^^^^^^^^^^

note:   trigger 1 of 1:
  --> src/kernel/src/mm/phys/frame.proof.rs:72:95
   |
72 |                     let i_alloc = choose|i: int| self.bitmap@.set_bits.contains(i) && addr == frame_addr_of(i);
   |                                                                                               ^^^^^^^^^^^^^^^^

note: automatically chose triggers for this expression:
  --> src/kernel/src/mm/phys/frame.proof.rs:73:34
   |
73 | ... = choose|i: int| self.bitmap@.is_covered(i) && !self.bitmap@.set_bits.contains(i) && addr == frame_addr_of(i);
   |       ^^^^^^^^^^^^^^^^^^^^^^^^^^^^^^^^^^^^^^^^^^^^^^^^^^^^^^^^^^^^^^^^^^^^^^^^^^^^^^^^^^^^^^^^^^^^^^^^^^^^^^^^^^^

note:   trigger 1 of 1:
  --> src/kernel/src/mm/phys/frame.proof.rs:73:125
   |
73 | ...!self.bitmap@.set_bits.contains(i) && addr == frame_addr_of(i);
   |                                                  ^^^^^^^^^^^^^^^^

note: automatically chose triggers for this expression:
  --> src/kernel/src/mm/phys/frame.proof.rs:84:21
   |
84 |             let i = choose|i: int| self.bitmap@.set_bits.contains(i) && addr == frame_addr_of(i);
   |                     ^^^^^^^^^^^^^^^^^^^^^^^^^^^^^^^^^^^^^^^^^^^^^^^^^^^^^^^^^^^^^^^^^^^^^^^^^^^^

note:   trigger 1 of 1:
  --> src/kernel/src/mm/phys/frame.proof.rs:84:81
   |
84 |             let i = choose|i: int| self.bitmap@.set_bits.contains(i) && addr == frame_addr_of(i);
   |                                                                                 ^^^^^^^^^^^^^^^^

note: automatically chose triggers for this expression:
  --> src/kernel/src/mm/phys/frame.proof.rs:94:21
   |
94 | ... = choose|i: int| self.bitmap@.is_covered(i) && !self.bitmap@.set_bits.contains(i) && addr == frame_addr_of(i);
   |       ^^^^^^^^^^^^^^^^^^^^^^^^^^^^^^^^^^^^^^^^^^^^^^^^^^^^^^^^^^^^^^^^^^^^^^^^^^^^^^^^^^^^^^^^^^^^^^^^^^^^^^^^^^^

note:   trigger 1 of 1:
  --> src/kernel/src/mm/phys/frame.proof.rs:94:112
   |
94 | ...!self.bitmap@.set_bits.contains(i) && addr == frame_addr_of(i);
   |                                                  ^^^^^^^^^^^^^^^^

note: automatically chose triggers for this expression:
   --> src/kernel/src/mm/phys/frame.proof.rs:111:9
    |
111 |         assert forall|i: int| self.bitmap@.is_covered(i) implies
    |         ^^^^^^

note:   trigger 1 of 1:
   --> src/kernel/src/mm/phys/frame.proof.rs:111:31
    |
111 |         assert forall|i: int| self.bitmap@.is_covered(i) implies
    |                               ^^^^^^^^^^^^^^^^^^^^^^^^^^

note: automatically chose triggers for this expression:
   --> src/kernel/src/mm/phys/frame.proof.rs:372:9
    |
372 |         assert forall|i: int|
    |         ^^^^^^

note:   trigger 1 of 1:
   --> src/kernel/src/mm/phys/frame.proof.rs:373:56
    |
373 |             self.bitmap@.set_bits.contains(i) && fa == frame_addr_of(i)
    |                                                        ^^^^^^^^^^^^^^^^

note: automatically chose triggers for this expression:
   --> src/kernel/src/mm/phys/frame.proof.rs:391:9
    |
391 |         assert forall|i: int|
    |         ^^^^^^

note:   trigger 1 of 1:
   --> src/kernel/src/mm/phys/frame.proof.rs:394:22
    |
394 |             && fa == frame_addr_of(i)
    |                      ^^^^^^^^^^^^^^^^

note: automatically chose triggers for this expression:
   --> src/kernel/src/mm/phys/frame.proof.rs:429:9
    |
429 |         assert forall|addr: int| frames.contains(addr)
    |         ^^^^^^

note:   trigger 1 of 1:
   --> src/kernel/src/mm/phys/frame.proof.rs:429:34
    |
429 |         assert forall|addr: int| frames.contains(addr)
    |                                  ^^^^^^^^^^^^^^^^^^^^^

note: automatically chose triggers for this expression:
   --> src/kernel/src/mm/phys/frame.proof.rs:445:25
    |
445 |                   let i = choose|i: int|
    |  _________________________^
446 | |                     self.bitmap@.set_bits.contains(i) && addr == frame_addr_of(i);
    | |_________________________________________________________________________________^

note:   trigger 1 of 1:
   --> src/kernel/src/mm/phys/frame.proof.rs:446:66
    |
446 |                     self.bitmap@.set_bits.contains(i) && addr == frame_addr_of(i);
    |                                                                  ^^^^^^^^^^^^^^^^

note: automatically chose triggers for this expression:
   --> src/kernel/src/mm/phys/frame.proof.rs:455:25
    |
455 |                   let i = choose|i: int|
    |  _________________________^
456 | |                     old_inner.bitmap@.set_bits.contains(i) && addr == frame_addr_of(i);
    | |______________________________________________________________________________________^

note:   trigger 1 of 1:
   --> src/kernel/src/mm/phys/frame.proof.rs:456:71
    |
456 |                     old_inner.bitmap@.set_bits.contains(i) && addr == frame_addr_of(i);
    |                                                                       ^^^^^^^^^^^^^^^^

note: automatically chose triggers for this expression:
   --> src/kernel/src/mm/phys/frame.proof.rs:440:9
    |
440 |         assert forall|addr: int|
    |         ^^^^^^

note:   trigger 1 of 1:
   --> src/kernel/src/mm/phys/frame.proof.rs:441:13
    |
441 |             self@.allocated_frames.contains(addr) <==>
    |             ^^^^^^^^^^^^^^^^^^^^^^^^^^^^^^^^^^^^^

note: automatically chose triggers for this expression:
   --> src/kernel/src/mm/phys/frame.proof.rs:472:25
    |
472 |                   let i = choose|i: int|
    |  _________________________^
473 | |                     self.bitmap@.is_covered(i)
474 | |                     && !self.bitmap@.set_bits.contains(i)
475 | |                     && addr == frame_addr_of(i);
    | |_______________________________________________^

note:   trigger 1 of 1:
   --> src/kernel/src/mm/phys/frame.proof.rs:475:32
    |
475 |                     && addr == frame_addr_of(i);
    |                                ^^^^^^^^^^^^^^^^

note: automatically chose triggers for this expression:
   --> src/kernel/src/mm/phys/frame.proof.rs:487:25
    |
487 |                   let i = choose|i: int|
    |  _________________________^
488 | |                     old_inner.bitmap@.is_covered(i)
489 | |                     && !old_inner.bitmap@.set_bits.contains(i)
490 | |                     && addr == frame_addr_of(i);
    | |_______________________________________________^

note:   trigger 1 of 1:
   --> src/kernel/src/mm/phys/frame.proof.rs:490:32
    |
490 |                     && addr == frame_addr_of(i);
    |                                ^^^^^^^^^^^^^^^^

note: automatically chose triggers for this expression:
   --> src/kernel/src/mm/phys/frame.proof.rs:467:9
    |
467 |         assert forall|addr: int|
    |         ^^^^^^

note:   trigger 1 of 1:
   --> src/kernel/src/mm/phys/frame.proof.rs:468:13
    |
468 |             self@.free_frames.contains(addr) <==>
    |             ^^^^^^^^^^^^^^^^^^^^^^^^^^^^^^^^

note: Verus printed one or more automatically chosen quantifier triggers
      because it had low confidence in the chosen triggers.
      To suppress these messages, do one of the following:
        (1) manually annotate a single desired trigger using #[trigger]
            (example: forall|i: int, j: int| f(i) && #[trigger] g(i) && #[trigger] h(j)),
        (2) manually annotate multiple desired triggers using #![trigger ...]
            (example: forall|i: int| #![trigger f(i)] #![trigger g(i)] f(i) && g(i)),
        (3) accept the automatically chosen trigger using #![auto]
            (example: forall|i: int, j: int| #![auto] f(i) && g(i) && h(j))
        (4) use the --triggers-mode silent command-line option to suppress all printing of triggers.
      (Note: triggers are used by the underlying SMT theorem prover to instantiate quantifiers;
      the theorem prover instantiates a quantifier whenever some expression matches the
      pattern specified by one of the quantifier's triggers.)
   --> src/kernel/src/mm/phys/frame.proof.rs:467:9
    |
467 |         assert forall|addr: int|
    |         ^^^^^^

verification results:: 20 verified, 3 errors (partial verification with `--verify-*`)
error: could not compile `kernel` (bin "kernel") due to 4 previous errors
