Timestamp: 2026-04-27_21-55-34
Mode: cargo
Crate: kernel
Directory: N/A
Module: mm::phys::frame
Exit code: 101
7 verified
2 errors

Cheating patterns:
  assume=0
  external_body=24
  admit=0
  trusted=0
  no_decreases=0
  cfg_gate=7

--- Full output ---
    Checking kernel v0.12.469 (/home/ruize/verus-ai-exp/verus-ai-phy-mm-0423/target-systems/nanvix/src/kernel)
note: verifying module mm::phys::frame

error: assertion failed
   --> src/kernel/src/mm/phys/frame.rs:851:20
    |
851 |             assert((region@.start + region@.size) % ps == 0) by {
    |                    ^^^^^^^^^^^^^^^^^^^^^^^^^^^^^^^^^^^^^^^^ assertion failed

error: precondition not satisfied
   --> src/kernel/src/mm/phys/frame.rs:992:47
    |
127 |     requires region.inv(),
    |              ------------ failed precondition
...
992 |                     let region_start: usize = region_start_raw(region);
    |                                               ^^^^^^^^^^^^^^^^^^^^^^^^

note: automatically chose triggers for this expression:
  --> src/kernel/src/mm/phys/frame.proof.rs:39:13
   |
39 |           &&& forall|i: int| self.bitmap@.is_covered(i) ==> {
   |  _____________^
40 | |             &&& i >= 0
41 | |             &&& frame_addr_of(i) <= usize::MAX as int
42 | |         }
   | |_________^

note:   trigger 1 of 1:
  --> src/kernel/src/mm/phys/frame.proof.rs:39:28
   |
39 |         &&& forall|i: int| self.bitmap@.is_covered(i) ==> {
   |                            ^^^^^^^^^^^^^^^^^^^^^^^^^^

note: automatically chose triggers for this expression:
  --> src/kernel/src/mm/phys/frame.proof.rs:55:21
   |
55 |             let i = choose|i: int| self.bitmap@.set_bits.contains(i) && addr == frame_addr_of(i);
   |                     ^^^^^^^^^^^^^^^^^^^^^^^^^^^^^^^^^^^^^^^^^^^^^^^^^^^^^^^^^^^^^^^^^^^^^^^^^^^^

note:   trigger 1 of 1:
  --> src/kernel/src/mm/phys/frame.proof.rs:55:81
   |
55 |             let i = choose|i: int| self.bitmap@.set_bits.contains(i) && addr == frame_addr_of(i);
   |                                                                                 ^^^^^^^^^^^^^^^^

note: automatically chose triggers for this expression:
  --> src/kernel/src/mm/phys/frame.proof.rs:63:21
   |
63 | ... = choose|i: int| self.bitmap@.is_covered(i) && !self.bitmap@.set_bits.contains(i) && addr == frame_addr_of(i);
   |       ^^^^^^^^^^^^^^^^^^^^^^^^^^^^^^^^^^^^^^^^^^^^^^^^^^^^^^^^^^^^^^^^^^^^^^^^^^^^^^^^^^^^^^^^^^^^^^^^^^^^^^^^^^^

note:   trigger 1 of 1:
  --> src/kernel/src/mm/phys/frame.proof.rs:63:112
   |
63 | ...!self.bitmap@.set_bits.contains(i) && addr == frame_addr_of(i);
   |                                                  ^^^^^^^^^^^^^^^^

note: automatically chose triggers for this expression:
  --> src/kernel/src/mm/phys/frame.proof.rs:72:35
   |
72 |                     let i_alloc = choose|i: int| self.bitmap@.set_bits.contains(i) && addr == frame_addr_of(i);
   |                                   ^^^^^^^^^^^^^^^^^^^^^^^^^^^^^^^^^^^^^^^^^^^^^^^^^^^^^^^^^^^^^^^^^^^^^^^^^^^^

note:   trigger 1 of 1:
  --> src/kernel/src/mm/phys/frame.proof.rs:72:95
   |
72 |                     let i_alloc = choose|i: int| self.bitmap@.set_bits.contains(i) && addr == frame_addr_of(i);
   |                                                                                               ^^^^^^^^^^^^^^^^

note: automatically chose triggers for this expression:
  --> src/kernel/src/mm/phys/frame.proof.rs:73:34
   |
73 | ... = choose|i: int| self.bitmap@.is_covered(i) && !self.bitmap@.set_bits.contains(i) && addr == frame_addr_of(i);
   |       ^^^^^^^^^^^^^^^^^^^^^^^^^^^^^^^^^^^^^^^^^^^^^^^^^^^^^^^^^^^^^^^^^^^^^^^^^^^^^^^^^^^^^^^^^^^^^^^^^^^^^^^^^^^

note:   trigger 1 of 1:
  --> src/kernel/src/mm/phys/frame.proof.rs:73:125
   |
73 | ...!self.bitmap@.set_bits.contains(i) && addr == frame_addr_of(i);
   |                                                  ^^^^^^^^^^^^^^^^

note: automatically chose triggers for this expression:
  --> src/kernel/src/mm/phys/frame.proof.rs:84:21
   |
84 |             let i = choose|i: int| self.bitmap@.set_bits.contains(i) && addr == frame_addr_of(i);
   |                     ^^^^^^^^^^^^^^^^^^^^^^^^^^^^^^^^^^^^^^^^^^^^^^^^^^^^^^^^^^^^^^^^^^^^^^^^^^^^

note:   trigger 1 of 1:
  --> src/kernel/src/mm/phys/frame.proof.rs:84:81
   |
84 |             let i = choose|i: int| self.bitmap@.set_bits.contains(i) && addr == frame_addr_of(i);
   |                                                                                 ^^^^^^^^^^^^^^^^

note: automatically chose triggers for this expression:
  --> src/kernel/src/mm/phys/frame.proof.rs:94:21
   |
94 | ... = choose|i: int| self.bitmap@.is_covered(i) && !self.bitmap@.set_bits.contains(i) && addr == frame_addr_of(i);
   |       ^^^^^^^^^^^^^^^^^^^^^^^^^^^^^^^^^^^^^^^^^^^^^^^^^^^^^^^^^^^^^^^^^^^^^^^^^^^^^^^^^^^^^^^^^^^^^^^^^^^^^^^^^^^

note:   trigger 1 of 1:
  --> src/kernel/src/mm/phys/frame.proof.rs:94:112
   |
94 | ...!self.bitmap@.set_bits.contains(i) && addr == frame_addr_of(i);
   |                                                  ^^^^^^^^^^^^^^^^

note: automatically chose triggers for this expression:
   --> src/kernel/src/mm/phys/frame.proof.rs:114:9
    |
114 |         assert forall|i: int| self.bitmap@.is_covered(i) implies
    |         ^^^^^^

note:   trigger 1 of 1:
   --> src/kernel/src/mm/phys/frame.proof.rs:114:31
    |
114 |         assert forall|i: int| self.bitmap@.is_covered(i) implies
    |                               ^^^^^^^^^^^^^^^^^^^^^^^^^^

note: automatically chose triggers for this expression:
   --> src/kernel/src/mm/phys/frame.rs:524:21
    |
524 |                     assert forall|i: int|
    |                     ^^^^^^

note:   trigger 1 of 1:
   --> src/kernel/src/mm/phys/frame.rs:525:73
    |
525 |                         old(self).bitmap@.set_bits.contains(i) && fa == frame_addr_of(i)
    |                                                                         ^^^^^^^^^^^^^^^^

note: automatically chose triggers for this expression:
   --> src/kernel/src/mm/phys/frame.rs:730:21
    |
730 |                     assert forall|i: int|
    |                     ^^^^^^

note:   trigger 1 of 1:
   --> src/kernel/src/mm/phys/frame.rs:733:34
    |
733 |                         && fa == frame_addr_of(i)
    |                                  ^^^^^^^^^^^^^^^^

note: automatically chose triggers for this expression:
   --> src/kernel/src/mm/phys/frame.rs:907:33
    |
907 |                           let w = choose|i: int|
    |  _________________________________^
908 | |                             old(self).bitmap@.is_covered(i)
909 | |                             && !old(self).bitmap@.set_bits.contains(i)
910 | |                             && fa == frame_addr_of(i);
    | |_____________________________________________________^

note:   trigger 1 of 1:
   --> src/kernel/src/mm/phys/frame.rs:910:38
    |
910 | ...                   && fa == frame_addr_of(i);
    |                                ^^^^^^^^^^^^^^^^

note: automatically chose triggers for this expression:
   --> src/kernel/src/mm/phys/frame.rs:973:37
    |
973 |   ...                   let w = choose|i: int|
    |  _______________________________^
974 | | ...                       old(self).bitmap@.is_covered(i)
975 | | ...                       && !old(self).bitmap@.set_bits.contains(i)
976 | | ...                       && fa == frame_addr_of(i);
    | |___________________________________________________^

note:   trigger 1 of 1:
   --> src/kernel/src/mm/phys/frame.rs:976:42
    |
976 | ...                   && fa == frame_addr_of(i);
    |                                ^^^^^^^^^^^^^^^^

note: automatically chose triggers for this expression:
    --> src/kernel/src/mm/phys/frame.rs:1058:13
     |
1058 |             assert forall|addr: int| frames.contains(addr)
     |             ^^^^^^

note:   trigger 1 of 1:
    --> src/kernel/src/mm/phys/frame.rs:1058:38
     |
1058 |             assert forall|addr: int| frames.contains(addr)
     |                                      ^^^^^^^^^^^^^^^^^^^^^

note: automatically chose triggers for this expression:
    --> src/kernel/src/mm/phys/frame.rs:1075:29
     |
1075 |                       let i = choose|i: int|
     |  _____________________________^
1076 | |                         self.bitmap@.set_bits.contains(i) && addr == frame_addr_of(i);
     | |_____________________________________________________________________________________^

note:   trigger 1 of 1:
    --> src/kernel/src/mm/phys/frame.rs:1076:70
     |
1076 |                         self.bitmap@.set_bits.contains(i) && addr == frame_addr_of(i);
     |                                                                      ^^^^^^^^^^^^^^^^

note: automatically chose triggers for this expression:
    --> src/kernel/src/mm/phys/frame.rs:1085:29
     |
1085 |                       let i = choose|i: int|
     |  _____________________________^
1086 | |                         old(self).bitmap@.set_bits.contains(i) && addr == frame_addr_of(i);
     | |__________________________________________________________________________________________^

note:   trigger 1 of 1:
    --> src/kernel/src/mm/phys/frame.rs:1086:75
     |
1086 |                         old(self).bitmap@.set_bits.contains(i) && addr == frame_addr_of(i);
     |                                                                           ^^^^^^^^^^^^^^^^

note: automatically chose triggers for this expression:
    --> src/kernel/src/mm/phys/frame.rs:1070:13
     |
1070 |             assert forall|addr: int|
     |             ^^^^^^

note:   trigger 1 of 1:
    --> src/kernel/src/mm/phys/frame.rs:1071:17
     |
1071 |                 self@.allocated_frames.contains(addr) <==>
     |                 ^^^^^^^^^^^^^^^^^^^^^^^^^^^^^^^^^^^^^

note: automatically chose triggers for this expression:
    --> src/kernel/src/mm/phys/frame.rs:1105:29
     |
1105 |                       let i = choose|i: int|
     |  _____________________________^
1106 | |                         self.bitmap@.is_covered(i)
1107 | |                         && !self.bitmap@.set_bits.contains(i)
1108 | |                         && addr == frame_addr_of(i);
     | |___________________________________________________^

note:   trigger 1 of 1:
    --> src/kernel/src/mm/phys/frame.rs:1108:36
     |
1108 |                         && addr == frame_addr_of(i);
     |                                    ^^^^^^^^^^^^^^^^

note: automatically chose triggers for this expression:
    --> src/kernel/src/mm/phys/frame.rs:1124:29
     |
1124 |                       let i = choose|i: int|
     |  _____________________________^
1125 | |                         old(self).bitmap@.is_covered(i)
1126 | |                         && !old(self).bitmap@.set_bits.contains(i)
1127 | |                         && addr == frame_addr_of(i);
     | |___________________________________________________^

note:   trigger 1 of 1:
    --> src/kernel/src/mm/phys/frame.rs:1127:36
     |
1127 |                         && addr == frame_addr_of(i);
     |                                    ^^^^^^^^^^^^^^^^

note: automatically chose triggers for this expression:
    --> src/kernel/src/mm/phys/frame.rs:1100:13
     |
1100 |             assert forall|addr: int|
     |             ^^^^^^

note:   trigger 1 of 1:
    --> src/kernel/src/mm/phys/frame.rs:1101:17
     |
1101 |                 self@.free_frames.contains(addr) <==>
     |                 ^^^^^^^^^^^^^^^^^^^^^^^^^^^^^^^^

note: Verus printed one or more automatically chosen quantifier triggers
      because it had low confidence in the chosen triggers.
      To suppress these messages, do one of the following:
        (1) manually annotate a single desired trigger using #[trigger]
            (example: forall|i: int, j: int| f(i) && #[trigger] g(i) && #[trigger] h(j)),
        (2) manually annotate multiple desired triggers using #![trigger ...]
            (example: forall|i: int| #![trigger f(i)] #![trigger g(i)] f(i) && g(i)),
        (3) accept the automatically chosen trigger using #![auto]
            (example: forall|i: int, j: int| #![auto] f(i) && g(i) && h(j))
        (4) use the --triggers-mode silent command-line option to suppress all printing of triggers.
      (Note: triggers are used by the underlying SMT theorem prover to instantiate quantifiers;
      the theorem prover instantiates a quantifier whenever some expression matches the
      pattern specified by one of the quantifier's triggers.)
    --> src/kernel/src/mm/phys/frame.rs:1100:13
     |
1100 |             assert forall|addr: int|
     |             ^^^^^^

verification results:: 7 verified, 2 errors (partial verification with `--verify-*`)
error: could not compile `kernel` (bin "kernel") due to 2 previous errors
