Timestamp: 2026-04-22_21-16-45
Mode: cargo
Crate: cache
Directory: N/A
Module: <all>
Exit code: 101
cached (no recompilation)
—

Cheating patterns:
  assume=0
  external_body=8
  admit=0
  trusted=0
  no_decreases=0
  cfg_gate=0

--- Full output ---
    Checking cache v0.12.457 (/home/ruize/verus-ai-exp/verus-ai-lru-0422/target-systems/nanvix/src/libs/cache)
error[E0599]: no method named `view` found for struct `alloc::collections::BTreeMap<K, V, A>` in the current scope
  --> src/libs/cache/src/lib.spec.rs:44:10
   |
44 |         m@ == Map::<K, V>::empty(),
   |          ^ method not found in `alloc::collections::BTreeMap<K, V>`

For more information about this error, try `rustc --explain E0599`.
error: could not compile `cache` (lib) due to 1 previous error
