Timestamp: 2026-04-24_22-58-16
Mode: cargo
Crate: kernel
Directory: N/A
Module: <all>
Exit code: 101
cached (no recompilation)
—

Cheating patterns:
  assume=0
  external_body=11
  admit=0
  trusted=0
  no_decreases=0
  cfg_gate=7

--- Full output ---
note: verifying root module

    Checking kernel v0.12.469 (/home/ruize/verus-ai-exp/verus-ai-phy-mm-0423/target-systems/nanvix/src/kernel)
error: In order to verify any items of this trait impl, the entire impl must be verified. Try wrapping the entire impl in the `verus!` macro.
   --> src/kernel/src/hal/mem/types/address/aligned/page.rs:50:1
    |
 50 | / impl<T: Address> Address for PageAligned<T> {
 51 | |     #[verus_verify(external_body)]
 52 | |     fn into_raw_value(self) -> usize {
 53 | |         self.0.into_raw_value()
...   |
147 | | }
    | |_^

error: In order to verify any items of this trait impl, the entire impl must be verified. Try wrapping the entire impl in the `verus!` macro.
   --> src/kernel/src/hal/mem/types/address/aligned/page.rs:155:1
    |
155 | / impl<T: Address> Deref for PageAligned<T> {
156 | |     type Target = T;
157 | |
158 | |     #[verus_verify(external_body)]
...   |
162 | | }
    | |_^

error: could not compile `kernel` (bin "kernel") due to 2 previous errors
