Timestamp: 2026-04-15_21-17-49
Mode: cargo
Crate: kernel
Directory: N/A
Module: <all>
Exit code: 0
35 verified
0 errors

Cheating patterns:
  assume=0
  external_body=1
  admit=0
  trusted=0
  no_decreases=0

--- Full output ---
   Compiling slab v0.12.378 (/home/ruize/verus-ai-exp/verus-ai/target-systems/nanvix-kheap0413/src/libs/slab)
verification results:: 35 verified, 0 errors
   Compiling kernel v0.12.378 (/home/ruize/verus-ai-exp/verus-ai/target-systems/nanvix-kheap0413/src/kernel)
verification results:: 30 verified, 0 errors
    Finished `dev` profile [optimized + debuginfo] target(s) in 8.51s
