Timestamp: 2026-04-24_21-43-32
Mode: cargo
Crate: kernel
Directory: N/A
Module: mm::phys::kpool
Exit code: 101
cached (no recompilation)
—

Cheating patterns:
  assume=0
  external_body=7
  admit=0
  trusted=0
  no_decreases=0
  cfg_gate=7

--- Full output ---
note: verifying root module

    Checking kernel v0.12.469 (/home/ruize/verus-ai-exp/verus-ai-phy-mm-0423/target-systems/nanvix/src/kernel)
error: assume_specification requires function type signature to match `kernel::hal::mem::types::address::aligned::page::PageAligned::into_raw_value` exactly 
             assume_specification provided: `(hal::mem::types::address::aligned::page::PageAligned<hal::mem::types::address::phys::PhysicalAddress>) -> usize`
             expected:                      `for<T> (hal::mem::types::address::aligned::page::PageAligned<T>) -> usize`
   --> src/kernel/src/hal/mem/types/address/aligned/page.rs:224:1
    |
224 | pub assume_specification[ <PageAligned<PhysicalAddress> as Address>::into_raw_value ](self_: PageAligned<PhysicalAddress>) -> (ret: usize)
    | ^^^^^^^^^^^^^^^^^^^^^^^^^^^^^^^^^^^^^^^^^^^^^^^^^^^^^^^^^^^^^^^^^^^^^^^^^^^^^^^^^^^^^^^^^^^^^^^^^^^^^^^^^^^^^^^^^^^^^^^^^^^^^^^^^^^^^^^^^

error: could not compile `kernel` (bin "kernel") due to 1 previous error
