Timestamp: 2026-04-22_21-27-06
Mode: cargo
Crate: cache
Directory: N/A
Module: <all>
Exit code: 101
cached (no recompilation)
—

Cheating patterns:
  assume=0
  external_body=8
  admit=0
  trusted=0
  no_decreases=0
  cfg_gate=0

--- Full output ---
    Checking cache v0.12.457 (/home/ruize/verus-ai-exp/verus-ai-lru-0422/target-systems/nanvix/src/libs/cache)
error: in pub open spec function, cannot refer to private function
   --> src/libs/cache/src/lib.spec.rs:220:23
    |
220 |             contents: cache_contents_of(self.entries),
    |                       ^^^^^^^^^^^^^^^^^^^^^^^^^^^^^^^

error: could not compile `cache` (lib) due to 1 previous error
