Timestamp: 2026-04-22_21-27-41
Mode: cargo
Crate: cache
Directory: N/A
Module: <all>
Exit code: 101
cached (no recompilation)
—

Cheating patterns:
  assume=0
  external_body=8
  admit=0
  trusted=0
  no_decreases=0
  cfg_gate=0

--- Full output ---
    Checking cache v0.12.457 (/home/ruize/verus-ai-exp/verus-ai-lru-0422/target-systems/nanvix/src/libs/cache)
error: type `CacheEntry<V>` is more private than the item `cache_lru_of_nonempty`
  --> src/libs/cache/src/lib.spec.rs:69:1
   |
69 | pub uninterp spec fn cache_lru_of_nonempty<K, V>(entries: alloc::collections::BTreeMap<K, CacheEntry<V>>) -> Seq<K>;
   | ^^^^^^^^^^^^^^^^^^^^^^^^^^^^^^^^^^^^^^^^^^^^^^^^^^^^^^^^^^^^^^^^^^^^^^^^^^^^^^^^^^^^^^^^^^^^^^^^^^^^^^^^^^^^^^^^^^^ function `cache_lru_of_nonempty` is reachable at visibility `pub`
   |
note: but type `CacheEntry<V>` is only usable at visibility `pub(crate)`
  --> src/libs/cache/src/lib.rs:62:1
   |
62 | struct CacheEntry<V> {
   | ^^^^^^^^^^^^^^^^^^^^
   = note: `-D private-interfaces` implied by `-D warnings`
   = help: to override `-D warnings` add `#[allow(private_interfaces)]`

error: could not compile `cache` (lib) due to 1 previous error
