Timestamp: 2026-04-24_20-55-33
Mode: cargo
Crate: kernel
Directory: N/A
Module: mm::phys::kpool
Exit code: 101
2 verified
3 errors

Cheating patterns:
  assume=0
  external_body=9
  admit=0
  trusted=0
  no_decreases=0
  cfg_gate=7

--- Full output ---
note: verifying root module

    Checking kernel v0.12.469 (/home/ruize/verus-ai-exp/verus-ai-phy-mm-0423/target-systems/nanvix/src/kernel)
warning: use of deprecated method `vstd::prelude::ResultAdditionalSpecFns::is_Ok`: is_Variant is deprecated - use `->` or `matches` instead: https://verus-lang.github.io/verus/guide/datatypes_enum.html
   --> src/kernel/src/hal/mem/types/address/phys.rs:264:16
    |
264 |         result.is_Ok(),
    |                ^^^^^
    |
    = note: `#[warn(deprecated)]` on by default

warning: use of deprecated method `vstd::prelude::ResultAdditionalSpecFns::is_Ok`: is_Variant is deprecated - use `->` or `matches` instead: https://verus-lang.github.io/verus/guide/datatypes_enum.html
  --> src/kernel/src/mm/phys/kpool.rs:83:16
   |
83 |         result.is_Ok(),
   |                ^^^^^

note: verifying module mm::phys::kpool

note: function body check: not all errors may have been reported; rerun with a higher value for --multiple-errors to find other potential errors in this function
   --> src/kernel/src/mm/phys/kpool.rs:190:5
    |
190 |     fn alloc(&mut self) -> Result<FrameAddress, Error> {
    |     ^^^^^^^^^^^^^^^^^^^^^^^^^^^^^^^^^^^^^^^^^^^^^^^^^^

error: postcondition not satisfied
   --> src/kernel/src/mm/phys/kpool.rs:173:13
    |
173 | /             match result {
174 | |                 Ok(frame) => {
175 | |                     let page_index = (frame@ - old(self)@.start) / spec_page_size();
176 | |                     &&& frame.inv()
...   |
187 | |                 },
188 | |             },
    | |_____________^ failed this postcondition
...
244 |           Ok(frame)
    |           --------- at the end of the function body

error: assertion failed
   --> src/kernel/src/mm/phys/kpool.rs:231:20
    |
231 |             assert(addr as int % spec_page_size() == 0);
    |                    ^^^^^^^^^^^^^^^^^^^^^^^^^^^^^^^^^^^ assertion failed

note: while loop: not all errors may have been reported; rerun with a higher value for --multiple-errors to find other potential errors in this function
   --> src/kernel/src/mm/phys/kpool.rs:362:9
    |
362 | /         for i in 0..count
363 | |         {
364 | |             proof! {
...   |
392 | |             addrs.push(frame);
393 | |         }
    | |_________^

note: function body check: not all errors may have been reported; rerun with a higher value for --multiple-errors to find other potential errors in this function
   --> src/kernel/src/mm/phys/kpool.rs:304:5
    |
304 |     fn alloc_range(&mut self, count: usize, addrs: &mut Vec<FrameAddress>) -> Result<(), Error> {
    |     ^^^^^^^^^^^^^^^^^^^^^^^^^^^^^^^^^^^^^^^^^^^^^^^^^^^^^^^^^^^^^^^^^^^^^^^^^^^^^^^^^^^^^^^^^^^

error: assertion failed
   --> src/kernel/src/mm/phys/kpool.rs:324:36
    |
324 | ...                   assert(old(self).bitmap@.exists_contiguous_free_range(count as int));
    |                              ^^^^^^^^^^^^^^^^^^^^^^^^^^^^^^^^^^^^^^^^^^^^^^^^^^^^^^^^^^^^ assertion failed

error: possible arithmetic underflow/overflow
   --> src/kernel/src/mm/phys/kpool.rs:357:57
    |
357 |         let base_addr: usize = pa_into_raw(self.base) + index * mem::PAGE_SIZE;
    |                                                         ^^^^^^^^^^^^^^^^^^^^^^

error: precondition not satisfied
   --> src/kernel/src/mm/phys/kpool.rs:368:17
    |
368 | /                 vstd::arithmetic::mul::lemma_mul_strict_inequality(
369 | |                     i as int,
370 | |                     count as int,
371 | |                     spec_page_size(),
372 | |                 );
    | |_________________^
    |
   ::: /home/ruize/.cargo/registry/src/index.crates.io-1949cf8c6b5b557f/vstd-0.0.0-2026-04-12-0118/arithmetic/mul.rs:178:9
    |
178 |           z > 0,
    |           ----- failed precondition

error: precondition not satisfied
   --> src/kernel/src/mm/phys/kpool.rs:376:17
    |
376 | /                 vstd::arithmetic::mul::lemma_mul_strict_inequality(
377 | |                     (index as int) + (i as int),
378 | |                     self.bitmap@.num_bits,
379 | |                     spec_page_size(),
380 | |                 );
    | |_________________^
    |
   ::: /home/ruize/.cargo/registry/src/index.crates.io-1949cf8c6b5b557f/vstd-0.0.0-2026-04-12-0118/arithmetic/mul.rs:177:9
    |
177 |           x < y,
    |           ----- failed precondition

verification results:: 2 verified, 3 errors (partial verification with `--verify-*`)
warning: `kernel` (bin "kernel") generated 2 warnings
error: could not compile `kernel` (bin "kernel") due to 6 previous errors; 2 warnings emitted
