Timestamp: 2026-04-22_22-49-40
Mode: cargo
Crate: cache
Directory: N/A
Module: <all>
Exit code: 101
cached (no recompilation)
—

Cheating patterns:
  assume=0
  external_body=9
  admit=0
  trusted=0
  no_decreases=0
  cfg_gate=0

--- Full output ---
    Checking cache v0.12.457 (/home/ruize/verus-ai-exp/verus-ai-lru-0422/target-systems/nanvix/src/libs/cache)
error: assume_specification requires function type signature to match `alloc::collections::btree::map::impl&%20::contains_key` exactly 
             assume_specification provided: `for<Key, Value, A> for<'_, '_> (&alloc::collections::BTreeMap<Key, Value, A>, &Key) -> bool`
             expected:                      `for<K, V, A, Q> for<'_, '_> (&alloc::collections::BTreeMap<K, V, A>, &Q) -> bool`
   --> src/libs/cache/src/lib.vstd_btree.rs:125:1
    |
125 | / pub assume_specification<Key: Ord, Value, A: core::alloc::Allocator + Clone>[
126 | |     alloc::collections::BTreeMap::<Key, Value, A>::contains_key::<Key>
127 | | ](
128 | |     m: &alloc::collections::BTreeMap<Key, Value, A>,
129 | |     k: &Key,
130 | | ) -> (result: bool)
    | |__________________^

error: assume_specification requires function type signature to match `alloc::collections::btree::map::impl&%20::get` exactly 
             assume_specification provided: `for<Key, Value, A> for<'a, '_> (&'a alloc::collections::BTreeMap<Key, Value, A>, &Key) -> core::option::Option<&'a Value>`
             expected:                      `for<K, V, A, Q> for<'_, '_> (&alloc::collections::BTreeMap<K, V, A>, &Q) -> core::option::Option<&V>`
   --> src/libs/cache/src/lib.vstd_btree.rs:136:1
    |
136 | / pub assume_specification<'a, Key: Ord, Value, A: core::alloc::Allocator + Clone>[
137 | |     alloc::collections::BTreeMap::<Key, Value, A>::get::<Key>
138 | | ](
139 | |     m: &'a alloc::collections::BTreeMap<Key, Value, A>,
140 | |     k: &Key,
141 | | ) -> (result: Option<&'a Value>)
    | |_______________________________^

error: assume_specification requires function type signature to match `alloc::collections::btree::map::impl&%20::get_mut` exactly 
             assume_specification provided: `for<Key, Value, A> for<'a, '_> (&'a mut alloc::collections::BTreeMap<Key, Value, A>, &Key) -> core::option::Option<&'a mut Value>`
             expected:                      `for<K, V, A, Q> for<'_, '_> (&mut alloc::collections::BTreeMap<K, V, A>, &Q) -> core::option::Option<&mut V>`
   --> src/libs/cache/src/lib.vstd_btree.rs:153:1
    |
153 | / pub assume_specification<'a, Key: Ord, Value, A: core::alloc::Allocator + Clone>[
154 | |     alloc::collections::BTreeMap::<Key, Value, A>::get_mut::<Key>
155 | | ](
156 | |     m: &'a mut alloc::collections::BTreeMap<Key, Value, A>,
157 | |     k: &Key,
158 | | ) -> (result: Option<&'a mut Value>)
    | |___________________________________^

error: assume_specification requires function type signature to match `alloc::collections::btree::map::impl&%20::remove` exactly 
             assume_specification provided: `for<Key, Value, A> for<'_, '_> (&mut alloc::collections::BTreeMap<Key, Value, A>, &Key) -> core::option::Option<Value>`
             expected:                      `for<K, V, A, Q> for<'_, '_> (&mut alloc::collections::BTreeMap<K, V, A>, &Q) -> core::option::Option<V>`
   --> src/libs/cache/src/lib.vstd_btree.rs:176:1
    |
176 | / pub assume_specification<Key: Ord, Value, A: core::alloc::Allocator + Clone>[
177 | |     alloc::collections::BTreeMap::<Key, Value, A>::remove::<Key>
178 | | ](
179 | |     m: &mut alloc::collections::BTreeMap<Key, Value, A>,
180 | |     k: &Key,
181 | | ) -> (result: Option<Value>)
    | |___________________________^

error: could not compile `cache` (lib) due to 4 previous errors
