Timestamp: 2026-04-22_21-28-50
Mode: cargo
Crate: cache
Directory: N/A
Module: <all>
Exit code: 101
cached (no recompilation)
—

Cheating patterns:
  assume=0
  external_body=8
  admit=0
  trusted=0
  no_decreases=0
  cfg_gate=0

--- Full output ---
    Checking cache v0.12.457 (/home/ruize/verus-ai-exp/verus-ai-lru-0422/target-systems/nanvix/src/libs/cache)
error: `view` not found
   --> src/libs/cache/src/lib.rs:156:13
    |
156 |             reveal(Cache::view);
    |             ^^^^^^

error: could not compile `cache` (lib) due to 1 previous error
