Timestamp: 2026-04-24_21-09-40
Mode: cargo
Crate: kernel
Directory: N/A
Module: mm::phys::kpool
Exit code: 101
6 verified
1 errors

Cheating patterns:
  assume=0
  external_body=9
  admit=0
  trusted=0
  no_decreases=0
  cfg_gate=7

--- Full output ---
note: verifying root module

    Checking kernel v0.12.469 (/home/ruize/verus-ai-exp/verus-ai-phy-mm-0423/target-systems/nanvix/src/kernel)
warning: use of deprecated method `vstd::prelude::ResultAdditionalSpecFns::is_Ok`: is_Variant is deprecated - use `->` or `matches` instead: https://verus-lang.github.io/verus/guide/datatypes_enum.html
   --> src/kernel/src/hal/mem/types/address/phys.rs:264:16
    |
264 |         result.is_Ok(),
    |                ^^^^^
    |
    = note: `#[warn(deprecated)]` on by default

warning: use of deprecated method `vstd::prelude::ResultAdditionalSpecFns::is_Ok`: is_Variant is deprecated - use `->` or `matches` instead: https://verus-lang.github.io/verus/guide/datatypes_enum.html
  --> src/kernel/src/mm/phys/kpool.rs:87:16
   |
87 |         result.is_Ok(),
   |                ^^^^^

note: verifying module mm::phys::kpool

error: assertion failed
   --> src/kernel/src/mm/phys/kpool.rs:472:24
    |
472 |                 assert(addr as int % spec_page_size() == 0);
    |                        ^^^^^^^^^^^^^^^^^^^^^^^^^^^^^^^^^^^ assertion failed

verification results:: 6 verified, 1 errors (partial verification with `--verify-*`)
warning: `kernel` (bin "kernel") generated 2 warnings
error: could not compile `kernel` (bin "kernel") due to 1 previous error; 2 warnings emitted
