Timestamp: 2026-04-23_11-16-04
Mode: cargo
Crate: cache
Directory: N/A
Module: <all>
Exit code: 101
cached (no recompilation)
—

Cheating patterns:
  assume=0
  external_body=7
  admit=0
  trusted=0
  no_decreases=0
  cfg_gate=0

--- Full output ---
    Checking cache v0.12.457 (/home/ruize/verus-ai-exp/verus-ai-lru-0422/target-systems/nanvix/src/libs/cache)
error[E0425]: cannot find value `axiom_spec_btree_map_len` in this scope
   --> src/libs/cache/src/lib.rs:242:31
    |
242 |                 broadcast use axiom_spec_btree_map_len, axiom_btree_map_view_finite_dom,
    |                               ^^^^^^^^^^^^^^^^^^^^^^^^ not found in this scope

error[E0425]: cannot find value `axiom_btree_map_view_finite_dom` in this scope
   --> src/libs/cache/src/lib.rs:242:57
    |
242 |                 broadcast use axiom_spec_btree_map_len, axiom_btree_map_view_finite_dom,
    |                                                         ^^^^^^^^^^^^^^^^^^^^^^^^^^^^^^^ not found in this scope

error[E0425]: cannot find value `axiom_spec_btree_map_len` in this scope
   --> src/libs/cache/src/lib.rs:269:35
    |
269 |                     broadcast use axiom_spec_btree_map_len, axiom_btree_map_view_finite_dom;
    |                                   ^^^^^^^^^^^^^^^^^^^^^^^^ not found in this scope

error[E0425]: cannot find value `axiom_btree_map_view_finite_dom` in this scope
   --> src/libs/cache/src/lib.rs:269:61
    |
269 |                     broadcast use axiom_spec_btree_map_len, axiom_btree_map_view_finite_dom;
    |                                                             ^^^^^^^^^^^^^^^^^^^^^^^^^^^^^^^ not found in this scope

error[E0425]: cannot find value `axiom_spec_btree_map_len` in this scope
   --> src/libs/cache/src/lib.rs:294:25
    |
294 |                         axiom_spec_btree_map_len, axiom_btree_map_view_finite_dom;
    |                         ^^^^^^^^^^^^^^^^^^^^^^^^ not found in this scope

error[E0425]: cannot find value `axiom_btree_map_view_finite_dom` in this scope
   --> src/libs/cache/src/lib.rs:294:51
    |
294 |                         axiom_spec_btree_map_len, axiom_btree_map_view_finite_dom;
    |                                                   ^^^^^^^^^^^^^^^^^^^^^^^^^^^^^^^ not found in this scope

error[E0425]: cannot find value `axiom_spec_btree_map_len` in this scope
   --> src/libs/cache/src/lib.rs:346:25
    |
346 |                         axiom_spec_btree_map_len, axiom_btree_map_view_finite_dom;
    |                         ^^^^^^^^^^^^^^^^^^^^^^^^ not found in this scope

error[E0425]: cannot find value `axiom_btree_map_view_finite_dom` in this scope
   --> src/libs/cache/src/lib.rs:346:51
    |
346 |                         axiom_spec_btree_map_len, axiom_btree_map_view_finite_dom;
    |                                                   ^^^^^^^^^^^^^^^^^^^^^^^^^^^^^^^ not found in this scope

error[E0425]: cannot find value `axiom_spec_btree_map_len` in this scope
   --> src/libs/cache/src/lib.rs:388:21
    |
388 |                     axiom_spec_btree_map_len, axiom_btree_map_view_finite_dom;
    |                     ^^^^^^^^^^^^^^^^^^^^^^^^ not found in this scope

error[E0425]: cannot find value `axiom_btree_map_view_finite_dom` in this scope
   --> src/libs/cache/src/lib.rs:388:47
    |
388 |                     axiom_spec_btree_map_len, axiom_btree_map_view_finite_dom;
    |                                               ^^^^^^^^^^^^^^^^^^^^^^^^^^^^^^^ not found in this scope

For more information about this error, try `rustc --explain E0425`.
error: could not compile `cache` (lib) due to 10 previous errors
