Timestamp: 2026-04-04_05-14-11
Mode: cargo
Crate: slab
Directory: N/A
Module: <all>
Exit code: 0
69 verified
0 errors

Cheating patterns:
  assume=0
  external_body=0
  admit=0
  trusted=0
  no_decreases=0

--- Full output ---
   Compiling bitmap v0.12.355 (/home/ruize/verus-ai-improve3/target-systems/nanvix-kheap0404/src/libs/bitmap)
verification results:: 69 verified, 0 errors
   Compiling slab v0.12.355 (/home/ruize/verus-ai-improve3/target-systems/nanvix-kheap0404/src/libs/slab)
verification results:: 35 verified, 0 errors
    Finished `dev` profile [optimized + debuginfo] target(s) in 4.69s
