Timestamp: 2026-04-23_09-20-22
Mode: cargo
Crate: cache
Directory: N/A
Module: <all>
Exit code: 101
cached (no recompilation)
—

Cheating patterns:
  assume=0
  external_body=7
  admit=0
  trusted=0
  no_decreases=0
  cfg_gate=0

--- Full output ---
    Checking cache v0.12.457 (/home/ruize/verus-ai-exp/verus-ai-lru-0422/target-systems/nanvix/src/libs/cache)
error: disallowed: field expression for an opaque datatype
  --> src/libs/cache/src/lib.rs:98:9
   |
98 |         self.value
   |         ^^^^^^^^^^ this field expression is disallowed
   |
  ::: src/libs/cache/src/lib.spec.rs:25:1
   |
25 | pub struct ExCacheGuard<'a, V>(crate::CacheGuard<'a, V>);
   | --------------------------------------------------------- Verus treats this datatype as 'opaque' because it is marked 'external_body'

error: could not compile `cache` (lib) due to 1 previous error
