Timestamp: 2026-04-24_19-46-35
Mode: cargo
Crate: kernel
Directory: N/A
Module: <all>
Exit code: 101
cached (no recompilation)
—

Cheating patterns:
  assume=0
  external_body=11
  admit=0
  trusted=0
  no_decreases=0
  cfg_gate=6

--- Full output ---
note: verifying root module

    Checking kernel v0.12.469 (/home/ruize/verus-ai-exp/verus-ai-phy-mm-0423/target-systems/nanvix/src/kernel)
error: the implementation for Drop must be marked opens_invariants none
  --> src/kernel/src/mm/phys/upool.rs:99:5
   |
99 |     fn drop(&mut self) {
   |     ^^^^^^^^^^^^^^^^^^

error: could not compile `kernel` (bin "kernel") due to 1 previous error
