Timestamp: 2026-04-25_00-02-36
Mode: cargo
Crate: kernel
Directory: N/A
Module: mm::phys::frame
Exit code: 101
7 verified
1 errors

Cheating patterns:
  assume=0
  external_body=24
  admit=6
  trusted=0
  no_decreases=0
  cfg_gate=7

--- Full output ---
note: verifying root module

    Checking kernel v0.12.469 (/home/ruize/verus-ai-exp/verus-ai-phy-mm-0423/target-systems/nanvix/src/kernel)
note: verifying module mm::phys::frame

note: function body check: not all errors may have been reported; rerun with a higher value for --multiple-errors to find other potential errors in this function
   --> src/kernel/src/mm/phys/frame.rs:217:5
    |
217 |     fn free(&mut self, frame: FrameAddress) -> Result<(), Error> {
    |     ^^^^^^^^^^^^^^^^^^^^^^^^^^^^^^^^^^^^^^^^^^^^^^^^^^^^^^^^^^^^

error: postcondition not satisfied
   --> src/kernel/src/mm/phys/frame.rs:205:13
    |
205 |               self.inv(),
    |               ^^^^^^^^^^ failed this postcondition
...
224 | /         match self.bitmap.clear(frame_number) {
225 | |             Ok(()) => {
226 | |                 proof! {
227 | |                     let idx = frame_number as int;
...   |
380 | |             },
381 | |         }
    | |_________- at the end of the function body

error: precondition not satisfied
   --> src/kernel/src/mm/phys/frame.rs:302:21
    |
302 |                     self.lemma_inv_implies_wf();
    |                     ^^^^^^^^^^^^^^^^^^^^^^^^^^^
    |
   ::: src/kernel/src/mm/phys/frame.proof.rs:47:18
    |
 47 |         requires self.internal_inv(),
    |                  ------------------- failed precondition

note: automatically chose triggers for this expression:
  --> src/kernel/src/mm/phys/frame.proof.rs:39:13
   |
39 |           &&& forall|i: int| self.bitmap@.is_covered(i) ==> {
   |  _____________^
40 | |             &&& i >= 0
41 | |             &&& frame_addr_of(i) <= usize::MAX as int
42 | |         }
   | |_________^

note:   trigger 1 of 1:
  --> src/kernel/src/mm/phys/frame.proof.rs:39:28
   |
39 |         &&& forall|i: int| self.bitmap@.is_covered(i) ==> {
   |                            ^^^^^^^^^^^^^^^^^^^^^^^^^^

note: automatically chose triggers for this expression:
  --> src/kernel/src/mm/phys/frame.proof.rs:55:21
   |
55 |             let i = choose|i: int| self.bitmap@.set_bits.contains(i) && addr == frame_addr_of(i);
   |                     ^^^^^^^^^^^^^^^^^^^^^^^^^^^^^^^^^^^^^^^^^^^^^^^^^^^^^^^^^^^^^^^^^^^^^^^^^^^^

note:   trigger 1 of 1:
  --> src/kernel/src/mm/phys/frame.proof.rs:55:81
   |
55 |             let i = choose|i: int| self.bitmap@.set_bits.contains(i) && addr == frame_addr_of(i);
   |                                                                                 ^^^^^^^^^^^^^^^^

note: automatically chose triggers for this expression:
  --> src/kernel/src/mm/phys/frame.proof.rs:63:21
   |
63 | ... = choose|i: int| self.bitmap@.is_covered(i) && !self.bitmap@.set_bits.contains(i) && addr == frame_addr_of(i);
   |       ^^^^^^^^^^^^^^^^^^^^^^^^^^^^^^^^^^^^^^^^^^^^^^^^^^^^^^^^^^^^^^^^^^^^^^^^^^^^^^^^^^^^^^^^^^^^^^^^^^^^^^^^^^^

note:   trigger 1 of 1:
  --> src/kernel/src/mm/phys/frame.proof.rs:63:112
   |
63 | ...!self.bitmap@.set_bits.contains(i) && addr == frame_addr_of(i);
   |                                                  ^^^^^^^^^^^^^^^^

note: automatically chose triggers for this expression:
  --> src/kernel/src/mm/phys/frame.proof.rs:72:35
   |
72 |                     let i_alloc = choose|i: int| self.bitmap@.set_bits.contains(i) && addr == frame_addr_of(i);
   |                                   ^^^^^^^^^^^^^^^^^^^^^^^^^^^^^^^^^^^^^^^^^^^^^^^^^^^^^^^^^^^^^^^^^^^^^^^^^^^^

note:   trigger 1 of 1:
  --> src/kernel/src/mm/phys/frame.proof.rs:72:95
   |
72 |                     let i_alloc = choose|i: int| self.bitmap@.set_bits.contains(i) && addr == frame_addr_of(i);
   |                                                                                               ^^^^^^^^^^^^^^^^

note: automatically chose triggers for this expression:
  --> src/kernel/src/mm/phys/frame.proof.rs:73:34
   |
73 | ... = choose|i: int| self.bitmap@.is_covered(i) && !self.bitmap@.set_bits.contains(i) && addr == frame_addr_of(i);
   |       ^^^^^^^^^^^^^^^^^^^^^^^^^^^^^^^^^^^^^^^^^^^^^^^^^^^^^^^^^^^^^^^^^^^^^^^^^^^^^^^^^^^^^^^^^^^^^^^^^^^^^^^^^^^

note:   trigger 1 of 1:
  --> src/kernel/src/mm/phys/frame.proof.rs:73:125
   |
73 | ...!self.bitmap@.set_bits.contains(i) && addr == frame_addr_of(i);
   |                                                  ^^^^^^^^^^^^^^^^

note: automatically chose triggers for this expression:
  --> src/kernel/src/mm/phys/frame.proof.rs:84:21
   |
84 |             let i = choose|i: int| self.bitmap@.set_bits.contains(i) && addr == frame_addr_of(i);
   |                     ^^^^^^^^^^^^^^^^^^^^^^^^^^^^^^^^^^^^^^^^^^^^^^^^^^^^^^^^^^^^^^^^^^^^^^^^^^^^

note:   trigger 1 of 1:
  --> src/kernel/src/mm/phys/frame.proof.rs:84:81
   |
84 |             let i = choose|i: int| self.bitmap@.set_bits.contains(i) && addr == frame_addr_of(i);
   |                                                                                 ^^^^^^^^^^^^^^^^

note: automatically chose triggers for this expression:
  --> src/kernel/src/mm/phys/frame.proof.rs:95:21
   |
95 | ... = choose|i: int| self.bitmap@.is_covered(i) && !self.bitmap@.set_bits.contains(i) && addr == frame_addr_of(i);
   |       ^^^^^^^^^^^^^^^^^^^^^^^^^^^^^^^^^^^^^^^^^^^^^^^^^^^^^^^^^^^^^^^^^^^^^^^^^^^^^^^^^^^^^^^^^^^^^^^^^^^^^^^^^^^

note:   trigger 1 of 1:
  --> src/kernel/src/mm/phys/frame.proof.rs:95:112
   |
95 | ...!self.bitmap@.set_bits.contains(i) && addr == frame_addr_of(i);
   |                                                  ^^^^^^^^^^^^^^^^

note: automatically chose triggers for this expression:
   --> src/kernel/src/mm/phys/frame.rs:361:21
    |
361 |                     assert forall|i: int|
    |                     ^^^^^^

note:   trigger 1 of 1:
   --> src/kernel/src/mm/phys/frame.rs:362:73
    |
362 |                         old(self).bitmap@.set_bits.contains(i) && fa == frame_addr_of(i)
    |                                                                         ^^^^^^^^^^^^^^^^

note: Verus printed one or more automatically chosen quantifier triggers
      because it had low confidence in the chosen triggers.
      To suppress these messages, do one of the following:
        (1) manually annotate a single desired trigger using #[trigger]
            (example: forall|i: int, j: int| f(i) && #[trigger] g(i) && #[trigger] h(j)),
        (2) manually annotate multiple desired triggers using #![trigger ...]
            (example: forall|i: int| #![trigger f(i)] #![trigger g(i)] f(i) && g(i)),
        (3) accept the automatically chosen trigger using #![auto]
            (example: forall|i: int, j: int| #![auto] f(i) && g(i) && h(j))
        (4) use the --triggers-mode silent command-line option to suppress all printing of triggers.
      (Note: triggers are used by the underlying SMT theorem prover to instantiate quantifiers;
      the theorem prover instantiates a quantifier whenever some expression matches the
      pattern specified by one of the quantifier's triggers.)
   --> src/kernel/src/mm/phys/frame.rs:361:21
    |
361 |                     assert forall|i: int|
    |                     ^^^^^^

verification results:: 7 verified, 1 errors (partial verification with `--verify-*`)
error: could not compile `kernel` (bin "kernel") due to 2 previous errors
