Timestamp: 2026-04-23_11-18-15
Mode: cargo
Crate: cache
Directory: N/A
Module: <all>
Exit code: 101
cached (no recompilation)
—

Cheating patterns:
  assume=0
  external_body=7
  admit=0
  trusted=0
  no_decreases=0
  cfg_gate=0

--- Full output ---
    Checking cache v0.12.457 (/home/ruize/verus-ai-exp/verus-ai-lru-0422/target-systems/nanvix/src/libs/cache)
error[E0609]: no field `entries` on type `CacheView<K, V>`
   --> src/libs/cache/src/lib.rs:247:35
    |
247 |                     =~= old(self@.entries));
    |                                   ^^^^^^^ unknown field
    |
    = note: available fields are: `contents`, `capacity`, `lru_order`

error[E0308]: mismatched types
   --> src/libs/cache/src/lib.rs:247:25
    |
246 |                   assert(self.entries@
    |  ________________________-
247 | |                     =~= old(self@.entries));
    | |                         ^^^^^^^^^^^^^^^^^-
    | |_________________________|________________|
    |                           |                arguments to this function are incorrect
    |                           expected `Map<K, CacheEntry<V>>`, found `&mut _`
    |
    = note:         expected struct `vstd::map::Map<K, CacheEntry<V>>`
            found mutable reference `&mut _`
note: function defined here
   --> /home/ruize/.cargo/registry/src/index.crates.io-1949cf8c6b5b557f/verus_builtin-0.0.0-2026-04-12-0118/src/lib.rs:278:8
    |
278 | pub fn ext_equal<A>(_: A, _: A) -> bool {
    |        ^^^^^^^^^

error[E0614]: type `vstd::prelude::nat` cannot be dereferenced
   --> src/libs/cache/src/lib.rs:461:13
    |
461 |             *entries@.dom().len() > 0 ==> {
    |             ^^^^^^^^^^^^^^^^^^^^^ can't be dereferenced

error[E0614]: type `vstd::prelude::nat` cannot be dereferenced
   --> src/libs/cache/src/lib.rs:466:13
    |
466 |             *entries@.dom().len() == 0 ==> ret is None,
    |             ^^^^^^^^^^^^^^^^^^^^^ can't be dereferenced

Some errors have detailed explanations: E0308, E0609, E0614.
For more information about an error, try `rustc --explain E0308`.
error: could not compile `cache` (lib) due to 4 previous errors
