Timestamp: 2026-04-13_13-47-48
Mode: cargo
Crate: kernel
Directory: N/A
Module: <all>
Exit code: 0
1340 verified
0 errors

Cheating patterns:
  assume=0
  external_body=0
  admit=0
  trusted=0
  no_decreases=0

--- Full output ---
   Compiling vstd v0.0.0-2026-04-05-0114
verification results:: 1340 verified, 0 errors
   Compiling error v0.12.378 (/home/ruize/verus-ai-exp/verus-ai/target-systems/nanvix-kheap0413/src/libs/error)
   Compiling sorted-vec v0.12.378 (/home/ruize/verus-ai-exp/verus-ai/target-systems/nanvix-kheap0413/src/libs/sorted-vec)
verification results:: 0 verified, 0 errors
verification results:: 0 verified, 0 errors
   Compiling sys v0.12.378 (/home/ruize/verus-ai-exp/verus-ai/target-systems/nanvix-kheap0413/src/libs/sys)
   Compiling multibin v0.12.378 (/home/ruize/verus-ai-exp/verus-ai/target-systems/nanvix-kheap0413/src/libs/multibin)
   Compiling raw-array v0.12.378 (/home/ruize/verus-ai-exp/verus-ai/target-systems/nanvix-kheap0413/src/libs/raw-array)
   Compiling elf v0.12.378 (/home/ruize/verus-ai-exp/verus-ai/target-systems/nanvix-kheap0413/src/libs/elf)
   Compiling arch v0.12.378 (/home/ruize/verus-ai-exp/verus-ai/target-systems/nanvix-kheap0413/src/libs/arch)
verification results:: 0 verified, 0 errors
   Compiling bitmap v0.12.378 (/home/ruize/verus-ai-exp/verus-ai/target-systems/nanvix-kheap0413/src/libs/bitmap)
verification results:: 69 verified, 0 errors
   Compiling slab v0.12.378 (/home/ruize/verus-ai-exp/verus-ai/target-systems/nanvix-kheap0413/src/libs/slab)
verification results:: 35 verified, 0 errors
   Compiling kernel v0.12.378 (/home/ruize/verus-ai-exp/verus-ai/target-systems/nanvix-kheap0413/src/kernel)
verification results:: 30 verified, 0 errors
    Finished `dev` profile [optimized + debuginfo] target(s) in 35.71s
