Timestamp: 2026-04-22_18-52-27
Mode: cargo
Crate: cache
Directory: N/A
Module: <all>
Exit code: 0
0 verified
0 errors

Cheating patterns:
  assume=0
  external_body=0
  admit=0
  trusted=0
  no_decreases=0
  cfg_gate=0

--- Full output ---
   Compiling proc-macro2 v1.0.106
   Compiling unicode-ident v1.0.24
   Compiling quote v1.0.45
   Compiling compiler_builtins v0.1.160 (/home/ruize/.rustup/toolchains/1.94.0-x86_64-unknown-linux-gnu/lib/rustlib/src/rust/library/compiler-builtins/compiler-builtins)
   Compiling autocfg v1.5.0
   Compiling core v0.0.0 (/home/ruize/.rustup/toolchains/1.94.0-x86_64-unknown-linux-gnu/lib/rustlib/src/rust/library/core)
   Compiling verus_prettyplease v0.0.0-2026-04-12-0118
   Compiling hashbrown v0.12.3
   Compiling vstd v0.0.0-2026-04-12-0118
   Compiling indexmap v1.9.3
   Compiling verus_syn v0.0.0-2026-04-05-0114
   Compiling syn v2.0.117
   Compiling synstructure v0.13.2
   Compiling verus_builtin_macros v0.0.0-2026-04-12-0118
   Compiling verus_state_machines_macros v0.0.0-2026-04-05-0114
   Compiling alloc v0.0.0 (/home/ruize/.rustup/toolchains/1.94.0-x86_64-unknown-linux-gnu/lib/rustlib/src/rust/library/alloc)
    Checking verus_builtin v0.0.0-2026-04-12-0118
verification results:: 1340 verified, 0 errors
    Checking cache v0.12.457 (/home/ruize/verus-ai-exp/verus-ai-lru-0422/target-systems/nanvix/src/libs/cache)
verification results:: 0 verified, 0 errors
    Finished `dev` profile [optimized + debuginfo] target(s) in 28.99s
