Timestamp: 2026-04-24_22-38-42
Mode: cargo
Crate: kernel
Directory: N/A
Module: <all>
Exit code: 101
cached (no recompilation)
—

Cheating patterns:
  assume=0
  external_body=6
  admit=0
  trusted=0
  no_decreases=0
  cfg_gate=7

--- Full output ---
note: verifying root module

    Checking kernel v0.12.469 (/home/ruize/verus-ai-exp/verus-ai-phy-mm-0423/target-systems/nanvix/src/kernel)
warning: unreachable expression
   --> src/kernel/src/mm/phys/frame.rs:269:9
    |
269 | /          for index in start_frame_number..end_frame_number {
270 | |/             match self.bitmap.test(index) {
271 | ||                 Ok(false) => continue,
272 | ||                 Ok(true) => {
273 | ||                     let conflicting_addr: usize = index * mem::FRAME_SIZE;
...   ||
284 | ||                 Err(err) => return Err(err),
285 | ||             }
    | ||_____________- any code following this `match` expression is unreachable, as all arms diverge
286 | |          }
    | |__________^ unreachable expression
    |
    = note: `#[warn(unreachable_code)]` (part of `#[warn(unused)]`) on by default

error: `arch::x86::mem::paging::frame::number::impl&%0::from_raw_value` is not supported (note: you may be able to add a Verus specification to this function with `assume_specification`)
   --> src/kernel/src/mm/phys/frame.rs:101:47
    |
101 |         let frame_number: FrameNumber = match FrameNumber::from_raw_value(frame_number) {
    |                                               ^^^^^^^^^^^^^^^^^^^^^^^^^^^^^^^^^^^^^^^^^
    |
    = help: The following declaration may resolve this error:
            pub assume_specification [arch::mem::paging::FrameNumber::from_raw_value] (_0: usize) -> core::option::Option<arch::mem::paging::FrameNumber>;

error: cannot use function `kernel::hal::mem::types::address::frame::FrameAddress::from_frame_number` which is ignored because it is either declared outside the verus! macro or it is marked as `external`.
   --> src/kernel/src/mm/phys/frame.rs:112:15
    |
112 |         match FrameAddress::from_frame_number(frame_number) {
    |               ^^^^^^^^^^^^^^^^^^^^^^^^^^^^^^^^^^^^^^^^^^^^^
    |
    = help: The following declaration may resolve this error:
            pub assume_specification [crate::hal::mem::types::address::frame::FrameAddress::from_frame_number] (_0: arch::mem::paging::FrameNumber) -> core::result::Result<hal::mem::types::address::frame::FrameAddress, sys::error::Error>;

error: `arch::x86::mem::paging::frame::number::impl&%0::into_raw_value` is not supported (note: you may be able to add a Verus specification to this function with `assume_specification`)
   --> src/kernel/src/mm/phys/frame.rs:153:35
    |
153 |         let frame_number: usize = frame.into_frame_number().into_raw_value();
    |                                   ^^^^^^^^^^^^^^^^^^^^^^^^^^^^^^^^^^^^^^^^^^
...
195 |         let frame_number: usize = phys_addr.into_frame_number().into_raw_value();
    |                                   ----------------------------------------------
...
246 |         let start_frame_number: usize = region.start().into_frame_number().into_raw_value();
    |                                         ---------------------------------------------------
    |
    = help: The following declaration may resolve this error:
            pub assume_specification [arch::mem::paging::FrameNumber::into_raw_value] (_0: arch::mem::paging::FrameNumber) -> usize;

error: cannot use function `kernel::hal::mem::types::address::frame::FrameAddress::into_frame_number` which is ignored because it is either declared outside the verus! macro or it is marked as `external`.
   --> src/kernel/src/mm/phys/frame.rs:153:35
    |
153 |         let frame_number: usize = frame.into_frame_number().into_raw_value();
    |                                   ^^^^^^^^^^^^^^^^^^^^^^^^^
    |
    = help: The following declaration may resolve this error:
            pub assume_specification [crate::hal::mem::types::address::frame::FrameAddress::into_frame_number] (_0: crate::hal::mem::types::address::frame::FrameAddress) -> arch::mem::paging::FrameNumber;

error: cannot use function `kernel::hal::mem::types::address::phys::PhysicalAddress::into_frame_number` which is ignored because it is either declared outside the verus! macro or it is marked as `external`.
   --> src/kernel/src/mm/phys/frame.rs:195:35
    |
195 |         let frame_number: usize = phys_addr.into_frame_number().into_raw_value();
    |                                   ^^^^^^^^^^^^^^^^^^^^^^^^^^^^^
...
246 |         let start_frame_number: usize = region.start().into_frame_number().into_raw_value();
    |                                         ----------------------------------
    |
    = help: The following declaration may resolve this error:
            pub assume_specification [crate::hal::mem::types::address::phys::PhysicalAddress::into_frame_number] (_0: crate::hal::mem::types::address::phys::PhysicalAddress) -> arch::mem::paging::FrameNumber;

error: cannot use function `kernel::hal::mem::types::address::aligned::page::PageAligned::deref` which is ignored because it is either declared outside the verus! macro or it is marked as `external`.
   --> src/kernel/src/mm/phys/frame.rs:195:35
    |
195 |         let frame_number: usize = phys_addr.into_frame_number().into_raw_value();
    |                                   ^^^^^^^^^
...
246 |         let start_frame_number: usize = region.start().into_frame_number().into_raw_value();
    |                                         --------------
    |
    = help: The following declaration may resolve this error:
            pub assume_specification<T> [<crate::hal::mem::types::address::aligned::page::PageAligned<T> as core::ops::Deref>::crate::deref] (_0: &crate::hal::mem::types::address::aligned::page::PageAligned<T>) -> &<hal::mem::types::address::aligned::page::PageAligned<T> as core::ops::Deref>::Target
            where
            T: sys::mm::Address,;

error: cannot use function `kernel::hal::mem::types::region::TruncatedMemoryRegion::start` which is ignored because it is either declared outside the verus! macro or it is marked as `external`.
   --> src/kernel/src/mm/phys/frame.rs:246:41
    |
246 |         let start_frame_number: usize = region.start().into_frame_number().into_raw_value();
    |                                         ^^^^^^^^^^^^^^
...
274 |                     let region_start: usize = region.start().into_raw_value();
    |                                               --------------
    |
    = help: The following declaration may resolve this error:
            pub assume_specification<T> [crate::hal::mem::types::region::TruncatedMemoryRegion::<T>::start] (_0: &crate::hal::mem::types::region::TruncatedMemoryRegion<T>) -> crate::hal::mem::types::address::aligned::page::PageAligned<T>
            where
            T: sys::mm::Address,;

error: cannot use function `kernel::hal::mem::types::region::TruncatedMemoryRegion::size` which is ignored because it is either declared outside the verus! macro or it is marked as `external`.
   --> src/kernel/src/mm/phys/frame.rs:249:33
    |
249 |         let num_frames: usize = region.size() / mem::FRAME_SIZE;
    |                                 ^^^^^^^^^^^^^
...
275 |                     let region_end: usize = region_start.saturating_add(region.size());
    |                                                                         -------------
    |
    = help: The following declaration may resolve this error:
            pub assume_specification<T> [crate::hal::mem::types::region::TruncatedMemoryRegion::<T>::size] (_0: &crate::hal::mem::types::region::TruncatedMemoryRegion<T>) -> usize
            where
            T: sys::mm::Address,;

error: `arch::x86::mem::constants::FRAME_SIZE` is not supported (note: you may be able to add a Verus specification to this function with `assume_specification`)
   --> src/kernel/src/mm/phys/frame.rs:249:49
    |
249 |         let num_frames: usize = region.size() / mem::FRAME_SIZE;
    |                                                 ^^^^^^^^^^^^^^^
...
260 |                 let uncovered_addr: usize = index * mem::FRAME_SIZE;
    |                                                     ---------------
...
273 |                     let conflicting_addr: usize = index * mem::FRAME_SIZE;
    |                                                           ---------------

error: cannot use function `kernel::hal::mem::types::address::aligned::page::PageAligned::into_raw_value` which is ignored because it is either declared outside the verus! macro or it is marked as `external`.
   --> src/kernel/src/mm/phys/frame.rs:274:47
    |
274 |                     let region_start: usize = region.start().into_raw_value();
    |                                               ^^^^^^^^^^^^^^^^^^^^^^^^^^^^^^^
    |
    = help: The following declaration may resolve this error:
            pub assume_specification<T> [<crate::hal::mem::types::address::aligned::page::PageAligned<T> as sys::mm::Address>::crate::into_raw_value] (_0: crate::hal::mem::types::address::aligned::page::PageAligned<T>) -> usize
            where
            T: sys::mm::Address,;

error: `arch::x86::mem::paging::frame::number::FrameNumber` is not supported (note: you may be able to add a Verus specification to this type with the `external_type_specification` attribute)
   --> src/kernel/src/mm/phys/frame.rs:101:13
    |
101 |            let frame_number: FrameNumber = match FrameNumber::from_raw_value(frame_number) {
    |  ______________^^^^^^^^^^^^________________-     -----------------------------------------
102 | |              Some(frame_number) => frame_number,
    | |              ------------------    ------------
103 | |              None => {
    | | _____________----____-
104 | ||                 let reason: &str = "frame number is out of bounds";
105 | ||                 #[cfg(not(verus_keep_ghost))]
106 | ||                 error!("{reason:?}");
107 | ||                 return Err(Error::new(ErrorCode::OutOfMemory, reason));
108 | ||             },
    | ||_____________-
109 | |          };
    | |__________-
...
112 |            match FrameAddress::from_frame_number(frame_number) {
    |                                                  ------------
...
153 |            let frame_number: usize = frame.into_frame_number().into_raw_value();
    |                                      -------------------------
...
195 |            let frame_number: usize = phys_addr.into_frame_number().into_raw_value();
    |                                      -----------------------------
...
246 |            let start_frame_number: usize = region.start().into_frame_number().into_raw_value();
    |                                            ----------------------------------
    |
    = help: The following declaration may resolve this error:
            #[verifier::external_type_specification]
            pub struct ExFrameNumber(arch::mem::paging::FrameNumber);

warning: `kernel` (bin "kernel") generated 1 warning
error: could not compile `kernel` (bin "kernel") due to 11 previous errors; 1 warning emitted
