Timestamp: 2026-04-14_01-54-01
Mode: cargo
Crate: kernel
Directory: N/A
Module: mm::kheap
Exit code: 0
31 verified
0 errors

Cheating patterns:
  assume=0
  external_body=0
  admit=0
  trusted=0
  no_decreases=0

--- Full output ---
   Compiling kernel v0.12.378 (/home/ruize/verus-ai-exp/verus-ai/target-systems/nanvix-kheap0413/src/kernel)
note: verifying module mm::kheap

note: automatically chose triggers for this expression:
   --> src/kernel/src/mm/kheap.rs:347:25
    |
347 |                       &&& forall|t: nat| self@.has_free.dom().contains(t)
    |  _________________________^
348 | |                         && t != KheapView::tier_for_size(spec_layout_size(layout) as nat)
349 | |                         ==> self@.has_free[t] == old(self)@.has_free[t]
    | |_______________________________________________________________________^

note:   trigger 1 of 2:
   --> src/kernel/src/mm/kheap.rs:349:29
    |
349 |                         ==> self@.has_free[t] == old(self)@.has_free[t]
    |                             ^^^^^^^^^^^^^^^^^

note:   trigger 2 of 2:
   --> src/kernel/src/mm/kheap.rs:349:50
    |
349 |                         ==> self@.has_free[t] == old(self)@.has_free[t]
    |                                                  ^^^^^^^^^^^^^^^^^^^^^^

note: automatically chose triggers for this expression:
   --> src/kernel/src/mm/kheap.rs:437:13
    |
437 | /             forall|t: nat| self@.has_free.dom().contains(t)
438 | |                 && t != KheapView::tier_for_size(spec_layout_size(layout) as nat)
439 | |                 ==> self@.has_free[t] == old(self)@.has_free[t],
    | |_______________________________________________________________^

note:   trigger 1 of 2:
   --> src/kernel/src/mm/kheap.rs:439:21
    |
439 |                 ==> self@.has_free[t] == old(self)@.has_free[t],
    |                     ^^^^^^^^^^^^^^^^^

note:   trigger 2 of 2:
   --> src/kernel/src/mm/kheap.rs:439:42
    |
439 |                 ==> self@.has_free[t] == old(self)@.has_free[t],
    |                                          ^^^^^^^^^^^^^^^^^^^^^^

note: Verus printed one or more automatically chosen quantifier triggers
      because it had low confidence in the chosen triggers.
      To suppress these messages, do one of the following:
        (1) manually annotate a single desired trigger using #[trigger]
            (example: forall|i: int, j: int| f(i) && #[trigger] g(i) && #[trigger] h(j)),
        (2) manually annotate multiple desired triggers using #![trigger ...]
            (example: forall|i: int| #![trigger f(i)] #![trigger g(i)] f(i) && g(i)),
        (3) accept the automatically chosen trigger using #![auto]
            (example: forall|i: int, j: int| #![auto] f(i) && g(i) && h(j))
        (4) use the --triggers-mode silent command-line option to suppress all printing of triggers.
      (Note: triggers are used by the underlying SMT theorem prover to instantiate quantifiers;
      the theorem prover instantiates a quantifier whenever some expression matches the
      pattern specified by one of the quantifier's triggers.)
   --> src/kernel/src/mm/kheap.rs:437:13
    |
437 | /             forall|t: nat| self@.has_free.dom().contains(t)
438 | |                 && t != KheapView::tier_for_size(spec_layout_size(layout) as nat)
439 | |                 ==> self@.has_free[t] == old(self)@.has_free[t],
    | |_______________________________________________________________^

verification results:: 31 verified, 0 errors (partial verification with `--verify-*`)
    Finished `dev` profile [optimized + debuginfo] target(s) in 19.58s
