Timestamp: 2026-04-13_22-18-21
Mode: cargo
Crate: kernel
Directory: N/A
Module: mm::kheap
Exit code: 0
30 verified
0 errors

Cheating patterns:
  assume=0
  external_body=0
  admit=0
  trusted=0
  no_decreases=0

--- Full output ---
   Compiling kernel v0.12.378 (/home/ruize/verus-ai-exp/verus-ai/target-systems/nanvix-kheap0413/src/kernel)
note: verifying module mm::kheap

note: automatically chose triggers for this expression:
   --> src/kernel/src/mm/kheap.rs:360:25
    |
360 |                       &&& forall|t: nat| self@.has_free.dom().contains(t)
    |  _________________________^
361 | |                         && t != KheapView::tier_for_size(spec_layout_size(layout) as nat)
362 | |                         ==> self@.has_free[t] == old(self)@.has_free[t]
    | |_______________________________________________________________________^

note:   trigger 1 of 2:
   --> src/kernel/src/mm/kheap.rs:362:29
    |
362 |                         ==> self@.has_free[t] == old(self)@.has_free[t]
    |                             ^^^^^^^^^^^^^^^^^

note:   trigger 2 of 2:
   --> src/kernel/src/mm/kheap.rs:362:50
    |
362 |                         ==> self@.has_free[t] == old(self)@.has_free[t]
    |                                                  ^^^^^^^^^^^^^^^^^^^^^^

note: automatically chose triggers for this expression:
   --> src/kernel/src/mm/kheap.rs:417:17
    |
417 |                 assert forall|t: nat| self@.has_free.dom().contains(t)
    |                 ^^^^^^

note:   trigger 1 of 2:
   --> src/kernel/src/mm/kheap.rs:419:25
    |
419 |                 implies self@.has_free[t] == old(self)@.has_free[t] by {}
    |                         ^^^^^^^^^^^^^^^^^

note:   trigger 2 of 2:
   --> src/kernel/src/mm/kheap.rs:419:46
    |
419 |                 implies self@.has_free[t] == old(self)@.has_free[t] by {}
    |                                              ^^^^^^^^^^^^^^^^^^^^^^

note: automatically chose triggers for this expression:
   --> src/kernel/src/mm/kheap.rs:454:13
    |
454 | /             forall|t: nat| self@.has_free.dom().contains(t)
455 | |                 && t != KheapView::tier_for_size(spec_layout_size(layout) as nat)
456 | |                 ==> self@.has_free[t] == old(self)@.has_free[t],
    | |_______________________________________________________________^

note:   trigger 1 of 2:
   --> src/kernel/src/mm/kheap.rs:456:21
    |
456 |                 ==> self@.has_free[t] == old(self)@.has_free[t],
    |                     ^^^^^^^^^^^^^^^^^

note:   trigger 2 of 2:
   --> src/kernel/src/mm/kheap.rs:456:42
    |
456 |                 ==> self@.has_free[t] == old(self)@.has_free[t],
    |                                          ^^^^^^^^^^^^^^^^^^^^^^

note: Verus printed one or more automatically chosen quantifier triggers
      because it had low confidence in the chosen triggers.
      To suppress these messages, do one of the following:
        (1) manually annotate a single desired trigger using #[trigger]
            (example: forall|i: int, j: int| f(i) && #[trigger] g(i) && #[trigger] h(j)),
        (2) manually annotate multiple desired triggers using #![trigger ...]
            (example: forall|i: int| #![trigger f(i)] #![trigger g(i)] f(i) && g(i)),
        (3) accept the automatically chosen trigger using #![auto]
            (example: forall|i: int, j: int| #![auto] f(i) && g(i) && h(j))
        (4) use the --triggers-mode silent command-line option to suppress all printing of triggers.
      (Note: triggers are used by the underlying SMT theorem prover to instantiate quantifiers;
      the theorem prover instantiates a quantifier whenever some expression matches the
      pattern specified by one of the quantifier's triggers.)
   --> src/kernel/src/mm/kheap.rs:454:13
    |
454 | /             forall|t: nat| self@.has_free.dom().contains(t)
455 | |                 && t != KheapView::tier_for_size(spec_layout_size(layout) as nat)
456 | |                 ==> self@.has_free[t] == old(self)@.has_free[t],
    | |_______________________________________________________________^

verification results:: 30 verified, 0 errors (partial verification with `--verify-*`)
    Finished `dev` profile [optimized + debuginfo] target(s) in 11.57s
