Timestamp: 2026-04-04_05-14-07
Mode: cargo
Crate: bitmap
Directory: N/A
Module: <all>
Exit code: 0
0 verified
0 errors

Cheating patterns:
  assume=0
  external_body=0
  admit=0
  trusted=0
  no_decreases=0

--- Full output ---
   Compiling error v0.12.355 (/home/ruize/verus-ai-improve3/target-systems/nanvix-kheap0404/src/libs/error)
verification results:: 0 verified, 0 errors
   Compiling sys v0.12.355 (/home/ruize/verus-ai-improve3/target-systems/nanvix-kheap0404/src/libs/sys)
   Compiling raw-array v0.12.355 (/home/ruize/verus-ai-improve3/target-systems/nanvix-kheap0404/src/libs/raw-array)
verification results:: 0 verified, 0 errors
   Compiling bitmap v0.12.355 (/home/ruize/verus-ai-improve3/target-systems/nanvix-kheap0404/src/libs/bitmap)
verification results:: 69 verified, 0 errors
    Finished `dev` profile [optimized + debuginfo] target(s) in 3.18s
