Timestamp: 2026-04-24_20-58-30
Mode: cargo
Crate: kernel
Directory: N/A
Module: mm::phys::kpool
Exit code: 101
cached (no recompilation)
—

Cheating patterns:
  assume=0
  external_body=9
  admit=0
  trusted=0
  no_decreases=0
  cfg_gate=7

--- Full output ---
note: verifying root module

    Checking kernel v0.12.469 (/home/ruize/verus-ai-exp/verus-ai-phy-mm-0423/target-systems/nanvix/src/kernel)
warning: use of deprecated method `vstd::prelude::ResultAdditionalSpecFns::is_Ok`: is_Variant is deprecated - use `->` or `matches` instead: https://verus-lang.github.io/verus/guide/datatypes_enum.html
   --> src/kernel/src/hal/mem/types/address/phys.rs:264:16
    |
264 |         result.is_Ok(),
    |                ^^^^^
    |
    = note: `#[warn(deprecated)]` on by default

warning: use of deprecated method `vstd::prelude::ResultAdditionalSpecFns::is_Ok`: is_Variant is deprecated - use `->` or `matches` instead: https://verus-lang.github.io/verus/guide/datatypes_enum.html
  --> src/kernel/src/mm/phys/kpool.rs:83:16
   |
83 |         result.is_Ok(),
   |                ^^^^^

error: disallowed: field expression for a non-visible datatype
  --> src/kernel/src/mm/phys/kpool.proof.rs:21:13
   |
21 |           &&& self.base.inv()
   |               ^^^^^^^^^ this field expression is disallowed because of non-visibility
   |
  ::: src/kernel/src/mm/phys/kpool.rs:62:1
   |
62 | / struct Inner {
63 | |     /// Base address of the kernel pool.
64 | |     base: PageAligned<PhysicalAddress>,
65 | |     /// Bitmap of free frames.
66 | |     bitmap: Bitmap,
67 | | }
   | |_- this datatype is only visible to `kernel::mm::phys::kpool`
   |
   = help: note that because this is a pub open spec function, this field expression must be well-formed everywhere, which is wider than `kernel::mm::phys::kpool`

warning: `kernel` (bin "kernel") generated 2 warnings
error: could not compile `kernel` (bin "kernel") due to 1 previous error; 2 warnings emitted
