Timestamp: 2026-04-23_00-39-49
Mode: cargo
Crate: cache
Directory: N/A
Module: <all>
Exit code: 101
20 verified
1 errors

Cheating patterns:
  assume=0
  external_body=8
  admit=0
  trusted=0
  no_decreases=0
  cfg_gate=0

--- Full output ---
    Checking cache v0.12.457 (/home/ruize/verus-ai-exp/verus-ai-lru-0422/target-systems/nanvix/src/libs/cache)
error: postcondition not satisfied
   --> src/libs/cache/src/lib.proof.rs:484:9
    |
484 |           s.filter(|k: K| k != s[0]) =~= s.subrange(1, s.len() as int),
    |           ^^^^^^^^^^^^^^^^^^^^^^^^^^^^^^^^^^^^^^^^^^^^^^^^^^^^^^^^^^^^ failed this postcondition
...
493 | /     if s.len() == 1 {
494 | |         // Single element: filter removes it, subrange(1,1) is empty.
495 | |     } else {
496 | |         let n = s.len() as int;
...   |
533 | |         };
534 | |     }
    | |_____- at the end of the function body

note: recommendation not met
   --> src/libs/cache/src/lib.proof.rs:528:45
    |
528 |                     assert(lhs_prefix[i] == sub[1 + i]);
    |                                             ^^^^^^^^^^
    |
   ::: /home/ruize/.cargo/registry/src/index.crates.io-1949cf8c6b5b557f/vstd-0.0.0-2026-04-12-0118/seq.rs:62:13
    |
 62 |             0 <= i < self.len(),
    |             ------------------- recommendation not met

note: recommendation not met
   --> src/libs/cache/src/lib.proof.rs:529:28
    |
529 |                     assert(sub[1 + i] == s[1 + i]);
    |                            ^^^^^^^^^^
    |
   ::: /home/ruize/.cargo/registry/src/index.crates.io-1949cf8c6b5b557f/vstd-0.0.0-2026-04-12-0118/seq.rs:62:13
    |
 62 |             0 <= i < self.len(),
    |             ------------------- recommendation not met

note: automatically chose triggers for this expression:
  --> src/libs/cache/src/lib.proof.rs:75:5
   |
75 |     assert forall |x: K|
   |     ^^^^^^

note:   trigger 1 of 1:
  --> src/libs/cache/src/lib.proof.rs:76:9
   |
76 |         filtered.to_set().contains(x) implies s.to_set().remove(key).contains(x)
   |         ^^^^^^^^^^^^^^^^^^^^^^^^^^^^^

note: automatically chose triggers for this expression:
  --> src/libs/cache/src/lib.proof.rs:83:5
   |
83 |     assert forall |x: K|
   |     ^^^^^^

note:   trigger 1 of 1:
  --> src/libs/cache/src/lib.proof.rs:84:52
   |
84 |         s.to_set().remove(key).contains(x) implies filtered.to_set().contains(x)
   |                                                    ^^^^^^^^^^^^^^^^^^^^^^^^^^^^^

note: automatically chose triggers for this expression:
   --> src/libs/cache/src/lib.proof.rs:156:5
    |
156 |     assert forall |x: K|
    |     ^^^^^^

note:   trigger 1 of 1:
   --> src/libs/cache/src/lib.proof.rs:157:9
    |
157 |         sub.to_set().contains(x) implies s.to_set().remove(s[0]).contains(x)
    |         ^^^^^^^^^^^^^^^^^^^^^^^^

note: automatically chose triggers for this expression:
   --> src/libs/cache/src/lib.proof.rs:162:5
    |
162 |     assert forall |x: K|
    |     ^^^^^^

note:   trigger 1 of 1:
   --> src/libs/cache/src/lib.proof.rs:163:53
    |
163 |         s.to_set().remove(s[0]).contains(x) implies sub.to_set().contains(x)
    |                                                     ^^^^^^^^^^^^^^^^^^^^^^^^

note: automatically chose triggers for this expression:
   --> src/libs/cache/src/lib.proof.rs:521:13
    |
521 |             assert forall |i: int| 0 <= i < rhs.len()
    |             ^^^^^^

note:   trigger 1 of 1:
   --> src/libs/cache/src/lib.proof.rs:522:57
    |
522 |                 implies lhs_prefix.push(s.last())[i] == rhs[i]
    |                                                         ^^^^^^

note: Verus printed one or more automatically chosen quantifier triggers
      because it had low confidence in the chosen triggers.
      To suppress these messages, do one of the following:
        (1) manually annotate a single desired trigger using #[trigger]
            (example: forall|i: int, j: int| f(i) && #[trigger] g(i) && #[trigger] h(j)),
        (2) manually annotate multiple desired triggers using #![trigger ...]
            (example: forall|i: int| #![trigger f(i)] #![trigger g(i)] f(i) && g(i)),
        (3) accept the automatically chosen trigger using #![auto]
            (example: forall|i: int, j: int| #![auto] f(i) && g(i) && h(j))
        (4) use the --triggers-mode silent command-line option to suppress all printing of triggers.
      (Note: triggers are used by the underlying SMT theorem prover to instantiate quantifiers;
      the theorem prover instantiates a quantifier whenever some expression matches the
      pattern specified by one of the quantifier's triggers.)
   --> src/libs/cache/src/lib.proof.rs:521:13
    |
521 |             assert forall |i: int| 0 <= i < rhs.len()
    |             ^^^^^^

verification results:: 20 verified, 1 errors
error: could not compile `cache` (lib) due to 1 previous error
