Timestamp: 2026-04-24_21-45-03
Mode: cargo
Crate: kernel
Directory: N/A
Module: mm::phys::kpool
Exit code: 101
cached (no recompilation)
—

Cheating patterns:
  assume=0
  external_body=7
  admit=0
  trusted=0
  no_decreases=0
  cfg_gate=7

--- Full output ---
note: verifying root module

    Checking kernel v0.12.469 (/home/ruize/verus-ai-exp/verus-ai-phy-mm-0423/target-systems/nanvix/src/kernel)
error: assume_specification trait bound mismatch
   --> src/kernel/src/hal/mem/types/address/aligned/page.rs:224:1
    |
224 | pub assume_specification<T: Address + View<V = int>> [ <PageAligned<T> as Address>::into_raw_value ](self_: PageAligned<T>) -> (ret: usize)
    | ^^^^^^^^^^^^^^^^^^^^^^^^^^^^^^^^^^^^^^^^^^^^^^^^^^^^^^^^^^^^^^^^^^^^^^^^^^^^^^^^^^^^^^^^^^^^^^^^^^^^^^^^^^^^^^^^^^^^^^^^^^^^^^^^^^^^^^^^^^
    |
    = help: assume_specification requires function type signatures to match exactly, ignoring any Destruct trait bounds
            but the proxy function's trait bounds are:
              - T: core::marker::Sized
              - T: sys::mm::Address
              - T: vstd::string::View
              - <T as vstd::string::View>::V == vstd::prelude::int
            the external function's trait bounds are:
              - T: core::marker::Sized
              - T: sys::mm::Address

error: could not compile `kernel` (bin "kernel") due to 1 previous error
