Timestamp: 2026-04-24_23-41-16
Mode: cargo
Crate: kernel
Directory: N/A
Module: mm::phys::frame
Exit code: 101
cached (no recompilation)
—

Cheating patterns:
  assume=0
  external_body=18
  admit=7
  trusted=0
  no_decreases=0
  cfg_gate=7

--- Full output ---
note: verifying root module

    Checking kernel v0.12.469 (/home/ruize/verus-ai-exp/verus-ai-phy-mm-0423/target-systems/nanvix/src/kernel)
error: cannot call function `arch::x86::mem::paging::frame::number::impl&%0::into_raw_value` with mode exec
  --> src/kernel/src/mm/phys/frame.spec.rs:27:41
   |
27 |         result matches Some(fn_val) ==> fn_val.into_raw_value() == value,
   |                                         ^^^^^^^^^^^^^^^^^^^^^^^

error: could not compile `kernel` (bin "kernel") due to 1 previous error
