Timestamp: 2026-04-24_19-45-15
Mode: cargo
Crate: kernel
Directory: N/A
Module: mm::phys::upool
Exit code: 101
cached (no recompilation)
—

Cheating patterns:
  assume=0
  external_body=11
  admit=0
  trusted=0
  no_decreases=0
  cfg_gate=6

--- Full output ---
note: verifying root module

    Checking sys v0.12.469 (/home/ruize/verus-ai-exp/verus-ai-phy-mm-0423/target-systems/nanvix/src/libs/sys)
error: could not find module mm::phys::upool specified by --verify-module or --verify-only-module
       available modules are:
       - sys::mm::access
       - sys::mm::address
       - sys::mm::address::virt
       - sys::mm::alignment
       or use --verify-root

error: could not compile `sys` (lib) due to 1 previous error
