Timestamp: 2026-04-23_11-18-54
Mode: cargo
Crate: cache
Directory: N/A
Module: <all>
Exit code: 101
20 verified
3 errors

Cheating patterns:
  assume=0
  external_body=7
  admit=0
  trusted=0
  no_decreases=0
  cfg_gate=0

--- Full output ---
    Checking cache v0.12.457 (/home/ruize/verus-ai-exp/verus-ai-lru-0422/target-systems/nanvix/src/libs/cache)
error: precondition not satisfied
   --> src/libs/cache/src/lib.rs:500:17
    |
500 |                 Self::lemma_evict_view(self, key, old(self).entries, old(self).capacity);
    |                 ^^^^^^^^^^^^^^^^^^^^^^^^^^^^^^^^^^^^^^^^^^^^^^^^^^^^^^^^^^^^^^^^^^^^^^^^
    |
   ::: src/libs/cache/src/lib.proof.rs:574:13
    |
574 |             new_self.entries@ == old_entries@.remove(victim),
    |             ------------------------------------------------ failed precondition

note: function body check: not all errors may have been reported; rerun with a higher value for --multiple-errors to find other potential errors in this function
   --> src/libs/cache/src/lib.rs:217:5
    |
217 |     pub fn put(&mut self, key: K, value: V) {
    |     ^^^^^^^^^^^^^^^^^^^^^^^^^^^^^^^^^^^^^^^

error: assertion failed
   --> src/libs/cache/src/lib.rs:246:24
    |
246 |                   assert(self.entries@
    |  ________________________^
247 | |                     =~= old(self).entries@);
    | |__________________________________________^ assertion failed

error: assertion failed
   --> src/libs/cache/src/lib.rs:254:24
    |
254 |                 assert(!old(self)@.contents.dom().contains(key));
    |                        ^^^^^^^^^^^^^^^^^^^^^^^^^^^^^^^^^^^^^^^^ assertion failed

error: precondition not satisfied
   --> src/libs/cache/src/lib.rs:432:13
    |
432 |             Self::lemma_remove_view(self, *key, old(self).entries, old(self).capacity);
    |             ^^^^^^^^^^^^^^^^^^^^^^^^^^^^^^^^^^^^^^^^^^^^^^^^^^^^^^^^^^^^^^^^^^^^^^^^^^
    |
   ::: src/libs/cache/src/lib.proof.rs:445:13
    |
445 |             new_self.entries@ == old_entries@.remove(key),
    |             --------------------------------------------- failed precondition

note: automatically chose triggers for this expression:
  --> src/libs/cache/src/lib.proof.rs:75:5
   |
75 |     assert forall |x: K|
   |     ^^^^^^

note:   trigger 1 of 1:
  --> src/libs/cache/src/lib.proof.rs:76:9
   |
76 |         filtered.to_set().contains(x) implies s.to_set().remove(key).contains(x)
   |         ^^^^^^^^^^^^^^^^^^^^^^^^^^^^^

note: automatically chose triggers for this expression:
  --> src/libs/cache/src/lib.proof.rs:83:5
   |
83 |     assert forall |x: K|
   |     ^^^^^^

note:   trigger 1 of 1:
  --> src/libs/cache/src/lib.proof.rs:84:52
   |
84 |         s.to_set().remove(key).contains(x) implies filtered.to_set().contains(x)
   |                                                    ^^^^^^^^^^^^^^^^^^^^^^^^^^^^^

note: automatically chose triggers for this expression:
   --> src/libs/cache/src/lib.proof.rs:156:5
    |
156 |     assert forall |x: K|
    |     ^^^^^^

note:   trigger 1 of 1:
   --> src/libs/cache/src/lib.proof.rs:157:9
    |
157 |         sub.to_set().contains(x) implies s.to_set().remove(s[0]).contains(x)
    |         ^^^^^^^^^^^^^^^^^^^^^^^^

note: automatically chose triggers for this expression:
   --> src/libs/cache/src/lib.proof.rs:162:5
    |
162 |     assert forall |x: K|
    |     ^^^^^^

note:   trigger 1 of 1:
   --> src/libs/cache/src/lib.proof.rs:163:53
    |
163 |         s.to_set().remove(s[0]).contains(x) implies sub.to_set().contains(x)
    |                                                     ^^^^^^^^^^^^^^^^^^^^^^^^

note: Verus printed one or more automatically chosen quantifier triggers
      because it had low confidence in the chosen triggers.
      To suppress these messages, do one of the following:
        (1) manually annotate a single desired trigger using #[trigger]
            (example: forall|i: int, j: int| f(i) && #[trigger] g(i) && #[trigger] h(j)),
        (2) manually annotate multiple desired triggers using #![trigger ...]
            (example: forall|i: int| #![trigger f(i)] #![trigger g(i)] f(i) && g(i)),
        (3) accept the automatically chosen trigger using #![auto]
            (example: forall|i: int, j: int| #![auto] f(i) && g(i) && h(j))
        (4) use the --triggers-mode silent command-line option to suppress all printing of triggers.
      (Note: triggers are used by the underlying SMT theorem prover to instantiate quantifiers;
      the theorem prover instantiates a quantifier whenever some expression matches the
      pattern specified by one of the quantifier's triggers.)
   --> src/libs/cache/src/lib.proof.rs:162:5
    |
162 |     assert forall |x: K|
    |     ^^^^^^

verification results:: 20 verified, 3 errors
error: could not compile `cache` (lib) due to 4 previous errors
