Timestamp: 2026-04-22_22-45-25
Mode: cargo
Crate: cache
Directory: N/A
Module: <all>
Exit code: 101
cached (no recompilation)
—

Cheating patterns:
  assume=0
  external_body=9
  admit=0
  trusted=0
  no_decreases=0
  cfg_gate=0

--- Full output ---
    Checking cache v0.12.457 (/home/ruize/verus-ai-exp/verus-ai-lru-0422/target-systems/nanvix/src/libs/cache)
error[E0117]: only traits defined in the current crate can be implemented for types defined outside of the crate
  --> src/libs/cache/src/lib.vstd_btree.rs:38:1
   |
38 | impl<Key, Value, A: core::alloc::Allocator + Clone> View for alloc::collections::BTreeMap<Key, Value, A> {
   | ^^^^^^^^^^^^^^^^^^^^^^^^^^^^^^^^^^^^^^^^^^^^^^^^^^^^^^^^^^^^^-------------------------------------------
   |                                                              |
   |                                                              `alloc::collections::BTreeMap` is not defined in the current crate
   |
   = note: impl doesn't have any local type before any uncovered type parameters
   = note: for more information see https://doc.rust-lang.org/reference/items/implementations.html#orphan-rules
   = note: define and implement a trait or new type instead

For more information about this error, try `rustc --explain E0117`.
error: could not compile `cache` (lib) due to 1 previous error
