Timestamp: 2026-06-17_17-10-01
Mode: cargo
Crate: bitmap
Directory: N/A
Module: <all>
Exit code: 0
68 verified
0 errors

Cheating patterns:
  assume=0
  external_body=0
  admit=0
  trusted=0
  no_decreases=0
  cfg_gate=5

--- Full output ---
   Compiling config v0.16.17 (/home/ruize/nanvix-phy-specs/src/libs/config)
    Checking sysapi v0.16.17 (/home/ruize/nanvix-phy-specs/src/libs/sysapi)
    Checking error v0.16.17 (/home/ruize/nanvix-phy-specs/src/libs/error)
verification results:: 0 verified, 0 errors
    Checking sys v0.16.17 (/home/ruize/nanvix-phy-specs/src/libs/sys)
verification results:: 6 verified, 0 errors
    Checking raw-array v0.16.17 (/home/ruize/nanvix-phy-specs/src/libs/raw-array)
verification results:: 0 verified, 0 errors
    Checking bitmap v0.16.17 (/home/ruize/nanvix-phy-specs/src/libs/bitmap)
verification results:: 68 verified, 0 errors
    Finished `dev` profile [optimized + debuginfo] target(s) in 5.06s
