Using Verus installation at /home/ruize/toolchain/verus.
RUSTFLAGS="-C relocation-model=static -C prefer-dynamic=no" \
PATH="/home/ruize/toolchain/verus:$PATH" \
VERUS_AI_DIR="/home/ruize/verus-ai-exp/verus-ai" \
VERUS_EXTRA_CARGO_ARGS="--locked -Z build-std=core,alloc,compiler_builtins -Z build-std-features=compiler-builtins-mem -Z json-target-spec --target /home/ruize/nanvix-phy-specs/build/targets/x86-kernel.json" \
/home/ruize/nanvix-phy-specs/scripts/verify.sh --crate bitmap  --log-dir verus-ai-logs/verify-bitmap
=== Verus Verification (cargo mode) ===
  Crate     : bitmap
  Module    : <all>
  Source dir : /home/ruize/nanvix-phy-specs/src/libs/bitmap/src
  Channel   : <default>
  Extra args: --locked -Z build-std=core,alloc,compiler_builtins -Z build-std-features=compiler-builtins-mem -Z json-target-spec --target /home/ruize/nanvix-phy-specs/build/targets/x86-kernel.json
  Timestamp : 2026-06-15_08-07-32

note: verifying module sys::mm::address

note: verifying module sys::mm::address::virt

    Finished `dev` profile [optimized + debuginfo] target(s) in 0.23s

=== Results ===
  cached (no recompilation)
  —
  Exit code : 0

=== Cheating Pattern Check ===
  cheating: assume=0 external_body=0 admit=0 trusted=0 no_decreases=0 cfg_gate=5
  Detail: verus-ai-logs/verify-bitmap/verus-logs/cheating-detail.txt

=== Function Coverage ===
  ✅ All 11 exec functions have contracts.

=== Summary ===
  verification: cached (no recompilation), — (exit 0)
  cheating: assume=0 external_body=0 admit=0 trusted=0 no_decreases=0 cfg_gate=5
  coverage: 11/11 exec functions have contracts
  status: CHEATING_DETECTED

Log written to: verus-ai-logs/verify-bitmap/verus-logs/verus_2026-06-15_08-07-32.log
RUSTFLAGS="-C relocation-model=static -C prefer-dynamic=no" \
PATH="/home/ruize/toolchain/verus:$PATH" \
VERUS_AI_DIR="/home/ruize/verus-ai-exp/verus-ai" \
VERUS_EXTRA_CARGO_ARGS="--locked -Z build-std=core,alloc,compiler_builtins -Z build-std-features=compiler-builtins-mem -Z json-target-spec --target /home/ruize/nanvix-phy-specs/build/targets/x86-kernel.json" \
/home/ruize/nanvix-phy-specs/scripts/verify.sh --crate sys  --log-dir verus-ai-logs/verify-sys
=== Verus Verification (cargo mode) ===
  Crate     : sys
  Module    : <all>
  Source dir : /home/ruize/nanvix-phy-specs/src/libs/sys/src
  Channel   : <default>
  Extra args: --locked -Z build-std=core,alloc,compiler_builtins -Z build-std-features=compiler-builtins-mem -Z json-target-spec --target /home/ruize/nanvix-phy-specs/build/targets/x86-kernel.json
  Timestamp : 2026-06-15_08-07-33

note: verifying module sys::mm::address

note: verifying module sys::mm::address::virt

    Finished `dev` profile [optimized + debuginfo] target(s) in 0.23s

=== Results ===
  cached (no recompilation)
  —
  Exit code : 0

=== Cheating Pattern Check ===
  cheating: assume=0 external_body=0 admit=0 trusted=0 no_decreases=0 cfg_gate=1
  Detail: verus-ai-logs/verify-sys/verus-logs/cheating-detail.txt

=== Function Coverage ===
  2/255 exec functions have contracts.
  Unverified function list written to: verus-ai-logs/verify-sys/verus-logs/coverage-unverified.txt

=== Summary ===
  verification: cached (no recompilation), — (exit 0)
  cheating: assume=0 external_body=0 admit=0 trusted=0 no_decreases=0 cfg_gate=1
  coverage: 2/255 exec functions have contracts
  status: CHEATING_DETECTED

Log written to: verus-ai-logs/verify-sys/verus-logs/verus_2026-06-15_08-07-33.log
RUSTFLAGS="-C relocation-model=static -C prefer-dynamic=no" \
PATH="/home/ruize/toolchain/verus:$PATH" \
VERUS_AI_DIR="/home/ruize/verus-ai-exp/verus-ai" \
VERUS_EXTRA_CARGO_ARGS="--locked -Z build-std=core,alloc,compiler_builtins -Z build-std-features=compiler-builtins-mem -Z json-target-spec --target /home/ruize/nanvix-phy-specs/build/targets/x86-kernel.json" \
/home/ruize/nanvix-phy-specs/scripts/verify.sh --crate nanvix-slab  --log-dir verus-ai-logs/verify-nanvix-slab
=== Verus Verification (cargo mode) ===
  Crate     : nanvix-slab
  Module    : <all>
  Source dir : /home/ruize/nanvix-phy-specs/src/libs/slab/src
  Channel   : <default>
  Extra args: --locked -Z build-std=core,alloc,compiler_builtins -Z build-std-features=compiler-builtins-mem -Z json-target-spec --target /home/ruize/nanvix-phy-specs/build/targets/x86-kernel.json
  Timestamp : 2026-06-15_08-07-35

note: verifying module sys::mm::address

note: verifying module sys::mm::address::virt

    Finished `dev` profile [optimized + debuginfo] target(s) in 0.23s

=== Results ===
  cached (no recompilation)
  —
  Exit code : 0

=== Cheating Pattern Check ===
  cheating: assume=0 external_body=0 admit=0 trusted=0 no_decreases=0 cfg_gate=1
  Detail: verus-ai-logs/verify-nanvix-slab/verus-logs/cheating-detail.txt

=== Function Coverage ===
  ✅ All 3 exec functions have contracts.

=== Summary ===
  verification: cached (no recompilation), — (exit 0)
  cheating: assume=0 external_body=0 admit=0 trusted=0 no_decreases=0 cfg_gate=1
  coverage: 3/3 exec functions have contracts
  status: CHEATING_DETECTED

Log written to: verus-ai-logs/verify-nanvix-slab/verus-logs/verus_2026-06-15_08-07-35.log
RUSTFLAGS="-C relocation-model=static -C prefer-dynamic=no" \
PATH="/home/ruize/toolchain/verus:$PATH" \
VERUS_AI_DIR="/home/ruize/verus-ai-exp/verus-ai" \
VERUS_EXTRA_CARGO_ARGS="--locked -Z build-std=core,alloc,compiler_builtins -Z build-std-features=compiler-builtins-mem -Z json-target-spec --target /home/ruize/nanvix-phy-specs/build/targets/x86-kernel.json" \
/home/ruize/nanvix-phy-specs/scripts/verify.sh --crate bump-allocator  --log-dir verus-ai-logs/verify-bump-allocator
=== Verus Verification (cargo mode) ===
  Crate     : bump-allocator
  Module    : <all>
  Source dir : /home/ruize/nanvix-phy-specs/src/libs/bump_allocator/src
  Channel   : <default>
  Extra args: --locked -Z build-std=core,alloc,compiler_builtins -Z build-std-features=compiler-builtins-mem -Z json-target-spec --target /home/ruize/nanvix-phy-specs/build/targets/x86-kernel.json
  Timestamp : 2026-06-15_08-07-36

    Finished `dev` profile [optimized + debuginfo] target(s) in 0.22s

=== Results ===
  cached (no recompilation)
  —
  Exit code : 0

=== Cheating Pattern Check ===
  cheating: assume=0 external_body=2 admit=0 trusted=0 no_decreases=0 cfg_gate=0
  Detail: verus-ai-logs/verify-bump-allocator/verus-logs/cheating-detail.txt

=== Function Coverage ===
  3/6 exec functions have contracts.
  Unverified function list written to: verus-ai-logs/verify-bump-allocator/verus-logs/coverage-unverified.txt

=== Summary ===
  verification: cached (no recompilation), — (exit 0)
  cheating: assume=0 external_body=2 admit=0 trusted=0 no_decreases=0 cfg_gate=0
  coverage: 3/6 exec functions have contracts
  status: CHEATING_DETECTED

Log written to: verus-ai-logs/verify-bump-allocator/verus-logs/verus_2026-06-15_08-07-36.log
RUSTFLAGS="-C relocation-model=static -C prefer-dynamic=no" \
PATH="/home/ruize/toolchain/verus:$PATH" \
VERUS_AI_DIR="/home/ruize/verus-ai-exp/verus-ai" \
VERUS_EXTRA_CARGO_ARGS="--locked -Z build-std=core,alloc,compiler_builtins -Z build-std-features=compiler-builtins-mem -Z json-target-spec --target /home/ruize/nanvix-phy-specs/build/targets/x86-kernel.json" \
/home/ruize/nanvix-phy-specs/scripts/verify.sh --crate arch  --log-dir verus-ai-logs/verify-arch
=== Verus Verification (cargo mode) ===
  Crate     : arch
  Module    : <all>
  Source dir : /home/ruize/nanvix-phy-specs/src/libs/arch/src
  Channel   : <default>
  Extra args: --locked -Z build-std=core,alloc,compiler_builtins -Z build-std-features=compiler-builtins-mem -Z json-target-spec --target /home/ruize/nanvix-phy-specs/build/targets/x86-kernel.json
  Timestamp : 2026-06-15_08-07-37

note: verifying module sys::mm::address

note: verifying module sys::mm::address::virt

    Finished `dev` profile [optimized + debuginfo] target(s) in 0.23s

=== Results ===
  cached (no recompilation)
  —
  Exit code : 0

=== Cheating Pattern Check ===
  cheating: assume=0 external_body=3 admit=1 trusted=0 no_decreases=0 cfg_gate=4
  Detail: verus-ai-logs/verify-arch/verus-logs/cheating-detail.txt

=== Function Coverage ===
  18/525 exec functions have contracts.
  Unverified function list written to: verus-ai-logs/verify-arch/verus-logs/coverage-unverified.txt

=== Summary ===
  verification: cached (no recompilation), — (exit 0)
  cheating: assume=0 external_body=3 admit=1 trusted=0 no_decreases=0 cfg_gate=4
  coverage: 18/525 exec functions have contracts
  status: CHEATING_DETECTED

Log written to: verus-ai-logs/verify-arch/verus-logs/verus_2026-06-15_08-07-37.log
RUSTFLAGS="-C relocation-model=static -C prefer-dynamic=no" \
PATH="/home/ruize/toolchain/verus:$PATH" \
VERUS_AI_DIR="/home/ruize/verus-ai-exp/verus-ai" \
VERUS_EXTRA_CARGO_ARGS="--locked --features microvm,trace -Z build-std=core,alloc,compiler_builtins -Z build-std-features=compiler-builtins-mem -Z json-target-spec --target /home/ruize/nanvix-phy-specs/build/targets/x86-kernel.json" \
/home/ruize/nanvix-phy-specs/scripts/verify.sh --crate kernel  --log-dir verus-ai-logs/verify-kernel
=== Verus Verification (cargo mode) ===
  Crate     : kernel
  Module    : <all>
  Source dir : /home/ruize/nanvix-phy-specs/src/kernel/src
  Channel   : <default>
  Extra args: --locked --features microvm,trace -Z build-std=core,alloc,compiler_builtins -Z build-std-features=compiler-builtins-mem -Z json-target-spec --target /home/ruize/nanvix-phy-specs/build/targets/x86-kernel.json
  Timestamp : 2026-06-15_08-07-38

note: verifying module mm::phys

note: verifying module mm::phys::frame

note: verifying module mm::phys::kframe

note: verifying module mm::phys::manager

note: verifying module mm::phys::upool

note: automatically chose triggers for this expression:
   --> src/kernel/src/mm/phys/frame.proof.rs:344:9
    |
344 |         assert forall|a: int| post.allocated_frames.contains(a)
    |         ^^^^^^

note:   trigger 1 of 1:
   --> src/kernel/src/mm/phys/frame.proof.rs:344:31
    |
344 |         assert forall|a: int| post.allocated_frames.contains(a)
    |                               ^^^^^^^^^^^^^^^^^^^^^^^^^^^^^^^^^

note: automatically chose triggers for this expression:
   --> src/kernel/src/mm/phys/frame.proof.rs:352:9
    |
352 |         assert forall|a: int| pre.allocated_frames.insert(addr).contains(a)
    |         ^^^^^^

note:   trigger 1 of 1:
   --> src/kernel/src/mm/phys/frame.proof.rs:353:21
    |
353 |             implies post.allocated_frames.contains(a) by {
    |                     ^^^^^^^^^^^^^^^^^^^^^^^^^^^^^^^^^

note: automatically chose triggers for this expression:
   --> src/kernel/src/mm/phys/frame.proof.rs:364:9
    |
364 |         assert forall|a: int| post.free_frames.contains(a)
    |         ^^^^^^

note:   trigger 1 of 1:
   --> src/kernel/src/mm/phys/frame.proof.rs:364:31
    |
364 |         assert forall|a: int| post.free_frames.contains(a)
    |                               ^^^^^^^^^^^^^^^^^^^^^^^^^^^^

note: automatically chose triggers for this expression:
   --> src/kernel/src/mm/phys/frame.proof.rs:373:9
    |
373 |         assert forall|a: int| pre.free_frames.remove(addr).contains(a)
    |         ^^^^^^

note:   trigger 1 of 1:
   --> src/kernel/src/mm/phys/frame.proof.rs:374:21
    |
374 |             implies post.free_frames.contains(a) by {
    |                     ^^^^^^^^^^^^^^^^^^^^^^^^^^^^

note: automatically chose triggers for this expression:
   --> src/kernel/src/mm/phys/frame.proof.rs:466:9
    |
466 |         assert forall|a: int| post.allocated_frames.contains(a) implies pre.allocated_frames.union(
    |         ^^^^^^

note:   trigger 1 of 1:
   --> src/kernel/src/mm/phys/frame.proof.rs:466:31
    |
466 |         assert forall|a: int| post.allocated_frames.contains(a) implies pre.allocated_frames.union(
    |                               ^^^^^^^^^^^^^^^^^^^^^^^^^^^^^^^^^

note: automatically chose triggers for this expression:
   --> src/kernel/src/mm/phys/frame.proof.rs:477:9
    |
477 |         assert forall|a: int| pre.allocated_frames.union(frames).contains(a)
    |         ^^^^^^

note:   trigger 1 of 1:
   --> src/kernel/src/mm/phys/frame.proof.rs:478:21
    |
478 |             implies post.allocated_frames.contains(a) by {
    |                     ^^^^^^^^^^^^^^^^^^^^^^^^^^^^^^^^^

note: automatically chose triggers for this expression:
   --> src/kernel/src/mm/phys/frame.proof.rs:492:9
    |
492 |         assert forall|a: int| post.free_frames.contains(a) implies pre.free_frames.difference(
    |         ^^^^^^

note:   trigger 1 of 1:
   --> src/kernel/src/mm/phys/frame.proof.rs:492:31
    |
492 |         assert forall|a: int| post.free_frames.contains(a) implies pre.free_frames.difference(
    |                               ^^^^^^^^^^^^^^^^^^^^^^^^^^^^

note: automatically chose triggers for this expression:
   --> src/kernel/src/mm/phys/frame.proof.rs:509:9
    |
509 |         assert forall|a: int| pre.free_frames.difference(frames).contains(a)
    |         ^^^^^^

note:   trigger 1 of 1:
   --> src/kernel/src/mm/phys/frame.proof.rs:510:21
    |
510 |             implies post.free_frames.contains(a) by {
    |                     ^^^^^^^^^^^^^^^^^^^^^^^^^^^^

note: automatically chose triggers for this expression:
   --> src/kernel/src/mm/phys/frame.proof.rs:588:9
    |
588 |         assert forall|a: int| post.allocated_frames.contains(a)
    |         ^^^^^^

note:   trigger 1 of 1:
   --> src/kernel/src/mm/phys/frame.proof.rs:588:31
    |
588 |         assert forall|a: int| post.allocated_frames.contains(a)
    |                               ^^^^^^^^^^^^^^^^^^^^^^^^^^^^^^^^^

note: automatically chose triggers for this expression:
   --> src/kernel/src/mm/phys/frame.proof.rs:596:9
    |
596 |         assert forall|a: int| pre.allocated_frames.remove(addr).contains(a)
    |         ^^^^^^

note:   trigger 1 of 1:
   --> src/kernel/src/mm/phys/frame.proof.rs:597:21
    |
597 |             implies post.allocated_frames.contains(a) by {
    |                     ^^^^^^^^^^^^^^^^^^^^^^^^^^^^^^^^^

note: automatically chose triggers for this expression:
   --> src/kernel/src/mm/phys/frame.proof.rs:606:9
    |
606 |         assert forall|a: int| post.free_frames.contains(a)
    |         ^^^^^^

note:   trigger 1 of 1:
   --> src/kernel/src/mm/phys/frame.proof.rs:606:31
    |
606 |         assert forall|a: int| post.free_frames.contains(a)
    |                               ^^^^^^^^^^^^^^^^^^^^^^^^^^^^

note: automatically chose triggers for this expression:
   --> src/kernel/src/mm/phys/frame.proof.rs:615:9
    |
615 |         assert forall|a: int| pre.free_frames.insert(addr).contains(a)
    |         ^^^^^^

note:   trigger 1 of 1:
   --> src/kernel/src/mm/phys/frame.proof.rs:616:21
    |
616 |             implies post.free_frames.contains(a) by {
    |                     ^^^^^^^^^^^^^^^^^^^^^^^^^^^^

note: automatically chose triggers for this expression:
   --> src/kernel/src/mm/phys/frame.rs:160:37
    |
160 |   ...                   let i = choose|i: int|
    |  _______________________________^
161 | | ...                       0 <= i < pre_nb && !pre_sb.contains(i) && a == frame_addr_of(i);
    | |_________________________________________________________________________________________^

note:   trigger 1 of 1:
   --> src/kernel/src/mm/phys/frame.rs:161:80
    |
161 | ...                   0 <= i < pre_nb && !pre_sb.contains(i) && a == frame_addr_of(i);
    |                                                                      ^^^^^^^^^^^^^^^^

note: automatically chose triggers for this expression:
   --> src/kernel/src/mm/phys/frame.rs:431:25
    |
431 |                         assert forall|addr: int| frames.contains(addr) implies
    |                         ^^^^^^

note:   trigger 1 of 1:
   --> src/kernel/src/mm/phys/frame.rs:431:50
    |
431 |                         assert forall|addr: int| frames.contains(addr) implies
    |                                                  ^^^^^^^^^^^^^^^^^^^^^

note: automatically chose triggers for this expression:
   --> src/kernel/src/mm/phys/frame.rs:440:25
    |
440 |                         assert forall|addr: int|
    |                         ^^^^^^

note:   trigger 1 of 1:
   --> src/kernel/src/mm/phys/frame.rs:442:29
    |
442 | ...                   frames.contains(addr) by {
    |                       ^^^^^^^^^^^^^^^^^^^^^

note: automatically chose triggers for this expression:
   --> src/kernel/src/mm/phys/frame.rs:452:25
    |
452 |                         assert forall|addr: int| frames.contains(addr) implies
    |                         ^^^^^^

note:   trigger 1 of 1:
   --> src/kernel/src/mm/phys/frame.rs:452:50
    |
452 |                         assert forall|addr: int| frames.contains(addr) implies
    |                                                  ^^^^^^^^^^^^^^^^^^^^^

note: automatically chose triggers for this expression:
    --> src/kernel/src/mm/phys/frame.rs:1343:17
     |
1343 |                 assert forall|addr: int| frames.contains(addr) implies
     |                 ^^^^^^

note:   trigger 1 of 1:
    --> src/kernel/src/mm/phys/frame.rs:1343:42
     |
1343 |                 assert forall|addr: int| frames.contains(addr) implies
     |                                          ^^^^^^^^^^^^^^^^^^^^^

note: automatically chose triggers for this expression:
    --> src/kernel/src/mm/phys/frame.rs:1349:17
     |
1349 |                 assert forall|addr: int| spec_range_frames(lo, nfr).contains(addr) implies
     |                 ^^^^^^

note:   trigger 1 of 1:
    --> src/kernel/src/mm/phys/frame.rs:1350:21
     |
1350 |                     frames.contains(addr) by {
     |                     ^^^^^^^^^^^^^^^^^^^^^

note: automatically chose triggers for this expression:
    --> src/kernel/src/mm/phys/frame.rs:1357:17
     |
1357 |                 assert forall|addr: int| frames.contains(addr) implies
     |                 ^^^^^^

note:   trigger 1 of 1:
    --> src/kernel/src/mm/phys/frame.rs:1357:42
     |
1357 |                 assert forall|addr: int| frames.contains(addr) implies
     |                                          ^^^^^^^^^^^^^^^^^^^^^

note: Verus printed one or more automatically chosen quantifier triggers
      because it had low confidence in the chosen triggers.
      To suppress these messages, do one of the following:
        (1) manually annotate a single desired trigger using #[trigger]
            (example: forall|i: int, j: int| f(i) && #[trigger] g(i) && #[trigger] h(j)),
        (2) manually annotate multiple desired triggers using #![trigger ...]
            (example: forall|i: int| #![trigger f(i)] #![trigger g(i)] f(i) && g(i)),
        (3) accept the automatically chosen trigger using #![auto]
            (example: forall|i: int, j: int| #![auto] f(i) && g(i) && h(j))
        (4) use the --triggers-mode silent command-line option to suppress all printing of triggers.
      (Note: triggers are used by the underlying SMT theorem prover to instantiate quantifiers;
      the theorem prover instantiates a quantifier whenever some expression matches the
      pattern specified by one of the quantifier's triggers.)
    --> src/kernel/src/mm/phys/frame.rs:1357:17
     |
1357 |                 assert forall|addr: int| frames.contains(addr) implies
     |                 ^^^^^^

    Finished `dev` profile [optimized + debuginfo] target(s) in 0.23s

=== Results ===
  cached (no recompilation)
  —
  Exit code : 0

=== Cheating Pattern Check ===
  cheating: assume=0 external_body=19 admit=16 trusted=0 no_decreases=0 cfg_gate=19
  Detail: verus-ai-logs/verify-kernel/verus-logs/cheating-detail.txt

=== Function Coverage ===
  56/1026 exec functions have contracts.
  Unverified function list written to: verus-ai-logs/verify-kernel/verus-logs/coverage-unverified.txt

=== Summary ===
  verification: cached (no recompilation), — (exit 0)
  cheating: assume=0 external_body=19 admit=16 trusted=0 no_decreases=0 cfg_gate=19
  coverage: 56/1026 exec functions have contracts
  status: CHEATING_DETECTED

Log written to: verus-ai-logs/verify-kernel/verus-logs/verus_2026-06-15_08-07-38.log
