Timestamp: 2026-06-13_23-44-31
Mode: cargo
Crate: bump-allocator
Directory: N/A
Module: <all>
Exit code: 101
0 verified
compilation/setup error (verus did not run)

Cheating patterns:
  assume=0
  external_body=1
  admit=3
  trusted=0
  no_decreases=0
  cfg_gate=0

--- Full output ---
    Checking bump-allocator v0.16.17 (/home/ruize/nanvix-phy/src/libs/bump_allocator)
error[E0277]: the trait bound `&mut [u8; N]: core::marker::Copy` is not satisfied
    --> src/libs/bump_allocator/src/lib.rs:280:26
     |
 280 |                     &&& (slot as int) % (v.unit_align as int) == 0
     |                          ^^^^^^^^^^^ the trait `core::marker::Copy` is not implemented for `&mut [u8; N]`
     |
help: the trait `core::marker::Copy` is implemented for `[T; N]`
    --> /home/ruize/.rustup/toolchains/1.95.0-x86_64-unknown-linux-gnu/lib/rustlib/src/rust/library/core/src/array/mod.rs:441:1
     |
 441 | impl<T: Copy, const N: usize> Copy for [T; N] {}
     | ^^^^^^^^^^^^^^^^^^^^^^^^^^^^^^^^^^^^^^^^^^^^^
     = note: `core::marker::Copy` is implemented for `&[u8; N]`, but not for `&mut [u8; N]`
note: required by a bound in `vstd::prelude::spec_cast_integer`
    --> /home/ruize/.cargo/registry/src/index.crates.io-1949cf8c6b5b557f/verus_builtin-0.0.0-2026-05-17-0151/src/lib.rs:1103:38
     |
1103 | pub const fn spec_cast_integer<From: Copy, To: Integer>(_from: From) -> To {
     |                                      ^^^^ required by this bound in `spec_cast_integer`

error[E0277]: the trait bound `&mut [u8; N]: core::marker::Copy` is not satisfied
    --> src/libs/bump_allocator/src/lib.rs:281:35
     |
 281 |                     &&& v.base <= slot as int
     |                                   ^^^^^^^^^^^ the trait `core::marker::Copy` is not implemented for `&mut [u8; N]`
     |
help: the trait `core::marker::Copy` is implemented for `[T; N]`
    --> /home/ruize/.rustup/toolchains/1.95.0-x86_64-unknown-linux-gnu/lib/rustlib/src/rust/library/core/src/array/mod.rs:441:1
     |
 441 | impl<T: Copy, const N: usize> Copy for [T; N] {}
     | ^^^^^^^^^^^^^^^^^^^^^^^^^^^^^^^^^^^^^^^^^^^^^
     = note: `core::marker::Copy` is implemented for `&[u8; N]`, but not for `&mut [u8; N]`
note: required by a bound in `vstd::prelude::spec_cast_integer`
    --> /home/ruize/.cargo/registry/src/index.crates.io-1949cf8c6b5b557f/verus_builtin-0.0.0-2026-05-17-0151/src/lib.rs:1103:38
     |
1103 | pub const fn spec_cast_integer<From: Copy, To: Integer>(_from: From) -> To {
     |                                      ^^^^ required by this bound in `spec_cast_integer`

error[E0277]: the trait bound `&mut [u8; N]: core::marker::Copy` is not satisfied
    --> src/libs/bump_allocator/src/lib.rs:282:25
     |
 282 |                     &&& slot as int + (N as int) <= v.base + v.storage_size as int
     |                         ^^^^^^^^^^^ the trait `core::marker::Copy` is not implemented for `&mut [u8; N]`
     |
help: the trait `core::marker::Copy` is implemented for `[T; N]`
    --> /home/ruize/.rustup/toolchains/1.95.0-x86_64-unknown-linux-gnu/lib/rustlib/src/rust/library/core/src/array/mod.rs:441:1
     |
 441 | impl<T: Copy, const N: usize> Copy for [T; N] {}
     | ^^^^^^^^^^^^^^^^^^^^^^^^^^^^^^^^^^^^^^^^^^^^^
     = note: `core::marker::Copy` is implemented for `&[u8; N]`, but not for `&mut [u8; N]`
note: required by a bound in `vstd::prelude::spec_cast_integer`
    --> /home/ruize/.cargo/registry/src/index.crates.io-1949cf8c6b5b557f/verus_builtin-0.0.0-2026-05-17-0151/src/lib.rs:1103:38
     |
1103 | pub const fn spec_cast_integer<From: Copy, To: Integer>(_from: From) -> To {
     |                                      ^^^^ required by this bound in `spec_cast_integer`

For more information about this error, try `rustc --explain E0277`.
error: could not compile `bump-allocator` (lib) due to 3 previous errors
