Timestamp: 2026-06-13_23-50-05
Mode: cargo
Crate: bump-allocator
Directory: N/A
Module: <all>
Exit code: 101
0 verified
compilation/setup error (verus did not run)

Cheating patterns:
  assume=0
  external_body=1
  admit=3
  trusted=0
  no_decreases=0
  cfg_gate=0

--- Full output ---
    Checking bump-allocator v0.16.17 (/home/ruize/nanvix-phy/src/libs/bump_allocator)
warning: cannot use external trait bump_allocator::BssStorage as a bound without declaring the trait (use #[verifier::external_trait_specification] to declare the trait); this is a warning for now but will eventually be an error
   --> src/libs/bump_allocator/src/lib.rs:293:5
    |
293 |     pub fn alloc(&self) -> Result<&'static mut [u8; N], BumpAllocError> {
    |     ^^^^^^^^^^^^^^^^^^^^^^^^^^^^^^^^^^^^^^^^^^^^^^^^^^^^^^^^^^^^^^^^^^^

error: `bump_allocator::BssStorage::STORAGE_SIZE` is not supported (note: you may be able to add a Verus specification to this function with `assume_specification`)
   --> src/libs/bump_allocator/src/lib.rs:288:60
    |
288 |                     &&& a + (N as int) <= base_of::<S>() + S::STORAGE_SIZE as int
    |                                                            ^^^^^^^^^^^^^^^

error: cannot use type `bump_allocator::FixedSizeBumpAllocator` which is ignored because it is either declared outside the verus! macro or it is marked as `external`.
   --> src/libs/bump_allocator/src/lib.rs:293:18
    |
293 |     pub fn alloc(&self) -> Result<&'static mut [u8; N], BumpAllocError> {
    |                  ^^^^^

warning: `bump-allocator` (lib) generated 1 warning
error: could not compile `bump-allocator` (lib) due to 2 previous errors; 1 warning emitted
