Timestamp: 2026-06-13_23-33-31
Mode: cargo
Crate: bump-allocator
Directory: N/A
Module: <all>
Exit code: 101
0 verified
compilation/setup error (verus did not run)

Cheating patterns:
  assume=0
  external_body=0
  admit=3
  trusted=0
  no_decreases=0
  cfg_gate=0

--- Full output ---
    Checking bump-allocator v0.16.17 (/home/ruize/nanvix-phy/src/libs/bump_allocator)
error[E0061]: this method takes 1 argument but 0 arguments were supplied
    --> src/libs/bump_allocator/src/lib.spec.rs:156:39
     |
 156 |             allocated: self.next_slot.load() as nat,
     |                                       ^^^^-- argument #1 of type `core::sync::atomic::Ordering` is missing
     |
note: method defined here
    --> /home/ruize/.rustup/toolchains/1.95.0-x86_64-unknown-linux-gnu/lib/rustlib/src/rust/library/core/src/sync/atomic.rs:2842:20
     |
2842 |               pub fn load(&self, order: Ordering) -> $int_type {
     |                      ^^^^
...
3851 | / atomic_int_ptr_sized! {
3852 | |     "16" 2
3853 | |     "32" 4
3854 | |     "64" 8
3855 | | }
     | |_- in this macro invocation
     = note: this error originates in the macro `atomic_int` which comes from the expansion of the macro `atomic_int_ptr_sized` (in Nightly builds, run with -Z macro-backtrace for more info)
help: provide the argument
     |
 156 |             allocated: self.next_slot.load(/* core::sync::atomic::Ordering */) as nat,
     |                                            ++++++++++++++++++++++++++++++++++

For more information about this error, try `rustc --explain E0061`.
error: could not compile `bump-allocator` (lib) due to 1 previous error
