Timestamp: 2026-06-13_23-35-29
Mode: cargo
Crate: bump-allocator
Directory: N/A
Module: <all>
Exit code: 101
0 verified
compilation/setup error (verus did not run)

Cheating patterns:
  assume=0
  external_body=0
  admit=3
  trusted=0
  no_decreases=0
  cfg_gate=0

--- Full output ---
    Checking bump-allocator v0.16.17 (/home/ruize/nanvix-phy/src/libs/bump_allocator)
error[E0277]: the size for values of type `Self` cannot be known at compilation time
   --> src/libs/bump_allocator/src/lib.rs:200:40
    |
200 |             result as int == base_of::<Self>(),
    |                                        ^^^^ doesn't have a size known at compile-time
    |
note: required by an implicit `Sized` bound in `base_of`
   --> src/libs/bump_allocator/src/lib.spec.rs:41:30
    |
 41 | pub uninterp spec fn base_of<S: BssStorage>() -> int;
    |                              ^ required by the implicit `Sized` requirement on this type parameter in `base_of`
help: consider further restricting `Self`
    |
202 |     fn as_mut_ptr() -> *mut u8 where Self: core::marker::Sized;
    |                                +++++++++++++++++++++++++++++++
help: consider relaxing the implicit `Sized` restriction
   --> src/libs/bump_allocator/src/lib.spec.rs:41:43
    |
 41 | pub uninterp spec fn base_of<S: BssStorage + ?Sized>() -> int;
    |                                            ++++++++

For more information about this error, try `rustc --explain E0277`.
error: could not compile `bump-allocator` (lib) due to 1 previous error
