Timestamp: 2026-06-17_23-36-02
Mode: cargo
Crate: bump-allocator
Directory: N/A
Module: <all>
Exit code: 101
5 verified
1 errors

Cheating patterns:
  assume=0
  external_body=2
  admit=0
  trusted=0
  no_decreases=0
  cfg_gate=0

--- Full output ---
    Checking bump-allocator v0.16.17 (/home/ruize/nanvix-phy-specs/src/libs/bump_allocator)
error: assertion failed
  --> src/libs/bump_allocator/src/lib.proof.rs:63:58
   |
63 |           (0 <= i < cap && 0 <= j < cap && i != j) implies (#[trigger] v.slot_addr(i)) != (
   |  __________________________________________________________^
64 | |     #[trigger] v.slot_addr(j)) by {
   | |______________________________^ assertion failed

verification results:: 5 verified, 1 errors
error: could not compile `bump-allocator` (lib) due to 1 previous error
