Timestamp: 2026-06-13_23-35-40
Mode: cargo
Crate: bump-allocator
Directory: N/A
Module: <all>
Exit code: 0
4 verified
0 errors

Cheating patterns:
  assume=0
  external_body=0
  admit=3
  trusted=0
  no_decreases=0
  cfg_gate=0

--- Full output ---
    Checking bump-allocator v0.16.17 (/home/ruize/nanvix-phy/src/libs/bump_allocator)
warning: cannot use external trait bump_allocator::BssStorage as a bound without declaring the trait (use #[verifier::external_trait_specification] to declare the trait); this is a warning for now but will eventually be an error
  --> src/libs/bump_allocator/src/lib.spec.rs:41:1
   |
41 | pub uninterp spec fn base_of<S: BssStorage + ?Sized>() -> int;
   | ^^^^^^^^^^^^^^^^^^^^^^^^^^^^^^^^^^^^^^^^^^^^^^^^^^^^^^^^^^^^^

verification results:: 4 verified, 0 errors
warning: `bump-allocator` (lib) generated 1 warning
    Finished `dev` profile [optimized + debuginfo] target(s) in 0.73s
