Timestamp: 2026-06-13_23-32-01
Mode: cargo
Crate: bump-allocator
Directory: N/A
Module: <all>
Exit code: 101
0 verified
compilation/setup error (verus did not run)

Cheating patterns:
  assume=0
  external_body=0
  admit=3
  trusted=0
  no_decreases=0
  cfg_gate=0

--- Full output ---
    Checking bump-allocator v0.16.17 (/home/ruize/nanvix-phy/src/libs/bump_allocator)
error: The verifier does not yet support the following Rust feature: complex break expressions
   --> src/libs/bump_allocator/src/lib.rs:277:17
    |
277 |                 break current;
    |                 ^^^^^^^^^^^^^

error: could not compile `bump-allocator` (lib) due to 1 previous error
