Timestamp: 2026-06-13_23-47-04
Mode: cargo
Crate: bump-allocator
Directory: N/A
Module: <all>
Exit code: 101
0 verified
compilation/setup error (verus did not run)

Cheating patterns:
  assume=0
  external_body=1
  admit=3
  trusted=0
  no_decreases=0
  cfg_gate=0

--- Full output ---
    Checking bump-allocator v0.16.17 (/home/ruize/nanvix-phy/src/libs/bump_allocator)
warning: cannot use external trait bump_allocator::BssStorage as a bound without declaring the trait (use #[verifier::external_trait_specification] to declare the trait); this is a warning for now but will eventually be an error
   --> src/libs/bump_allocator/src/lib.spec.rs:171:5
    |
171 |     pub uninterp spec fn view(&self) -> BumpView;
    |     ^^^^^^^^^^^^^^^^^^^^^^^^^^^^^^^^^^^^^^^^^^^^

warning: cannot use external trait bump_allocator::BssStorage as a bound without declaring the trait (use #[verifier::external_trait_specification] to declare the trait); this is a warning for now but will eventually be an error
   --> src/libs/bump_allocator/src/lib.rs:288:5
    |
288 |     pub fn alloc(&self) -> Result<&'static mut [u8; N], BumpAllocError> {
    |     ^^^^^^^^^^^^^^^^^^^^^^^^^^^^^^^^^^^^^^^^^^^^^^^^^^^^^^^^^^^^^^^^^^^

error: cannot use type `bump_allocator::BumpAllocError` which is ignored because it is either declared outside the verus! macro or it is marked as `external`.
   --> src/libs/bump_allocator/src/lib.rs:288:28
    |
273 |             match result {
    |                   ------
274 |                 Ok(slot) => {
    |                 --------
...
285 |                 Err(_) => true,
    |                 ------
...
288 |     pub fn alloc(&self) -> Result<&'static mut [u8; N], BumpAllocError> {
    |                            ^^^^^^^^^^^^^^^^^^^^^^^^^^^^^^^^^^^^^^^^^^^^

error: cannot use type `bump_allocator::FixedSizeBumpAllocator` which is ignored because it is either declared outside the verus! macro or it is marked as `external`.
   --> src/libs/bump_allocator/src/lib.spec.rs:171:31
    |
171 |     pub uninterp spec fn view(&self) -> BumpView;
    |                               ^^^^^
    |
   ::: src/libs/bump_allocator/src/lib.rs:271:13
    |
271 |             self.view().inv(),
    |             ----
...
275 |                     let v = self.view();
    |                             ----
...
288 |     pub fn alloc(&self) -> Result<&'static mut [u8; N], BumpAllocError> {
    |                  -----

warning: `bump-allocator` (lib) generated 2 warnings
error: could not compile `bump-allocator` (lib) due to 2 previous errors; 2 warnings emitted
