Timestamp: 2026-06-14_07-43-50
Mode: cargo
Crate: sys
Directory: N/A
Module: mm::address
Exit code: 101
0 verified
compilation/setup error (verus did not run)

Cheating patterns:
  assume=0
  external_body=0
  admit=0
  trusted=0
  no_decreases=0
  cfg_gate=1

--- Full output ---
    Checking sys v0.16.17 (/home/ruize/nanvix-phy/src/libs/sys)
error: could not find module mm::address specified by --verify-module or --verify-only-module
       available modules are:
       - sys::mm::access
       - sys::mm::address
       - sys::mm::address::virt
       - sys::mm::alignment
       or use --verify-root

error: could not compile `sys` (lib) due to 1 previous error
