Timestamp: 2026-06-15_05-43-43
Mode: cargo
Crate: sys
Directory: N/A
Module: <all>
Exit code: 101
0 verified
compilation/setup error (verus did not run)

Cheating patterns:
  assume=0
  external_body=0
  admit=0
  trusted=0
  no_decreases=0
  cfg_gate=0

--- Full output ---
    Checking sys v0.16.17 (/home/ruize/nanvix-phy-specs-bottom-up/src/libs/sys)
error: In order to verify any items of this trait impl, the entire impl must be verified. Try wrapping the entire impl in the `verus!` macro.
   --> src/libs/sys/src/sys/mm/address/virt.rs:167:1
    |
167 | / impl Address for VirtualAddress {
168 | |     ///
169 | |     /// # Description
170 | |     ///
...   |
269 | | }
    | |_^

error: could not compile `sys` (lib) due to 1 previous error
