Timestamp: 2026-06-15_15-23-16
Mode: cargo
Crate: sys
Directory: N/A
Module: <all>
Exit code: 101
0 verified
compilation/setup error (verus did not run)

Cheating patterns:
  assume=0
  external_body=0
  admit=0
  trusted=0
  no_decreases=0
  cfg_gate=0

--- Full output ---
    Checking sys v0.16.17 (/home/ruize/nanvix-phy/src/libs/sys)
error[E0425]: cannot find function `new` in this scope
  --> src/libs/sys/src/sys/mm/address/virt.rs:52:12
   |
52 |     pub fn new(value: usize) -> Self {
   |            ^^^ not found in this scope

For more information about this error, try `rustc --explain E0425`.
error: could not compile `sys` (lib) due to 1 previous error
