Timestamp: 2026-06-15_15-17-53
Mode: cargo
Crate: sys
Directory: N/A
Module: <all>
Exit code: 101
0 verified
compilation/setup error (verus did not run)

Cheating patterns:
  assume=0
  external_body=0
  admit=0
  trusted=0
  no_decreases=0
  cfg_gate=0

--- Full output ---
    Checking sys v0.16.17 (/home/ruize/nanvix-phy/src/libs/sys)
error[E0425]: cannot find function `new` in this scope
  --> src/libs/sys/src/sys/mm/address/virt.rs:53:18
   |
53 |     pub const fn new(value: usize) -> Self {
   |                  ^^^ not found in this scope

error[E0425]: cannot find function `from_raw_value` in this scope
  --> src/libs/sys/src/sys/mm/address/virt.rs:71:12
   |
71 |     pub fn from_raw_value(raw_addr: usize) -> Self {
   |            ^^^^^^^^^^^^^^ not found in this scope

For more information about this error, try `rustc --explain E0425`.
error: could not compile `sys` (lib) due to 2 previous errors
