Timestamp: 2026-06-14_07-52-21
Mode: cargo
Crate: sys
Directory: N/A
Module: sys::mm::address
Exit code: 0
2 verified
0 errors

Cheating patterns:
  assume=0
  external_body=0
  admit=0
  trusted=0
  no_decreases=0
  cfg_gate=1

--- Full output ---
    Checking sys v0.16.17 (/home/ruize/nanvix-phy/src/libs/sys)
note: verifying module sys::mm::address

note: verifying module sys::mm::address::virt

verification results:: 2 verified, 0 errors (partial verification with `--verify-*`)
    Finished `dev` profile [optimized + debuginfo] target(s) in 0.92s
