Timestamp: 2026-06-15_18-26-41
Mode: cargo
Crate: sys
Directory: N/A
Module: sys::mm::address
Exit code: 101
0 verified
compilation/setup error (verus did not run)

Cheating patterns:
  assume=0
  external_body=0
  admit=0
  trusted=0
  no_decreases=0
  cfg_gate=0

--- Full output ---
    Checking sys v0.16.17 (/home/ruize/nanvix-phy/src/libs/sys)
error: found a cyclic self-reference in a definition, which may result in nontermination
   --> src/libs/sys/src/sys/mm/address/mod.rs:66:5
    |
 36 | / pub trait Address
 37 | | where
 38 | |     Self: core::fmt::Debug + Clone + Copy + PartialEq + Eq + PartialOrd + Ord,
...   |
 66 | |     fn from_raw_value(raw_addr: usize) -> Result<Self, Error>;
    | |     ^^^^^^^^^^^^^^^^^^^^^^^^^^^^^^^^^^^^^^^^^^^^^^^^^^^^^^^^^^ may be part of cycle (node 1 of 3 in cycle): function definition, whose body may have dependencies
...   |
148 | |     fn as_mut_ptr(&self) -> *mut u8;
149 | | }
    | |_- may be part of cycle (node 3 of 3 in cycle): declaration of trait
    |
   ::: src/libs/sys/src/sys/mm/address/mod.spec.rs:34:1
    |
 34 |   pub uninterp spec fn spec_addr<T: Address>(addr: &T) -> int;
    |   ----------------------------------------------------------- may be part of cycle (node 2 of 3 in cycle): function definition, whose body may have dependencies

error: could not compile `sys` (lib) due to 1 previous error
